Archive member included because of file (symbol)

/usr/local/share/sancus-support/lib/libsm-io.a(sm_io.c.o)
                              /home/fritz/git/github/sancus-riot/examples/secure_threads/bin/sancus-msp430/cpu/startup.o (putchar)
/usr/local/share/sancus-compiler/lib/libsancus-sm-support.a(sm_support.c.o)
                              /home/fritz/git/github/sancus-riot/examples/secure_threads/bin/sancus-msp430/application_hello-world/main.o (sancus_enable)
/usr/local/share/sancus-compiler/lib/libsancus-host-support.a(unprotected_entry.s.o)
                              /home/fritz/git/github/sancus-riot/examples/secure_threads/bin/sancus-msp430/application_hello-world/main.o (__unprotected_sp)
/usr/lib/gcc/msp430/4.6.3/libgcc.a(_mulhi3.o)
                              /home/fritz/git/github/sancus-riot/examples/secure_threads/bin/sancus-msp430/core/sched.o (__mulhi3)
/usr/lib/gcc/msp430/4.6.3/libgcc.a(_muldi3.o)
                              /home/fritz/git/github/sancus-riot/examples/secure_threads/bin/sancus-msp430/div/div.o (__muldi3)
/usr/lib/gcc/msp430/4.6.3/libgcc.a(_divmod16.o)
                              /home/fritz/git/github/sancus-riot/examples/secure_threads/bin/sancus-msp430/periph_common/rtc.o (__modhi3)
/usr/lib/gcc/msp430/4.6.3/libgcc.a(_udivmod16.o)
                              /usr/lib/gcc/msp430/4.6.3/libgcc.a(_divmod16.o) (__ext_udivmod16)
/usr/msp430/lib/libc.a(memcpy.o)
                              /home/fritz/git/github/sancus-riot/examples/secure_threads/bin/sancus-msp430/core/ringbuffer.o (memcpy)
/usr/msp430/lib/libc.a(memset.o)
                              /home/fritz/git/github/sancus-riot/examples/secure_threads/bin/sancus-msp430/core/lifo.o (memset)
/usr/msp430/lib/libc.a(printf.o)
                              /home/fritz/git/github/sancus-riot/examples/secure_threads/bin/sancus-msp430/cpu/startup.o (printf)
/usr/msp430/lib/libc.a(vuprintf.o)
                              /usr/msp430/lib/libc.a(printf.o) (vuprintf)
/usr/msp430/lib/libc.a(puts.o)
                              /home/fritz/git/github/sancus-riot/examples/secure_threads/bin/sancus-msp430/board/board_init.o (puts)
/usr/msp430/lib/libc.a(div.o)
                              /home/fritz/git/github/sancus-riot/examples/secure_threads/bin/sancus-msp430/periph_common/rtc.o (div)
/usr/msp430/lib/libc.a(exit.o)
                              /tmp/tmp3vtivctr.o (exit)
/usr/lib/gcc/msp430/4.6.3/libgcc.a(_udivmod32.o)
                              /usr/msp430/lib/libc.a(vuprintf.o) (__udivsi3)
/usr/lib/gcc/msp430/4.6.3/libgcc.a(_udivmod64.o)
                              /usr/msp430/lib/libc.a(vuprintf.o) (__udivdi3)
/usr/lib/gcc/msp430/4.6.3/libcrt0.a(_reset_vector__.o)
                              /usr/lib/gcc/msp430/4.6.3/crt0ivtbl16.o (_reset_vector__)
/usr/lib/gcc/msp430/4.6.3/libcrt0.a(__watchdog_support.o)
                              /usr/lib/gcc/msp430/4.6.3/libcrt0.a(_reset_vector__.o) (__watchdog_support)
/usr/lib/gcc/msp430/4.6.3/libcrt0.a(__init_stack.o)
                              /usr/lib/gcc/msp430/4.6.3/libcrt0.a(_reset_vector__.o) (__init_stack)
/usr/lib/gcc/msp430/4.6.3/libcrt0.a(__low_level_init.o)
                              /usr/lib/gcc/msp430/4.6.3/libcrt0.a(_reset_vector__.o) (__low_level_init)
/usr/lib/gcc/msp430/4.6.3/libcrt0.a(_copy_data.o)
                              /usr/lib/gcc/msp430/4.6.3/libcrt0.a(_reset_vector__.o) (__do_copy_data)
/usr/lib/gcc/msp430/4.6.3/libcrt0.a(_clear_bss.o)
                              /usr/lib/gcc/msp430/4.6.3/libcrt0.a(_reset_vector__.o) (__do_clear_bss)
/usr/lib/gcc/msp430/4.6.3/libcrt0.a(__stop_progExec__.o)
                              /usr/lib/gcc/msp430/4.6.3/libcrt0.a(_reset_vector__.o) (__stop_progExec__)
/usr/lib/gcc/msp430/4.6.3/libcrt0.a(_endless_loop__.o)
                              /usr/lib/gcc/msp430/4.6.3/libcrt0.a(_reset_vector__.o) (_endless_loop__)
/usr/lib/gcc/msp430/4.6.3/libcrt0.a(_unexpected_.o)
                              /usr/lib/gcc/msp430/4.6.3/crt0ivtbl16.o (_unexpected_)
/usr/lib/gcc/msp430/4.6.3/libcrt0.a(_ctors430.o)
                              /home/fritz/git/github/sancus-riot/examples/secure_threads/bin/sancus-msp430/cpu/startup.o (__do_global_ctors)

Discarded input sections

 .data          0x0000000000000000        0x0 /usr/lib/gcc/msp430/4.6.3/crt0ivtbl16.o
 .bss           0x0000000000000000        0x0 /usr/lib/gcc/msp430/4.6.3/crt0ivtbl16.o
 .text.crt0     0x0000000000000000        0x0 /usr/lib/gcc/msp430/4.6.3/crt0ivtbl16.o
 .data          0x0000000000000000        0x0 /home/fritz/git/github/sancus-riot/examples/secure_threads/bin/sancus-msp430/cpu/startup.o
 .bss           0x0000000000000000        0x0 /home/fritz/git/github/sancus-riot/examples/secure_threads/bin/sancus-msp430/cpu/startup.o
 .data          0x0000000000000000        0x0 /home/fritz/git/github/sancus-riot/examples/secure_threads/bin/sancus-msp430/cpu/startup.o
[...]
Memory Configuration

Name             Origin             Length             Attributes
sfr              0x0000000000000000 0x0000000000000010
peripheral_8bit  0x0000000000000010 0x00000000000000f0
peripheral_16bit 0x0000000000000100 0x0000000000000100
ram              0x0000000000000200 0x0000000000004000 xw
rom              0x0000000000005c00 0x000000000000a3e0 xr
vectors          0x000000000000ffe0 0x0000000000000020
bsl              0x0000000000000000 0x0000000000000000
infomem          0x0000000000000000 0x0000000000000000
infob            0x0000000000000000 0x0000000000000000
infoa            0x0000000000000000 0x0000000000000000
infoc            0x0000000000000000 0x0000000000000000
infod            0x0000000000000000 0x0000000000000000
ram2             0x0000000000000000 0x0000000000000000 xw
ram_mirror       0x0000000000000000 0x0000000000000000 xw
usbram           0x0000000000000000 0x0000000000000000 xw
far_rom          0x0000000000000000 0x0000000000000000
*default*        0x0000000000000000 0xffffffffffffffff

Linker script and memory map

LOAD /usr/lib/gcc/msp430/4.6.3/crt0ivtbl16.o
LOAD /home/fritz/git/github/sancus-riot/examples/secure_threads/bin/sancus-msp430/cpu/startup.o
LOAD /home/fritz/git/github/sancus-riot/examples/secure_threads/bin/sancus-msp430/cpu/startup.o
LOAD /home/fritz/git/github/sancus-riot/examples/secure_threads/bin/sancus-msp430/cpu/startup.o
LOAD /home/fritz/git/github/sancus-riot/examples/secure_threads/bin/sancus-msp430/application_hello-world/main.o
LOAD /home/fritz/git/github/sancus-riot/examples/secure_threads/bin/sancus-msp430/auto_init/auto_init.o
LOAD /home/fritz/git/github/sancus-riot/examples/secure_threads/bin/sancus-msp430/board/board_init.o
LOAD /home/fritz/git/github/sancus-riot/examples/secure_threads/bin/sancus-msp430/board/uart.o
LOAD /home/fritz/git/github/sancus-riot/examples/secure_threads/bin/sancus-msp430/core/panic.o
LOAD /home/fritz/git/github/sancus-riot/examples/secure_threads/bin/sancus-msp430/core/bitarithm.o
LOAD /home/fritz/git/github/sancus-riot/examples/secure_threads/bin/sancus-msp430/core/sched.o
LOAD /home/fritz/git/github/sancus-riot/examples/secure_threads/bin/sancus-msp430/core/clist.o
LOAD /home/fritz/git/github/sancus-riot/examples/secure_threads/bin/sancus-msp430/core/mutex.o
LOAD /home/fritz/git/github/sancus-riot/examples/secure_threads/bin/sancus-msp430/core/lifo.o
LOAD /home/fritz/git/github/sancus-riot/examples/secure_threads/bin/sancus-msp430/core/cond.o
LOAD /home/fritz/git/github/sancus-riot/examples/secure_threads/bin/sancus-msp430/core/rmutex.o
LOAD /home/fritz/git/github/sancus-riot/examples/secure_threads/bin/sancus-msp430/core/ringbuffer.o
LOAD /home/fritz/git/github/sancus-riot/examples/secure_threads/bin/sancus-msp430/core/priority_queue.o
LOAD /home/fritz/git/github/sancus-riot/examples/secure_threads/bin/sancus-msp430/core/kernel_init.o
LOAD /home/fritz/git/github/sancus-riot/examples/secure_threads/bin/sancus-msp430/core/atomic_sync.o
LOAD /home/fritz/git/github/sancus-riot/examples/secure_threads/bin/sancus-msp430/core/thread.o
LOAD /home/fritz/git/github/sancus-riot/examples/secure_threads/bin/sancus-msp430/core/assert.o
LOAD /home/fritz/git/github/sancus-riot/examples/secure_threads/bin/sancus-msp430/core/msg.o
LOAD /home/fritz/git/github/sancus-riot/examples/secure_threads/bin/sancus-msp430/cpu/evaluation_helper.o
LOAD /home/fritz/git/github/sancus-riot/examples/secure_threads/bin/sancus-msp430/cpu/msp430_stdio.o
LOAD /home/fritz/git/github/sancus-riot/examples/secure_threads/bin/sancus-msp430/cpu/irq.o
LOAD /home/fritz/git/github/sancus-riot/examples/secure_threads/bin/sancus-msp430/cpu/msp430-main.o
LOAD /home/fritz/git/github/sancus-riot/examples/secure_threads/bin/sancus-msp430/cpu/sancus_helpers.o
LOAD /home/fritz/git/github/sancus-riot/examples/secure_threads/bin/sancus-msp430/cpu/cpu.o
LOAD /home/fritz/git/github/sancus-riot/examples/secure_threads/bin/sancus-msp430/cpu/mspgcc-supplement.o
LOAD /home/fritz/git/github/sancus-riot/examples/secure_threads/bin/sancus-msp430/cpu/malloc.o
LOAD /home/fritz/git/github/sancus-riot/examples/secure_threads/bin/sancus-msp430/cpu/sm_irq.o
LOAD /home/fritz/git/github/sancus-riot/examples/secure_threads/bin/sancus-msp430/cpu/startup.o
LOAD /home/fritz/git/github/sancus-riot/examples/secure_threads/bin/sancus-msp430/div/div.o
LOAD /home/fritz/git/github/sancus-riot/examples/secure_threads/bin/sancus-msp430/oneway_malloc/oneway-malloc.o
LOAD /home/fritz/git/github/sancus-riot/examples/secure_threads/bin/sancus-msp430/periph/timer.o
LOAD /home/fritz/git/github/sancus-riot/examples/secure_threads/bin/sancus-msp430/secure_mintimer/secure_mintimer_core.o
LOAD /home/fritz/git/github/sancus-riot/examples/secure_threads/bin/sancus-msp430/stdio_uart/stdio_uart.o
LOAD /home/fritz/git/github/sancus-riot/examples/secure_threads/bin/sancus-msp430/periph_common/gpio_util.o
LOAD /home/fritz/git/github/sancus-riot/examples/secure_threads/bin/sancus-msp430/periph_common/init.o
LOAD /home/fritz/git/github/sancus-riot/examples/secure_threads/bin/sancus-msp430/periph_common/flashpage.o
LOAD /home/fritz/git/github/sancus-riot/examples/secure_threads/bin/sancus-msp430/periph_common/pm.o
LOAD /home/fritz/git/github/sancus-riot/examples/secure_threads/bin/sancus-msp430/periph_common/i2c.o
LOAD /home/fritz/git/github/sancus-riot/examples/secure_threads/bin/sancus-msp430/periph_common/cpuid.o
LOAD /home/fritz/git/github/sancus-riot/examples/secure_threads/bin/sancus-msp430/periph_common/spi.o
LOAD /home/fritz/git/github/sancus-riot/examples/secure_threads/bin/sancus-msp430/periph_common/eeprom.o
LOAD /home/fritz/git/github/sancus-riot/examples/secure_threads/bin/sancus-msp430/periph_common/rtc.o
LOAD /home/fritz/git/github/sancus-riot/examples/secure_threads/bin/sancus-msp430/periph_common/timer.o
LOAD /tmp/tmpk4rkkrpj.o
LOAD /tmp/tmp3vtivctr.o
LOAD /tmp/tmp1zrlw2l1.o
LOAD /tmp/tmpse951pzk.o
LOAD /tmp/tmpbv1et80j.o
LOAD /tmp/tmpmkpiuxgm.o
LOAD /tmp/tmp622cmbeh.o
LOAD /tmp/tmpvkydoldo.o
LOAD /tmp/tmpgxf3t30q.o
LOAD /tmp/tmpqq7f46ya.o
LOAD /tmp/tmp_y55k_s2.o
LOAD /tmp/tmpm5ghzym_.o
LOAD /tmp/tmp3t3l66s2.o
START GROUP
LOAD /home/fritz/git/github/sancus-riot/examples/secure_threads/bin/sancus-msp430/application_hello-world.a
LOAD /home/fritz/git/github/sancus-riot/examples/secure_threads/bin/sancus-msp430/auto_init.a
LOAD /home/fritz/git/github/sancus-riot/examples/secure_threads/bin/sancus-msp430/board.a
LOAD /home/fritz/git/github/sancus-riot/examples/secure_threads/bin/sancus-msp430/core.a
LOAD /home/fritz/git/github/sancus-riot/examples/secure_threads/bin/sancus-msp430/cpu.a
LOAD /home/fritz/git/github/sancus-riot/examples/secure_threads/bin/sancus-msp430/div.a
LOAD /home/fritz/git/github/sancus-riot/examples/secure_threads/bin/sancus-msp430/oneway_malloc.a
LOAD /home/fritz/git/github/sancus-riot/examples/secure_threads/bin/sancus-msp430/periph.a
LOAD /home/fritz/git/github/sancus-riot/examples/secure_threads/bin/sancus-msp430/secure_mintimer.a
LOAD /home/fritz/git/github/sancus-riot/examples/secure_threads/bin/sancus-msp430/stdio_uart.a
LOAD /home/fritz/git/github/sancus-riot/examples/secure_threads/bin/sancus-msp430/sys.a
LOAD /home/fritz/git/github/sancus-riot/examples/secure_threads/bin/sancus-msp430/periph_common.a
LOAD /usr/msp430/lib/libm.a
END GROUP
LOAD /usr/local/share/sancus-support/lib/libsm-io.a
LOAD /usr/local/share/sancus-support/lib/libsm-io.a
LOAD /usr/local/share/sancus-support/lib/libsm-io.a
LOAD /usr/local/share/sancus-compiler/lib/libsancus-sm-support.a
LOAD /usr/local/share/sancus-compiler/lib/libsancus-host-support.a
LOAD /usr/lib/gcc/msp430/4.6.3/libgcc.a
LOAD /usr/msp430/lib/libc.a
LOAD /usr/lib/gcc/msp430/4.6.3/libgcc.a
LOAD /usr/lib/gcc/msp430/4.6.3/libcrt0.a
                0x0000000000000000                __IE1 = 0x0
                0x0000000000000002                __IFG1 = 0x2
                0x0000000000000004                __ME1 = 0x4
                0x0000000000000001                __IE2 = 0x1
                0x0000000000000003                __IFG2 = 0x3
                0x0000000000000005                __ME2 = 0x5
                0x0000000000000120                __WDTCTL = 0x120
                0x0000000000000130                __MPY = 0x130
                0x0000000000000132                __MPYS = 0x132
                0x0000000000000134                __MAC = 0x134
                0x0000000000000136                __MACS = 0x136
                0x0000000000000138                __OP2 = 0x138
                0x000000000000013a                __RESLO = 0x13a
                0x000000000000013c                __RESHI = 0x13c
                0x000000000000013e                __SUMEXT = 0x13e
                0x0000000000000020                __P1IN = 0x20
                0x0000000000000021                __P1OUT = 0x21
                0x0000000000000022                __P1DIR = 0x22
                0x0000000000000023                __P1IFG = 0x23
                0x0000000000000024                __P1IES = 0x24
                0x0000000000000025                __P1IE = 0x25
                0x0000000000000026                __P1SEL = 0x26
                0x0000000000000028                __P2IN = 0x28
                0x0000000000000029                __P2OUT = 0x29
                0x000000000000002a                __P2DIR = 0x2a
                0x000000000000002b                __P2IFG = 0x2b
                0x000000000000002c                __P2IES = 0x2c
                0x000000000000002d                __P2IE = 0x2d
                0x000000000000002e                __P2SEL = 0x2e
                0x0000000000000018                __P3IN = 0x18
                0x0000000000000019                __P3OUT = 0x19
                0x000000000000001a                __P3DIR = 0x1a
                0x000000000000001b                __P3SEL = 0x1b
                0x000000000000001c                __P4IN = 0x1c
                0x000000000000001d                __P4OUT = 0x1d
                0x000000000000001e                __P4DIR = 0x1e
                0x000000000000001f                __P4SEL = 0x1f
                0x0000000000000030                __P5IN = 0x30
                0x0000000000000031                __P5OUT = 0x31
                0x0000000000000032                __P5DIR = 0x32
                0x0000000000000033                __P5SEL = 0x33
                0x0000000000000034                __P6IN = 0x34
                0x0000000000000035                __P6OUT = 0x35
                0x0000000000000036                __P6DIR = 0x36
                0x0000000000000037                __P6SEL = 0x37
                0x0000000000000070                __U0CTL = 0x70
                0x0000000000000071                __U0TCTL = 0x71
                0x0000000000000072                __U0RCTL = 0x72
                0x0000000000000073                __U0MCTL = 0x73
                0x0000000000000074                __U0BR0 = 0x74
                0x0000000000000075                __U0BR1 = 0x75
                0x0000000000000076                __U0RXBUF = 0x76
                0x0000000000000077                __U0TXBUF = 0x77
                0x0000000000000078                __U1CTL = 0x78
                0x0000000000000079                __U1TCTL = 0x79
                0x000000000000007a                __U1RCTL = 0x7a
                0x000000000000007b                __U1MCTL = 0x7b
                0x000000000000007c                __U1BR0 = 0x7c
                0x000000000000007d                __U1BR1 = 0x7d
                0x000000000000007e                __U1RXBUF = 0x7e
                0x000000000000007f                __U1TXBUF = 0x7f
                0x000000000000012e                __TAIV = 0x12e
                0x0000000000000160                __TACTL = 0x160
                0x0000000000000162                __TACCTL0 = 0x162
                0x0000000000000164                __TACCTL1 = 0x164
                0x0000000000000166                __TACCTL2 = 0x166
                0x0000000000000170                __TAR = 0x170
                0x0000000000000172                __TACCR0 = 0x172
                0x0000000000000174                __TACCR1 = 0x174
                0x0000000000000176                __TACCR2 = 0x176
                0x000000000000011e                __TBIV = 0x11e
                0x0000000000000180                __TBCTL = 0x180
                0x0000000000000182                __TBCCTL0 = 0x182
                0x0000000000000184                __TBCCTL1 = 0x184
                0x0000000000000186                __TBCCTL2 = 0x186
                0x0000000000000188                __TBCCTL3 = 0x188
                0x000000000000018a                __TBCCTL4 = 0x18a
                0x000000000000018c                __TBCCTL5 = 0x18c
                0x000000000000018e                __TBCCTL6 = 0x18e
                0x0000000000000190                __TBR = 0x190
                0x0000000000000192                __TBCCR0 = 0x192
                0x0000000000000194                __TBCCR1 = 0x194
                0x0000000000000196                __TBCCR2 = 0x196
                0x0000000000000198                __TBCCR3 = 0x198
                0x000000000000019a                __TBCCR4 = 0x19a
                0x000000000000019c                __TBCCR5 = 0x19c
                0x000000000000019e                __TBCCR6 = 0x19e
                0x0000000000000056                __DCOCTL = 0x56
                0x0000000000000057                __BCSCTL1 = 0x57
                0x0000000000000058                __BCSCTL2 = 0x58
                0x0000000000000128                __FCTL1 = 0x128
                0x000000000000012a                __FCTL2 = 0x12a
                0x000000000000012c                __FCTL3 = 0x12c
                0x0000000000000059                __CACTL1 = 0x59
                0x000000000000005a                __CACTL2 = 0x5a
                0x000000000000005b                __CAPD = 0x5b
                0x00000000000001a0                __ADC12CTL0 = 0x1a0
                0x00000000000001a2                __ADC12CTL1 = 0x1a2
                0x00000000000001a4                __ADC12IFG = 0x1a4
                0x00000000000001a6                __ADC12IE = 0x1a6
                0x00000000000001a8                __ADC12IV = 0x1a8
                0x0000000000000140                __ADC12MEM0 = 0x140
                0x0000000000000142                __ADC12MEM1 = 0x142
                0x0000000000000144                __ADC12MEM2 = 0x144
                0x0000000000000146                __ADC12MEM3 = 0x146
                0x0000000000000148                __ADC12MEM4 = 0x148
                0x000000000000014a                __ADC12MEM5 = 0x14a
                0x000000000000014c                __ADC12MEM6 = 0x14c
                0x000000000000014e                __ADC12MEM7 = 0x14e
                0x0000000000000150                __ADC12MEM8 = 0x150
                0x0000000000000152                __ADC12MEM9 = 0x152
                0x0000000000000154                __ADC12MEM10 = 0x154
                0x0000000000000156                __ADC12MEM11 = 0x156
                0x0000000000000158                __ADC12MEM12 = 0x158
                0x000000000000015a                __ADC12MEM13 = 0x15a
                0x000000000000015c                __ADC12MEM14 = 0x15c
                0x000000000000015e                __ADC12MEM15 = 0x15e
                0x0000000000000080                __ADC12MCTL0 = 0x80
                0x0000000000000081                __ADC12MCTL1 = 0x81
                0x0000000000000082                __ADC12MCTL2 = 0x82
                0x0000000000000083                __ADC12MCTL3 = 0x83
                0x0000000000000084                __ADC12MCTL4 = 0x84
                0x0000000000000085                __ADC12MCTL5 = 0x85
                0x0000000000000086                __ADC12MCTL6 = 0x86
                0x0000000000000087                __ADC12MCTL7 = 0x87
                0x0000000000000088                __ADC12MCTL8 = 0x88
                0x0000000000000089                __ADC12MCTL9 = 0x89
                0x000000000000008a                __ADC12MCTL10 = 0x8a
                0x000000000000008b                __ADC12MCTL11 = 0x8b
                0x000000000000008c                __ADC12MCTL12 = 0x8c
                0x000000000000008d                __ADC12MCTL13 = 0x8d
                0x000000000000008e                __ADC12MCTL14 = 0x8e
                0x000000000000008f                __ADC12MCTL15 = 0x8f

.hash
 *(.hash)

.dynsym
 *(.dynsym)

.dynstr
 *(.dynstr)

.gnu.version
 *(.gnu.version)

.gnu.version_d
 *(.gnu.version_d)

.gnu.version_r
 *(.gnu.version_r)

.rel.init
 *(.rel.init)

.rela.init
 *(.rela.init)

.rel.fini
 *(.rel.fini)

.rela.fini
 *(.rela.fini)

.rel.text
 *(.rel.text .rel.text.* .rel.gnu.linkonce.t.*)

.rela.text
 *(.rela.text .rela.text.* .rela.gnu.linkonce.t.*)

.rel.rodata
 *(.rel.rodata .rel.rodata.* .rel.gnu.linkonce.r.*)

.rela.rodata
 *(.rela.rodata .rela.rodata.* .rela.gnu.linkonce.r.*)

.rel.data
 *(.rel.data .rel.data.* .rel.gnu.linkonce.d.*)

.rela.data
 *(.rela.data .rela.data.* .rela.gnu.linkonce.d.*)

.rel.bss
 *(.rel.bss .rel.bss.* .rel.gnu.linkonce.b.*)

.rela.bss
 *(.rela.bss .rela.bss.* .rela.gnu.linkonce.b.*)

.rel.ctors
 *(.rel.ctors)

.rela.ctors
 *(.rela.ctors)

.rel.dtors
 *(.rel.dtors)

.rela.dtors
 *(.rela.dtors)

.rel.got
 *(.rel.got)

.rela.got
 *(.rela.got)

.rel.plt
 *(.rel.plt)

.rela.plt
 *(.rela.plt)

.text           0x0000000000005c00     0x178c
                0x0000000000005c00                . = ALIGN (0x2)
 *(.init .init.*)
 *(.init0)
 .init0         0x0000000000005c00        0x0 /usr/lib/gcc/msp430/4.6.3/libcrt0.a(_reset_vector__.o)
                0x0000000000005c00                _reset_vector__
 *(.init1)
 .init1         0x0000000000005c00        0xc /usr/lib/gcc/msp430/4.6.3/libcrt0.a(__watchdog_support.o)
                0x0000000000005c00                __watchdog_support
 *(.init2)
 .init2         0x0000000000005c0c        0x4 /usr/lib/gcc/msp430/4.6.3/libcrt0.a(__init_stack.o)
                0x0000000000005c0c                __init_stack
 *(.init3)
 .init3         0x0000000000005c10        0x0 /usr/lib/gcc/msp430/4.6.3/libcrt0.a(__low_level_init.o)
                0x0000000000005c10                __low_level_init
 *(.init4)
 .init4         0x0000000000005c10       0x18 /usr/lib/gcc/msp430/4.6.3/libcrt0.a(_copy_data.o)
                0x0000000000005c10                __do_copy_data
 .init4         0x0000000000005c28       0x16 /usr/lib/gcc/msp430/4.6.3/libcrt0.a(_clear_bss.o)
                0x0000000000005c28                __do_clear_bss
 *(.init5)
 *(.init6)
 .init6         0x0000000000005c3e       0x14 /usr/lib/gcc/msp430/4.6.3/libcrt0.a(_ctors430.o)
                0x0000000000005c3e                __do_global_ctors
 *(.init7)
 *(.init8)
 *(.init9)
 .init9         0x0000000000005c52      0x150 /home/fritz/git/github/sancus-riot/examples/secure_threads/bin/sancus-msp430/application_hello-world/main.o
                0x0000000000005c52                main
 *(.fini9)
 .fini9         0x0000000000005da2        0xa /home/fritz/git/github/sancus-riot/examples/secure_threads/bin/sancus-msp430/cpu/cpu.o
                0x0000000000005da2                __main_epilogue
 .fini9         0x0000000000005dac        0x0 /usr/lib/gcc/msp430/4.6.3/libcrt0.a(__stop_progExec__.o)
                0x0000000000005dac                __stop_progExec__
 *(.fini8)
 *(.fini7)
 *(.fini6)
 *(.fini5)
 *(.fini4)
 *(.fini3)
 *(.fini2)
 *(.fini1)
 *(.fini0)
 .fini0         0x0000000000005dac        0x6 /usr/lib/gcc/msp430/4.6.3/libcrt0.a(_endless_loop__.o)
                0x0000000000005dac                _endless_loop__
 *(.fini .fini.*)
                0x0000000000005db2                . = ALIGN (0x2)
                0x0000000000005db2                __ctors_start = .
 *(.ctors)
 .ctors         0x0000000000005db2        0x2 /home/fritz/git/github/sancus-riot/examples/secure_threads/bin/sancus-msp430/cpu/startup.o
 .ctors         0x0000000000005db4        0x2 /home/fritz/git/github/sancus-riot/examples/secure_threads/bin/sancus-msp430/cpu/startup.o
 .ctors         0x0000000000005db6        0x2 /home/fritz/git/github/sancus-riot/examples/secure_threads/bin/sancus-msp430/cpu/startup.o
 .ctors         0x0000000000005db8        0x2 /home/fritz/git/github/sancus-riot/examples/secure_threads/bin/sancus-msp430/cpu/startup.o
                0x0000000000005dba                __ctors_end = .
                0x0000000000005dba                __dtors_start = .
 *(.dtors)
                0x0000000000005dba                __dtors_end = .
                0x0000000000005dba                . = ALIGN (0x2)
 *(.text .text.* .gnu.linkonce.t.*)
 .text          0x0000000000005dba        0x4 /usr/lib/gcc/msp430/4.6.3/crt0ivtbl16.o
                0x0000000000005dba                __isr_14
                0x0000000000005dba                __isr_4
                0x0000000000005dba                __isr_11
                0x0000000000005dba                __isr_5
                0x0000000000005dba                __isr_2
                0x0000000000005dba                __isr_10
                0x0000000000005dba                __isr_0
                0x0000000000005dba                __isr_3
                0x0000000000005dba                __isr_12
                0x0000000000005dba                __isr_6
                0x0000000000005dba                __isr_1
 .text          0x0000000000005dbe       0x86 /home/fritz/git/github/sancus-riot/examples/secure_threads/bin/sancus-msp430/cpu/startup.o
 .text          0x0000000000005e44       0x86 /home/fritz/git/github/sancus-riot/examples/secure_threads/bin/sancus-msp430/cpu/startup.o
 .text          0x0000000000005eca       0x86 /home/fritz/git/github/sancus-riot/examples/secure_threads/bin/sancus-msp430/cpu/startup.o
 .text          0x0000000000005f50       0x60 /home/fritz/git/github/sancus-riot/examples/secure_threads/bin/sancus-msp430/application_hello-world/main.o
                0x0000000000005f50                __unprotected_stub_sched_shut_down
 .text          0x0000000000005fb0        0x8 /home/fritz/git/github/sancus-riot/examples/secure_threads/bin/sancus-msp430/auto_init/auto_init.o
                0x0000000000005fb0                auto_init
 .text          0x0000000000005fb8       0x74 /home/fritz/git/github/sancus-riot/examples/secure_threads/bin/sancus-msp430/board/board_init.o
                0x0000000000005fb8                board_init
 .text          0x000000000000602c      0x166 /home/fritz/git/github/sancus-riot/examples/secure_threads/bin/sancus-msp430/board/uart.o
                0x000000000000602c                uart_init
                0x0000000000006086                uart_set_receive_cb
                0x0000000000006092                uart_available
                0x00000000000060ac                uart_write_byte
                0x00000000000060be                uart_write
                0x00000000000060dc                uart_read_byte
                0x00000000000060fc                uart_read
                0x000000000000612a                uart_flush
                0x0000000000006138                __isr_7
                0x0000000000006160                uart2_write_byte
                0x0000000000006172                uart_print_receive_buffer
 .text          0x0000000000006192       0x62 /home/fritz/git/github/sancus-riot/examples/secure_threads/bin/sancus-msp430/core/sched.o
                0x0000000000006192                sched_switch
                0x00000000000061ec                sched_task_exit
 .text          0x00000000000061f4       0xda /home/fritz/git/github/sancus-riot/examples/secure_threads/bin/sancus-msp430/core/kernel_init.o
                0x00000000000061f4                kernel_init
 *fill*         0x00000000000062ce        0x2 00
 .text          0x00000000000062d0      0x10c /home/fritz/git/github/sancus-riot/examples/secure_threads/bin/sancus-msp430/core/thread.o
                0x00000000000062d0                __unprotected_stub_thread_create_unprotected_in_scheduler
                0x00000000000062f0                __unprotected_stub_thread_create_protected_in_scheduler
                0x000000000000630e                thread_yield
                0x000000000000631a                thread_create
                0x0000000000006386                thread_create_protected
 .text          0x00000000000063dc       0x28 /home/fritz/git/github/sancus-riot/examples/secure_threads/bin/sancus-msp430/cpu/irq.o
                0x00000000000063dc                irq_disable
                0x00000000000063e6                irq_enable
                0x00000000000063f0                irq_restore
                0x00000000000063f8                irq_is_in
 .text          0x0000000000006404       0x94 /home/fritz/git/github/sancus-riot/examples/secure_threads/bin/sancus-msp430/cpu/msp430-main.o
                0x0000000000006404                msp430_cpu_init
                0x000000000000642e                sbrk
                0x000000000000645a                splhigh_
                0x000000000000646a                splx_
                0x0000000000006478                strnlen
 .text          0x0000000000006498      0x1a0 /home/fritz/git/github/sancus-riot/examples/secure_threads/bin/sancus-msp430/cpu/sancus_helpers.o
                0x0000000000006498                riot_enable_sm
                0x000000000000653a                print_thread_struct
 .text          0x0000000000006638       0xce /home/fritz/git/github/sancus-riot/examples/secure_threads/bin/sancus-msp430/cpu/cpu.o
                0x0000000000006638                thread_yield_higher
                0x000000000000668e                scheduler_kernel_init
                0x00000000000066a2                cpu_switch_context_exit
                0x00000000000066b6                thread_stack_init
                0x00000000000066f4                thread_unprotected_stack_init
 .text          0x0000000000006706       0x86 /home/fritz/git/github/sancus-riot/examples/secure_threads/bin/sancus-msp430/cpu/startup.o
 .text          0x000000000000678c       0x9e /home/fritz/git/github/sancus-riot/examples/secure_threads/bin/sancus-msp430/secure_mintimer/secure_mintimer_core.o
                0x000000000000678c                _secure_mintimer_tsleep
 .text          0x000000000000682a       0x46 /home/fritz/git/github/sancus-riot/examples/secure_threads/bin/sancus-msp430/stdio_uart/stdio_uart.o
                0x000000000000682a                stdio_init
                0x0000000000006848                stdio_read
                0x0000000000006854                stdio_write
 .text          0x0000000000006870        0x8 /home/fritz/git/github/sancus-riot/examples/secure_threads/bin/sancus-msp430/periph_common/init.o
                0x0000000000006870                periph_init
 .text          0x0000000000006878       0x12 /home/fritz/git/github/sancus-riot/examples/secure_threads/bin/sancus-msp430/periph_common/pm.o
                0x0000000000006878                pm_off
                0x0000000000006882                pm_set_lowest
 .text.putchar  0x000000000000688a       0x30 /usr/local/share/sancus-support/lib/libsm-io.a(sm_io.c.o)
                0x000000000000688a                putchar
 .text.printf0  0x00000000000068ba       0x20 /usr/local/share/sancus-support/lib/libsm-io.a(sm_io.c.o)
                0x00000000000068ba                printf0
 .text.printf2  0x00000000000068da       0x32 /usr/local/share/sancus-support/lib/libsm-io.a(sm_io.c.o)
                0x00000000000068da                printf2
 .text.stop_violation
                0x000000000000690c       0x14 /usr/local/share/sancus-support/lib/libsm-io.a(sm_io.c.o)
                0x000000000000690c                stop_violation
 .text.violation_isr
                0x0000000000006920        0x8 /usr/local/share/sancus-support/lib/libsm-io.a(sm_io.c.o)
                0x0000000000006920                violation_isr
 .text          0x0000000000006928       0x62 /usr/local/share/sancus-compiler/lib/libsancus-sm-support.a(sm_support.c.o)
                0x0000000000006928                sancus_enable_wrapped
                0x000000000000696c                sancus_enable
 *fill*         0x000000000000698a        0x2 00
 .text          0x000000000000698c       0x10 /usr/local/share/sancus-compiler/lib/libsancus-host-support.a(unprotected_entry.s.o)
                0x000000000000698c                __unprotected_entry
 .text.libgcc   0x000000000000699c       0x18 /usr/lib/gcc/msp430/4.6.3/libgcc.a(_mulhi3.o)
                0x000000000000699c                __mulhi3
 .text.libgcc   0x00000000000069b4       0x22 /usr/lib/gcc/msp430/4.6.3/libgcc.a(_udivmod16.o)
                0x00000000000069b4                __udivhi3
                0x00000000000069b4                __ext_udivmod16
                0x00000000000069ce                __umodhi3
 .text          0x00000000000069d6       0x1e /usr/msp430/lib/libc.a(printf.o)
                0x00000000000069d6                printf
                0x00000000000069e6                vprintf
 .text          0x00000000000069f4      0x836 /usr/msp430/lib/libc.a(vuprintf.o)
                0x0000000000006b8c                vuprintf
 .text          0x000000000000722a       0x2c /usr/msp430/lib/libc.a(puts.o)
                0x000000000000722a                puts
 .text          0x0000000000007256        0x4 /usr/msp430/lib/libc.a(exit.o)
                0x0000000000007256                exit
 .text.libgcc   0x000000000000725a       0x40 /usr/lib/gcc/msp430/4.6.3/libgcc.a(_udivmod32.o)
                0x000000000000725a                __udivsi3
                0x000000000000725a                __ext_udivmod32
                0x0000000000007290                __umodsi3
 .text.libgcc   0x000000000000729a       0xf0 /usr/lib/gcc/msp430/4.6.3/libgcc.a(_udivmod64.o)
                0x000000000000729a                __xabi_udivmod64
                0x00000000000072f8                __udivdi3
                0x000000000000731e                __umoddi3
                0x000000000000734c                __udivmoddi4
 .text.crt0     0x000000000000738a        0x2 /usr/lib/gcc/msp430/4.6.3/libcrt0.a(_unexpected_.o)
                0x000000000000738a                _unexpected_
                0x000000000000738c                . = ALIGN (0x2)

.rodata         0x000000000000738c      0x954
                0x000000000000738c                . = ALIGN (0x2)
 *(.rodata .rodata.* .gnu.linkonce.r.*)
 .rodata.str1.1
                0x000000000000738c       0x9a /home/fritz/git/github/sancus-riot/examples/secure_threads/bin/sancus-msp430/cpu/startup.o
 .rodata.str1.1
                0x0000000000000000       0x9a /home/fritz/git/github/sancus-riot/examples/secure_threads/bin/sancus-msp430/cpu/startup.o
 .rodata.str1.1
                0x0000000000000000       0x9a /home/fritz/git/github/sancus-riot/examples/secure_threads/bin/sancus-msp430/cpu/startup.o
 .rodata.str1.1
                0x0000000000007426      0x483 /home/fritz/git/github/sancus-riot/examples/secure_threads/bin/sancus-msp430/application_hello-world/main.o
                                        0x490 (size before relaxing)
 *fill*         0x00000000000078a9        0x1 00
 .rodata        0x00000000000078aa        0xa /home/fritz/git/github/sancus-riot/examples/secure_threads/bin/sancus-msp430/application_hello-world/main.o
 .rodata.str1.1
                0x00000000000078b4       0x38 /home/fritz/git/github/sancus-riot/examples/secure_threads/bin/sancus-msp430/board/board_init.o
                                         0x48 (size before relaxing)
 .rodata.str1.1
                0x00000000000078ec       0xa7 /home/fritz/git/github/sancus-riot/examples/secure_threads/bin/sancus-msp430/core/kernel_init.o
                                         0xb4 (size before relaxing)
 .rodata.str1.1
                0x0000000000007993       0xe6 /home/fritz/git/github/sancus-riot/examples/secure_threads/bin/sancus-msp430/cpu/sancus_helpers.o
                                        0x10b (size before relaxing)
 *fill*         0x0000000000007a79        0x1 00
 .rodata        0x0000000000007a7a        0xa /home/fritz/git/github/sancus-riot/examples/secure_threads/bin/sancus-msp430/cpu/sancus_helpers.o
 .rodata.str1.1
                0x0000000000000000       0x9a /home/fritz/git/github/sancus-riot/examples/secure_threads/bin/sancus-msp430/cpu/startup.o
 .rodata.str1.1
                0x0000000000007a84      0x16f /home/fritz/git/github/sancus-riot/examples/secure_threads/bin/sancus-msp430/periph/timer.o
                                        0x17f (size before relaxing)
 .rodata.str1.1
                0x0000000000007bf3       0x2d /home/fritz/git/github/sancus-riot/examples/secure_threads/bin/sancus-msp430/secure_mintimer/secure_mintimer_core.o
                                         0x3d (size before relaxing)
 .rodata        0x0000000000007c20       0xb8 /usr/local/share/sancus-support/lib/libsm-io.a(sm_io.c.o)
 .rodata        0x0000000000007cd8        0x7 /usr/msp430/lib/libc.a(vuprintf.o)
                0x0000000000007ce0                . = ALIGN (0x2)
 *fill*         0x0000000000007cdf        0x1 00

.text.sm.sancus_sm_timer
                0x0000000000007ce0     0x18e8
                0x0000000000007ce0                . = ALIGN (0x2)
                0x0000000000007ce0                __sm_sancus_sm_timer_public_start = .
                0x0000000000007ce0                __isr_9 = .
                0x0000000000007ce0                __isr_8 = .
                0x0000000000007ce0                __isr_13 = .
 /tmp/tmp1zrlw2l1.o()
 .sm.sancus_sm_timer.text
                0x0000000000007ce0       0xa4 /tmp/tmp1zrlw2l1.o
                0x0000000000007ce0                __sm_sancus_sm_timer_entry
 /tmp/tmpse951pzk.o()
 .sm.sancus_sm_timer.text
                0x0000000000007d84        0xc /tmp/tmpse951pzk.o
                0x0000000000007d84                __sm_sancus_sm_timer_isr
 /tmp/tmpbv1et80j.o()
 .sm.sancus_sm_timer.text
                0x0000000000007d90       0x4c /tmp/tmpbv1et80j.o
                0x0000000000007d90                __sm_sancus_sm_timer_exit
                0x0000000000007dc8                __sm_sancus_sm_timer_ret_entry
 *(.sm.sancus_sm_timer.text)
 .sm.sancus_sm_timer.text
                0x0000000000007ddc      0x49e /home/fritz/git/github/sancus-riot/examples/secure_threads/bin/sancus-msp430/core/sched.o
                0x0000000000007ddc                scheduler_init
                0x0000000000007e00                periodic_thread_schedule_next_timer
                0x0000000000007ec0                sched_set_status
                0x0000000000007fb4                sched_run_internal
                0x0000000000008128                sched_run
                0x0000000000008178                sched_set_own_status
                0x000000000000818c                sched_switch_internal_allow_yield
                0x00000000000081c6                sched_switch_internal
                0x00000000000081d4                sched_yield
                0x000000000000823c                sched_task_exit_internal
                0x000000000000826c                sched_shut_down
                0x0000000000008278                max_threads
 .sm.sancus_sm_timer.text
                0x000000000000827a       0xf8 /home/fritz/git/github/sancus-riot/examples/secure_threads/bin/sancus-msp430/core/mutex.o
                0x000000000000827a                __sm_sancus_sm_timer_stub_thread_yield_higher
                0x000000000000828e                _mutex_lock
                0x00000000000082e4                mutex_unlock
                0x000000000000832c                mutex_unlock_and_sleep
 *fill*         0x0000000000008372        0x2 00
 .sm.sancus_sm_timer.text
                0x0000000000008374      0x2a8 /home/fritz/git/github/sancus-riot/examples/secure_threads/bin/sancus-msp430/core/thread.o
                0x0000000000008374                __sm_sancus_sm_timer_stub_irq_is_in
                0x0000000000008388                __sm_sancus_sm_timer_stub_irq_disable
                0x000000000000839c                __sm_sancus_sm_timer_stub_irq_restore
                0x00000000000083c4                thread_get
                0x00000000000083ea                thread_getstatus
                0x0000000000008424                thread_getpid
                0x0000000000008430                thread_sleep
                0x000000000000845a                thread_wakeup
                0x00000000000084be                thread_add_to_list
                0x00000000000084e4                _thread_create_scheduler_internal
                0x0000000000008536                thread_create_protected_in_scheduler
                0x0000000000008572                thread_create_unprotected_in_scheduler
                0x0000000000008592                thread_change_to_periodical
 .sm.sancus_sm_timer.text
                0x000000000000861c      0x23a /home/fritz/git/github/sancus-riot/examples/secure_threads/bin/sancus-msp430/cpu/cpu.o
                0x000000000000861c                thread_yield_higher_internal
                0x00000000000086ae                exitless_entry
                0x0000000000008854                thread_sm_idx_offset
 .sm.sancus_sm_timer.text
                0x0000000000008856       0x28 /home/fritz/git/github/sancus-riot/examples/secure_threads/bin/sancus-msp430/cpu/sm_irq.o
                0x0000000000008856                sm_irq_disable
                0x0000000000008860                sm_irq_enable
                0x000000000000886a                sm_irq_restore
                0x0000000000008872                sm_irq_is_in
 .sm.sancus_sm_timer.text
                0x000000000000887e      0x268 /home/fritz/git/github/sancus-riot/examples/secure_threads/bin/sancus-msp430/periph/timer.o
                0x000000000000887e                sm_timer_init
                0x00000000000088c0                sm_timer_set_absolute
                0x00000000000088da                sm_timer_get_taiv
                0x00000000000088e6                mmio_timer_clear
                0x00000000000088fa                sm_timer_clear
                0x000000000000890e                sm_timer_read_internal
                0x000000000000891a                sm_timer_read
                0x0000000000008926                mmio_timer_start
                0x0000000000008934                sm_timer_start
                0x0000000000008942                mmio_timer_stop
                0x0000000000008950                sm_timer_stop
                0x000000000000895e                isr_error
                0x000000000000896a                __sm_sancus_sm_timer_isr_func
 .sm.sancus_sm_timer.text
                0x0000000000008ae6      0xa74 /home/fritz/git/github/sancus-riot/examples/secure_threads/bin/sancus-msp430/secure_mintimer/secure_mintimer_core.o
                0x0000000000008ae6                get_available_timer
                0x0000000000008b4a                secure_mintimer_remove
                0x0000000000008b86                secure_mintimer_init
                0x0000000000008bd0                _secure_mintimer_now
                0x0000000000008c20                _secure_mintimer_now_internal
                0x0000000000008c62                _secure_mintimer_now64
                0x0000000000008c8e                _secure_mintimer_set
                0x0000000000008ce8                _secure_mintimer_set_absolute
                0x0000000000008da2                _secure_mintimer_set_absolute_explicit
                0x00000000000090dc                secure_mintimer_timer_callback
                0x0000000000009286                _secure_mintimer_tsleep_specific_pid
                0x00000000000092e2                _secure_mintimer_tsleep_internal
 *fill*         0x000000000000955a        0x2 00
 .sm.sancus_sm_timer.text
                0x000000000000955c       0x18 /tmp/tmpk4rkkrpj.o
                0x000000000000955c                __sm_sancus_sm_timer_mulhi3
                0x0000000000009574                . = ALIGN (0x2)
                0x0000000000009574                __sm_sancus_sm_timer_table = .
 /home/fritz/git/github/sancus-riot/examples/secure_threads/bin/sancus-msp430/secure_mintimer/secure_mintimer_core.o(.sm.sancus_sm_timer._secure_mintimer_now.table)
 .sm.sancus_sm_timer._secure_mintimer_now.table
                0x0000000000009574        0x6 /home/fritz/git/github/sancus-riot/examples/secure_threads/bin/sancus-msp430/secure_mintimer/secure_mintimer_core.o
 /home/fritz/git/github/sancus-riot/examples/secure_threads/bin/sancus-msp430/secure_mintimer/secure_mintimer_core.o(.sm.sancus_sm_timer._secure_mintimer_now64.table)
 .sm.sancus_sm_timer._secure_mintimer_now64.table
                0x000000000000957a        0x6 /home/fritz/git/github/sancus-riot/examples/secure_threads/bin/sancus-msp430/secure_mintimer/secure_mintimer_core.o
 /home/fritz/git/github/sancus-riot/examples/secure_threads/bin/sancus-msp430/cpu/cpu.o(.sm.sancus_sm_timer.exitless_entry.table)
 .sm.sancus_sm_timer.exitless_entry.table
                0x0000000000009580        0x6 /home/fritz/git/github/sancus-riot/examples/secure_threads/bin/sancus-msp430/cpu/cpu.o
 /home/fritz/git/github/sancus-riot/examples/secure_threads/bin/sancus-msp430/core/sched.o(.sm.sancus_sm_timer.sched_run.table)
 .sm.sancus_sm_timer.sched_run.table
                0x0000000000009586        0x6 /home/fritz/git/github/sancus-riot/examples/secure_threads/bin/sancus-msp430/core/sched.o
 /home/fritz/git/github/sancus-riot/examples/secure_threads/bin/sancus-msp430/core/sched.o(.sm.sancus_sm_timer.sched_set_own_status.table)
 .sm.sancus_sm_timer.sched_set_own_status.table
                0x000000000000958c        0x6 /home/fritz/git/github/sancus-riot/examples/secure_threads/bin/sancus-msp430/core/sched.o
 /home/fritz/git/github/sancus-riot/examples/secure_threads/bin/sancus-msp430/core/sched.o(.sm.sancus_sm_timer.sched_shut_down.table)
 .sm.sancus_sm_timer.sched_shut_down.table
                0x0000000000009592        0x6 /home/fritz/git/github/sancus-riot/examples/secure_threads/bin/sancus-msp430/core/sched.o
 /home/fritz/git/github/sancus-riot/examples/secure_threads/bin/sancus-msp430/periph/timer.o(.sm.sancus_sm_timer.sm_timer_read.table)
 .sm.sancus_sm_timer.sm_timer_read.table
                0x0000000000009598        0x6 /home/fritz/git/github/sancus-riot/examples/secure_threads/bin/sancus-msp430/periph/timer.o
 /home/fritz/git/github/sancus-riot/examples/secure_threads/bin/sancus-msp430/core/thread.o(.sm.sancus_sm_timer.thread_change_to_periodical.table)
 .sm.sancus_sm_timer.thread_change_to_periodical.table
                0x000000000000959e        0x6 /home/fritz/git/github/sancus-riot/examples/secure_threads/bin/sancus-msp430/core/thread.o
 /home/fritz/git/github/sancus-riot/examples/secure_threads/bin/sancus-msp430/core/thread.o(.sm.sancus_sm_timer.thread_create_protected_in_scheduler.table)
 .sm.sancus_sm_timer.thread_create_protected_in_scheduler.table
                0x00000000000095a4        0x6 /home/fritz/git/github/sancus-riot/examples/secure_threads/bin/sancus-msp430/core/thread.o
 /home/fritz/git/github/sancus-riot/examples/secure_threads/bin/sancus-msp430/core/thread.o(.sm.sancus_sm_timer.thread_create_unprotected_in_scheduler.table)
 .sm.sancus_sm_timer.thread_create_unprotected_in_scheduler.table
                0x00000000000095aa        0x6 /home/fritz/git/github/sancus-riot/examples/secure_threads/bin/sancus-msp430/core/thread.o
 /home/fritz/git/github/sancus-riot/examples/secure_threads/bin/sancus-msp430/core/thread.o(.sm.sancus_sm_timer.thread_getpid.table)
 .sm.sancus_sm_timer.thread_getpid.table
                0x00000000000095b0        0x6 /home/fritz/git/github/sancus-riot/examples/secure_threads/bin/sancus-msp430/core/thread.o
 /home/fritz/git/github/sancus-riot/examples/secure_threads/bin/sancus-msp430/core/thread.o(.sm.sancus_sm_timer.thread_getstatus.table)
 .sm.sancus_sm_timer.thread_getstatus.table
                0x00000000000095b6        0x6 /home/fritz/git/github/sancus-riot/examples/secure_threads/bin/sancus-msp430/core/thread.o
 /home/fritz/git/github/sancus-riot/examples/secure_threads/bin/sancus-msp430/core/thread.o(.sm.sancus_sm_timer.thread_sleep.table)
 .sm.sancus_sm_timer.thread_sleep.table
                0x00000000000095bc        0x6 /home/fritz/git/github/sancus-riot/examples/secure_threads/bin/sancus-msp430/core/thread.o
 /home/fritz/git/github/sancus-riot/examples/secure_threads/bin/sancus-msp430/core/thread.o(.sm.sancus_sm_timer.thread_wakeup.table)
 .sm.sancus_sm_timer.thread_wakeup.table
                0x00000000000095c2        0x6 /home/fritz/git/github/sancus-riot/examples/secure_threads/bin/sancus-msp430/core/thread.o
                0x00000000000095c8                . = ALIGN (0x2)
                0x00000000000095c8                __sm_sancus_sm_timer_public_end = .
 *(.sm.sancus_sm_timer.*.table)

.text.sm.foo    0x00000000000095c8      0x2ae
                0x00000000000095c8                . = ALIGN (0x2)
                0x00000000000095c8                __sm_foo_public_start = .
 /tmp/tmp622cmbeh.o()
 .sm.foo.text   0x00000000000095c8       0xc0 /tmp/tmp622cmbeh.o
                0x00000000000095c8                __sm_foo_entry
 /tmp/tmpvkydoldo.o()
 .sm.foo.text   0x0000000000009688        0x8 /tmp/tmpvkydoldo.o
                0x0000000000009688                __sm_foo_isr
 /tmp/tmpgxf3t30q.o()
 .sm.foo.text   0x0000000000009690       0x7c /tmp/tmpgxf3t30q.o
                0x0000000000009690                __sm_foo_exit
                0x00000000000096c8                __sm_foo_reti_entry
                0x00000000000096f8                __sm_foo_ret_entry
 *(.sm.foo.text)
 .sm.foo.text   0x000000000000970c      0x164 /home/fritz/git/github/sancus-riot/examples/secure_threads/bin/sancus-msp430/application_hello-world/main.o
                0x000000000000970c                __sm_foo_stub_printf2
                0x0000000000009720                __sm_foo_stub_printf0
                0x0000000000009734                foo_greet
                0x0000000000009870                . = ALIGN (0x2)
                0x0000000000009870                __sm_foo_table = .
 /home/fritz/git/github/sancus-riot/examples/secure_threads/bin/sancus-msp430/application_hello-world/main.o(.sm.foo.foo_greet.table)
 .sm.foo.foo_greet.table
                0x0000000000009870        0x6 /home/fritz/git/github/sancus-riot/examples/secure_threads/bin/sancus-msp430/application_hello-world/main.o
                0x0000000000009876                . = ALIGN (0x2)
                0x0000000000009876                __sm_foo_public_end = .
 *(.sm.foo.*.table)

.text.sm.bar    0x0000000000009878      0x316
                0x0000000000009878                . = ALIGN (0x2)
                0x0000000000009878                __sm_bar_public_start = .
 /tmp/tmp_y55k_s2.o()
 .sm.bar.text   0x0000000000009878       0xc0 /tmp/tmp_y55k_s2.o
                0x0000000000009878                __sm_bar_entry
 /tmp/tmpm5ghzym_.o()
 .sm.bar.text   0x0000000000009938        0x8 /tmp/tmpm5ghzym_.o
                0x0000000000009938                __sm_bar_isr
 /tmp/tmp3t3l66s2.o()
 .sm.bar.text   0x0000000000009940       0x7c /tmp/tmp3t3l66s2.o
                0x0000000000009940                __sm_bar_exit
                0x0000000000009978                __sm_bar_reti_entry
                0x00000000000099a8                __sm_bar_ret_entry
 *(.sm.bar.text)
 .sm.bar.text   0x00000000000099bc      0x1cc /home/fritz/git/github/sancus-riot/examples/secure_threads/bin/sancus-msp430/application_hello-world/main.o
                0x00000000000099bc                __sm_bar_stub_printf2
                0x00000000000099d0                __sm_bar_stub_printf0
                0x00000000000099e4                bar_greet
                0x0000000000009b88                . = ALIGN (0x2)
                0x0000000000009b88                __sm_bar_table = .
 /home/fritz/git/github/sancus-riot/examples/secure_threads/bin/sancus-msp430/application_hello-world/main.o(.sm.bar.bar_greet.table)
 .sm.bar.bar_greet.table
                0x0000000000009b88        0x6 /home/fritz/git/github/sancus-riot/examples/secure_threads/bin/sancus-msp430/application_hello-world/main.o
                0x0000000000009b8e                . = ALIGN (0x2)
                0x0000000000009b8e                __sm_bar_public_end = .
 *(.sm.bar.*.table)

.data.sm.sancus_sm_timer.mac.sancus_sm_timer
                0x0000000000009b8e        0x8
                0x0000000000009b8e                . = ALIGN (0x2)
                0x0000000000009b8e                __sm_sancus_sm_timer_mac_sancus_sm_timer = .
                0x0000000000009b8e        0x1 BYTE 0x0
                0x0000000000009b96                . = (. + 0x7)
 *fill*         0x0000000000009b8f        0x7 00

.data.sm.foo.mac.sancus_sm_timer
                0x0000000000009b96        0x8
                0x0000000000009b96                . = ALIGN (0x2)
                0x0000000000009b96                __sm_foo_mac_sancus_sm_timer = .
                0x0000000000009b96        0x1 BYTE 0x0
                0x0000000000009b9e                . = (. + 0x7)
 *fill*         0x0000000000009b97        0x7 00

.data.sm.bar.mac.sancus_sm_timer
                0x0000000000009b9e        0x8
                0x0000000000009b9e                . = ALIGN (0x2)
                0x0000000000009b9e                __sm_bar_mac_sancus_sm_timer = .
                0x0000000000009b9e        0x1 BYTE 0x0
                0x0000000000009ba6                . = (. + 0x7)
 *fill*         0x0000000000009b9f        0x7 00

.data.sm.sancus_sm_timer.wrapinfo
                0x0000000000009ba6        0xa
                0x0000000000009ba6                . = ALIGN (0x2)
                0x0000000000009ba6                __sm_sancus_sm_timer_wrap_nonce = .
                0x0000000000009ba6        0x2 SHORT 0x0
                0x0000000000009ba8                __sm_sancus_sm_timer_wrap_tag = .
                0x0000000000009ba8        0x1 BYTE 0x0
                0x0000000000009bb0                . = (. + 0x7)
 *fill*         0x0000000000009ba9        0x7 00

.data.sm.foo.wrapinfo
                0x0000000000009bb0        0xa
                0x0000000000009bb0                . = ALIGN (0x2)
                0x0000000000009bb0                __sm_foo_wrap_nonce = .
                0x0000000000009bb0        0x2 SHORT 0x0
                0x0000000000009bb2                __sm_foo_wrap_tag = .
                0x0000000000009bb2        0x1 BYTE 0x0
                0x0000000000009bba                . = (. + 0x7)
 *fill*         0x0000000000009bb3        0x7 00

.data.sm.bar.wrapinfo
                0x0000000000009bba        0xa
                0x0000000000009bba                . = ALIGN (0x2)
                0x0000000000009bba                __sm_bar_wrap_nonce = .
                0x0000000000009bba        0x2 SHORT 0x0
                0x0000000000009bbc                __sm_bar_wrap_tag = .
                0x0000000000009bbc        0x1 BYTE 0x0
                0x0000000000009bc4                . = (. + 0x7)
 *fill*         0x0000000000009bbd        0x7 00
                0x0000000000009bc4                _etext = .

.bss            0x0000000000000200     0x1220 load address 0x0000000000009bc4
                0x0000000000000200                PROVIDE (__bss_start, .)
                0x0000000000000200                . = ALIGN (0x2)
                0x0000000000000161                __sm_sancus_sm_timer_secret_start = (. - 0x9f)
 *(.sm.sancus_sm_timer.data)
 .sm.sancus_sm_timer.data
                0x0000000000000200      0x4e0 /home/fritz/git/github/sancus-riot/examples/secure_threads/bin/sancus-msp430/core/sched.o
                0x0000000000000200                sched_num_threads
                0x0000000000000202                sched_active_thread
                0x0000000000000204                sched_active_pid
                0x0000000000000206                initialization_done
                0x0000000000000208                scheduler_entry
                0x000000000000020a                scheduler_timer
                0x0000000000000216                sched_context_switch_request
                0x000000000000021c                sched_runqueues
                0x000000000000023c                sched_threads
 .sm.sancus_sm_timer.data
                0x00000000000006e0      0x102 /home/fritz/git/github/sancus-riot/examples/secure_threads/bin/sancus-msp430/cpu/sm_irq.o
                0x00000000000006e0                __sm_irq_is_in
                0x00000000000006e2                __isr_stack
 .sm.sancus_sm_timer.data
                0x00000000000007e2      0x102 /home/fritz/git/github/sancus-riot/examples/secure_threads/bin/sancus-msp430/periph/timer.o
                0x00000000000007e4                __timer_isr_stack
 .sm.sancus_sm_timer.data
                0x00000000000008e4       0xc4 /home/fritz/git/github/sancus-riot/examples/secure_threads/bin/sancus-msp430/secure_mintimer/secure_mintimer_core.o
                0x00000000000009a8                . = ALIGN (0x2)
                0x00000000000009a8                __sm_sancus_sm_timer_id_sancus_sm_timer = .
                0x00000000000009aa                . = (. + 0x2)
 *fill*         0x00000000000009a8        0x2 00
                0x0000000000000aaa                . = (. + 0x100)
 *fill*         0x00000000000009aa      0x100 00
                0x0000000000000aaa                . = ALIGN (0x2)
                0x0000000000000aaa                __sm_sancus_sm_timer_stack_init = .
                0x0000000000000aac                . = (. + 0x2)
 *fill*         0x0000000000000aaa        0x2 00
                0x0000000000000aac                __sm_sancus_sm_timer_sp = .
                0x0000000000000aae                . = (. + 0x2)
 *fill*         0x0000000000000aac        0x2 00
                0x0000000000000aae                __sm_sancus_sm_timer_ssa_end = .
                0x0000000000000ac8                . = (. + 0x1a)
 *fill*         0x0000000000000aae       0x1a 00
                0x0000000000000ac8                __sm_sancus_sm_timer_ssa_sp = .
                0x0000000000000aca                . = (. + 0x2)
 *fill*         0x0000000000000ac8        0x2 00
                0x0000000000000aca                __sm_sancus_sm_timer_ssa_base = .
                0x0000000000000aca                __sm_sancus_sm_timer_pc = .
                0x0000000000000acc                . = (. + 0x2)
 *fill*         0x0000000000000aca        0x2 00
                0x0000000000000acc                __sm_sancus_sm_timer_ssa_thread_id = .
                0x0000000000000ace                . = (. + 0x2)
 *fill*         0x0000000000000acc        0x2 00
                0x0000000000000ace                __sm_sancus_sm_timer_ssa_caller_id = .
                0x0000000000000ad0                . = (. + 0x2)
 *fill*         0x0000000000000ace        0x2 00
                0x0000000000000ad0                __sm_sancus_sm_timer_irq_sp = .
                0x0000000000000ad2                . = (. + 0x2)
 *fill*         0x0000000000000ad0        0x2 00
                0x0000000000000ad2                __sm_sancus_sm_timer_tmp = .
                0x0000000000000ad4                . = (. + 0x2)
 *fill*         0x0000000000000ad2        0x2 00
                0x0000000000000ad4                . = ALIGN (0x2)
                0x0000000000000ad4                __sm_sancus_sm_timer_ssa_base_addr = .
                0x0000000000000ad6                . = (. + 0x2)
 *fill*         0x0000000000000ad4        0x2 00
                0x0000000000000ad6                . = ALIGN (0x2)
                0x0000000000000ad6                __sm_sancus_sm_timer_secret_end = .
                0x0000000000000ad6                . = ALIGN (0x2)
                0x0000000000000ad6                __sm_foo_secret_start = .
 *(.sm.foo.data)
                0x0000000000000ad6                . = ALIGN (0x2)
                0x0000000000000ad6                __sm_foo_id_sancus_sm_timer = .
                0x0000000000000ad8                . = (. + 0x2)
 *fill*         0x0000000000000ad6        0x2 00
                0x0000000000000bd8                . = (. + 0x100)
 *fill*         0x0000000000000ad8      0x100 00
                0x0000000000000bd8                . = ALIGN (0x2)
                0x0000000000000bd8                __sm_foo_stack_init = .
                0x0000000000000bda                . = (. + 0x2)
 *fill*         0x0000000000000bd8        0x2 00
                0x0000000000000bda                __sm_foo_sp = .
                0x0000000000000bdc                . = (. + 0x2)
 *fill*         0x0000000000000bda        0x2 00
                0x0000000000000bdc                __sm_foo_ssa_end = .
                0x0000000000000bf6                . = (. + 0x1a)
 *fill*         0x0000000000000bdc       0x1a 00
                0x0000000000000bf6                __sm_foo_ssa_sp = .
                0x0000000000000bf8                . = (. + 0x2)
 *fill*         0x0000000000000bf6        0x2 00
                0x0000000000000bf8                __sm_foo_ssa_base = .
                0x0000000000000bf8                __sm_foo_pc = .
                0x0000000000000bfa                . = (. + 0x2)
 *fill*         0x0000000000000bf8        0x2 00
                0x0000000000000bfa                __sm_foo_ssa_thread_id = .
                0x0000000000000bfc                . = (. + 0x2)
 *fill*         0x0000000000000bfa        0x2 00
                0x0000000000000bfc                __sm_foo_ssa_caller_id = .
                0x0000000000000bfe                . = (. + 0x2)
 *fill*         0x0000000000000bfc        0x2 00
                0x0000000000000bfe                __sm_foo_irq_sp = .
                0x0000000000000c00                . = (. + 0x2)
 *fill*         0x0000000000000bfe        0x2 00
                0x0000000000000c00                __sm_foo_tmp = .
                0x0000000000000c02                . = (. + 0x2)
 *fill*         0x0000000000000c00        0x2 00
                0x0000000000000c02                . = ALIGN (0x2)
                0x0000000000000c02                __sm_foo_ssa_base_addr = .
                0x0000000000000c04                . = (. + 0x2)
 *fill*         0x0000000000000c02        0x2 00
                0x0000000000000c04                . = ALIGN (0x2)
                0x0000000000000c04                __sm_foo_secret_end = .
                0x0000000000000c04                . = ALIGN (0x2)
                0x0000000000000c04                __sm_bar_secret_start = .
 *(.sm.bar.data)
                0x0000000000000c04                . = ALIGN (0x2)
                0x0000000000000c04                __sm_bar_id_sancus_sm_timer = .
                0x0000000000000c06                . = (. + 0x2)
 *fill*         0x0000000000000c04        0x2 00
                0x0000000000000d06                . = (. + 0x100)
 *fill*         0x0000000000000c06      0x100 00
                0x0000000000000d06                . = ALIGN (0x2)
                0x0000000000000d06                __sm_bar_stack_init = .
                0x0000000000000d08                . = (. + 0x2)
 *fill*         0x0000000000000d06        0x2 00
                0x0000000000000d08                __sm_bar_sp = .
                0x0000000000000d0a                . = (. + 0x2)
 *fill*         0x0000000000000d08        0x2 00
                0x0000000000000d0a                __sm_bar_ssa_end = .
                0x0000000000000d24                . = (. + 0x1a)
 *fill*         0x0000000000000d0a       0x1a 00
                0x0000000000000d24                __sm_bar_ssa_sp = .
                0x0000000000000d26                . = (. + 0x2)
 *fill*         0x0000000000000d24        0x2 00
                0x0000000000000d26                __sm_bar_ssa_base = .
                0x0000000000000d26                __sm_bar_pc = .
                0x0000000000000d28                . = (. + 0x2)
 *fill*         0x0000000000000d26        0x2 00
                0x0000000000000d28                __sm_bar_ssa_thread_id = .
                0x0000000000000d2a                . = (. + 0x2)
 *fill*         0x0000000000000d28        0x2 00
                0x0000000000000d2a                __sm_bar_ssa_caller_id = .
                0x0000000000000d2c                . = (. + 0x2)
 *fill*         0x0000000000000d2a        0x2 00
                0x0000000000000d2c                __sm_bar_irq_sp = .
                0x0000000000000d2e                . = (. + 0x2)
 *fill*         0x0000000000000d2c        0x2 00
                0x0000000000000d2e                __sm_bar_tmp = .
                0x0000000000000d30                . = (. + 0x2)
 *fill*         0x0000000000000d2e        0x2 00
                0x0000000000000d30                . = ALIGN (0x2)
                0x0000000000000d30                __sm_bar_ssa_base_addr = .
                0x0000000000000d32                . = (. + 0x2)
 *fill*         0x0000000000000d30        0x2 00
                0x0000000000000d32                . = ALIGN (0x2)
                0x0000000000000d32                __sm_bar_secret_end = .
                0x0000000000000d32                __unprotected_sp = .
                0x0000000000000d34                . = (. + 0x2)
 *fill*         0x0000000000000d32        0x2 00
 *(.bss .bss.*)
 .bss           0x0000000000000d34      0x202 /home/fritz/git/github/sancus-riot/examples/secure_threads/bin/sancus-msp430/application_hello-world/main.o
                0x0000000000000d34                sm_1_done
                0x0000000000000d35                sm_2_done
 .bss           0x0000000000000f36       0x86 /home/fritz/git/github/sancus-riot/examples/secure_threads/bin/sancus-msp430/board/uart.o
                0x0000000000000f36                receive_cb
 .bss           0x0000000000000fbc      0x460 /home/fritz/git/github/sancus-riot/examples/secure_threads/bin/sancus-msp430/core/kernel_init.o
 .bss           0x000000000000141c        0x2 /home/fritz/git/github/sancus-riot/examples/secure_threads/bin/sancus-msp430/cpu/irq.o
                0x000000000000141c                __irq_is_in
 .bss           0x000000000000141e        0x2 /home/fritz/git/github/sancus-riot/examples/secure_threads/bin/sancus-msp430/cpu/msp430-main.o
                0x000000000000141e                __heap_end
 *(COMMON)
                0x0000000000001420                . = ALIGN (0x2)
                0x0000000000001420                PROVIDE (__bss_end, .)
                0x0000000000001220                PROVIDE (__bss_size, SIZEOF (.bss))

.data           0x0000000000001420       0x38 load address 0x000000000000ade4
                0x0000000000001420                . = ALIGN (0x2)
                0x0000000000001420                PROVIDE (__data_start, .)
 *(.data .data.* .gnu.linkonce.d.*)
 .data          0x0000000000001420       0x20 /home/fritz/git/github/sancus-riot/examples/secure_threads/bin/sancus-msp430/application_hello-world/main.o
                0x0000000000001420                sm1_name
                0x0000000000001422                sm2_name
                0x0000000000001424                foo
                0x0000000000001432                bar
 .data          0x0000000000001440        0x4 /home/fritz/git/github/sancus-riot/examples/secure_threads/bin/sancus-msp430/core/kernel_init.o
                0x0000000000001440                main_name
                0x0000000000001442                idle_name
 .data          0x0000000000001444        0x2 /home/fritz/git/github/sancus-riot/examples/secure_threads/bin/sancus-msp430/cpu/msp430-main.o
                0x0000000000001444                cur_break
 .data          0x0000000000001446        0xe /home/fritz/git/github/sancus-riot/examples/secure_threads/bin/sancus-msp430/periph/timer.o
                0x0000000000001446                sancus_sm_timer
 .data          0x0000000000001454        0x4 /usr/local/share/sancus-compiler/lib/libsancus-host-support.a(unprotected_entry.s.o)
                0x0000000000001458                . = ALIGN (0x2)
                0x0000000000001458                _edata = .
                0x000000000000ade4                PROVIDE (__data_load_start, LOADADDR (.data))
                0x0000000000000038                PROVIDE (__data_size, (_edata - __data_start))

.noinit         0x0000000000001458        0x2 load address 0x000000000000ae1c
                0x0000000000001458                PROVIDE (__noinit_start, .)
 *(.noinit .noinit.*)
 .noinit.crt0   0x0000000000001458        0x2 /usr/lib/gcc/msp430/4.6.3/libcrt0.a(__watchdog_support.o)
                0x0000000000001458                __wdt_clear_value
                0x000000000000145a                . = ALIGN (0x2)
                0x000000000000145a                PROVIDE (__noinit_end, .)
                0x000000000000145a                . = ALIGN (0x2)
                0x000000000000145a                _end = .

.infomem        0x0000000000000000        0x0
 *(.infomem)
                0x0000000000000000                . = ALIGN (0x2)
 *(.infomem.*)

.infomemnobits  0x0000000000000000        0x0
 *(.infomemnobits)
                0x0000000000000000                . = ALIGN (0x2)
 *(.infomemnobits.*)

.infoa
 *(.infoa .infoa.*)

.infob
 *(.infob .infob.*)

.infoc
 *(.infoc .infoc.*)

.infod
 *(.infod .infod.*)

.vectors        0x000000000000ffe0       0x20
                0x000000000000ffe0                PROVIDE (__vectors_start, .)
 *(.vectors*)
 .vectors       0x000000000000ffe0       0x20 /usr/lib/gcc/msp430/4.6.3/crt0ivtbl16.o
                0x000000000000ffe0                __ivtbl_16
                0x0000000000010000                _vectors_end = .

.fartext        0x0000000000000000        0x0
                0x0000000000000000                . = ALIGN (0x2)
 *(.fartext)
                0x0000000000000000                . = ALIGN (0x2)
 *(.fartext.*)
                0x0000000000000000                _efartext = .

.profiler
 *(.profiler)

.stab
 *(.stab)

.stabstr
 *(.stabstr)

.stab.excl
 *(.stab.excl)

.stab.exclstr
 *(.stab.exclstr)

.stab.index
 *(.stab.index)

.stab.indexstr
 *(.stab.indexstr)

.comment        0x0000000000000000       0x15
 *(.comment)
 .comment       0x0000000000000000       0x15 /home/fritz/git/github/sancus-riot/examples/secure_threads/bin/sancus-msp430/cpu/startup.o
                                         0x16 (size before relaxing)
 .comment       0x0000000000000000       0x16 /home/fritz/git/github/sancus-riot/examples/secure_threads/bin/sancus-msp430/cpu/startup.o
 .comment       0x0000000000000000       0x16 /home/fritz/git/github/sancus-riot/examples/secure_threads/bin/sancus-msp430/cpu/startup.o
 .comment       0x0000000000000000       0x16 /home/fritz/git/github/sancus-riot/examples/secure_threads/bin/sancus-msp430/application_hello-world/main.o
 .comment       0x0000000000000000       0x16 /home/fritz/git/github/sancus-riot/examples/secure_threads/bin/sancus-msp430/auto_init/auto_init.o
 .comment       0x0000000000000000       0x16 /home/fritz/git/github/sancus-riot/examples/secure_threads/bin/sancus-msp430/board/board_init.o
 .comment       0x0000000000000000       0x16 /home/fritz/git/github/sancus-riot/examples/secure_threads/bin/sancus-msp430/board/uart.o
 .comment       0x0000000000000000       0x16 /home/fritz/git/github/sancus-riot/examples/secure_threads/bin/sancus-msp430/core/panic.o
 .comment       0x0000000000000000       0x16 /home/fritz/git/github/sancus-riot/examples/secure_threads/bin/sancus-msp430/core/bitarithm.o
 .comment       0x0000000000000000       0x16 /home/fritz/git/github/sancus-riot/examples/secure_threads/bin/sancus-msp430/core/sched.o
 .comment       0x0000000000000000       0x16 /home/fritz/git/github/sancus-riot/examples/secure_threads/bin/sancus-msp430/core/clist.o
 .comment       0x0000000000000000       0x16 /home/fritz/git/github/sancus-riot/examples/secure_threads/bin/sancus-msp430/core/mutex.o
 .comment       0x0000000000000000       0x16 /home/fritz/git/github/sancus-riot/examples/secure_threads/bin/sancus-msp430/core/lifo.o
 .comment       0x0000000000000000       0x16 /home/fritz/git/github/sancus-riot/examples/secure_threads/bin/sancus-msp430/core/cond.o
 .comment       0x0000000000000000       0x16 /home/fritz/git/github/sancus-riot/examples/secure_threads/bin/sancus-msp430/core/rmutex.o
 .comment       0x0000000000000000       0x16 /home/fritz/git/github/sancus-riot/examples/secure_threads/bin/sancus-msp430/core/ringbuffer.o
 .comment       0x0000000000000000       0x16 /home/fritz/git/github/sancus-riot/examples/secure_threads/bin/sancus-msp430/core/priority_queue.o
 .comment       0x0000000000000000       0x16 /home/fritz/git/github/sancus-riot/examples/secure_threads/bin/sancus-msp430/core/kernel_init.o
 .comment       0x0000000000000000       0x16 /home/fritz/git/github/sancus-riot/examples/secure_threads/bin/sancus-msp430/core/atomic_sync.o
 .comment       0x0000000000000000       0x16 /home/fritz/git/github/sancus-riot/examples/secure_threads/bin/sancus-msp430/core/thread.o
 .comment       0x0000000000000000       0x16 /home/fritz/git/github/sancus-riot/examples/secure_threads/bin/sancus-msp430/core/assert.o
 .comment       0x0000000000000000       0x16 /home/fritz/git/github/sancus-riot/examples/secure_threads/bin/sancus-msp430/core/msg.o
 .comment       0x0000000000000000       0x16 /home/fritz/git/github/sancus-riot/examples/secure_threads/bin/sancus-msp430/cpu/evaluation_helper.o
 .comment       0x0000000000000000       0x16 /home/fritz/git/github/sancus-riot/examples/secure_threads/bin/sancus-msp430/cpu/msp430_stdio.o
 .comment       0x0000000000000000       0x16 /home/fritz/git/github/sancus-riot/examples/secure_threads/bin/sancus-msp430/cpu/irq.o
 .comment       0x0000000000000000       0x16 /home/fritz/git/github/sancus-riot/examples/secure_threads/bin/sancus-msp430/cpu/msp430-main.o
 .comment       0x0000000000000000       0x16 /home/fritz/git/github/sancus-riot/examples/secure_threads/bin/sancus-msp430/cpu/sancus_helpers.o
 .comment       0x0000000000000000       0x16 /home/fritz/git/github/sancus-riot/examples/secure_threads/bin/sancus-msp430/cpu/cpu.o
 .comment       0x0000000000000000       0x16 /home/fritz/git/github/sancus-riot/examples/secure_threads/bin/sancus-msp430/cpu/mspgcc-supplement.o
 .comment       0x0000000000000000       0x16 /home/fritz/git/github/sancus-riot/examples/secure_threads/bin/sancus-msp430/cpu/malloc.o
 .comment       0x0000000000000000       0x16 /home/fritz/git/github/sancus-riot/examples/secure_threads/bin/sancus-msp430/cpu/sm_irq.o
 .comment       0x0000000000000000       0x16 /home/fritz/git/github/sancus-riot/examples/secure_threads/bin/sancus-msp430/cpu/startup.o
 .comment       0x0000000000000000       0x16 /home/fritz/git/github/sancus-riot/examples/secure_threads/bin/sancus-msp430/div/div.o
 .comment       0x0000000000000000       0x16 /home/fritz/git/github/sancus-riot/examples/secure_threads/bin/sancus-msp430/oneway_malloc/oneway-malloc.o
 .comment       0x0000000000000000       0x16 /home/fritz/git/github/sancus-riot/examples/secure_threads/bin/sancus-msp430/periph/timer.o
 .comment       0x0000000000000000       0x16 /home/fritz/git/github/sancus-riot/examples/secure_threads/bin/sancus-msp430/secure_mintimer/secure_mintimer_core.o
 .comment       0x0000000000000000       0x16 /home/fritz/git/github/sancus-riot/examples/secure_threads/bin/sancus-msp430/stdio_uart/stdio_uart.o
 .comment       0x0000000000000000       0x16 /home/fritz/git/github/sancus-riot/examples/secure_threads/bin/sancus-msp430/periph_common/gpio_util.o
 .comment       0x0000000000000000       0x16 /home/fritz/git/github/sancus-riot/examples/secure_threads/bin/sancus-msp430/periph_common/init.o
 .comment       0x0000000000000000       0x16 /home/fritz/git/github/sancus-riot/examples/secure_threads/bin/sancus-msp430/periph_common/flashpage.o
 .comment       0x0000000000000000       0x16 /home/fritz/git/github/sancus-riot/examples/secure_threads/bin/sancus-msp430/periph_common/pm.o
 .comment       0x0000000000000000       0x16 /home/fritz/git/github/sancus-riot/examples/secure_threads/bin/sancus-msp430/periph_common/i2c.o
 .comment       0x0000000000000000       0x16 /home/fritz/git/github/sancus-riot/examples/secure_threads/bin/sancus-msp430/periph_common/cpuid.o
 .comment       0x0000000000000000       0x16 /home/fritz/git/github/sancus-riot/examples/secure_threads/bin/sancus-msp430/periph_common/spi.o
 .comment       0x0000000000000000       0x16 /home/fritz/git/github/sancus-riot/examples/secure_threads/bin/sancus-msp430/periph_common/eeprom.o
 .comment       0x0000000000000000       0x16 /home/fritz/git/github/sancus-riot/examples/secure_threads/bin/sancus-msp430/periph_common/rtc.o
 .comment       0x0000000000000000       0x16 /home/fritz/git/github/sancus-riot/examples/secure_threads/bin/sancus-msp430/periph_common/timer.o

.debug
 *(.debug)

.line
 *(.line)

.debug_srcinfo
 *(.debug_srcinfo)

.debug_sfnames
 *(.debug_sfnames)

.debug_aranges  0x0000000000000000      0x168
 *(.debug_aranges)
 .debug_aranges
                0x0000000000000000       0x14 /usr/lib/gcc/msp430/4.6.3/libgcc.a(_mulhi3.o)
 .debug_aranges
                0x0000000000000014       0x14 /usr/lib/gcc/msp430/4.6.3/libgcc.a(_muldi3.o)
 .debug_aranges
                0x0000000000000028       0x14 /usr/lib/gcc/msp430/4.6.3/libgcc.a(_divmod16.o)
 .debug_aranges
                0x000000000000003c       0x14 /usr/lib/gcc/msp430/4.6.3/libgcc.a(_udivmod16.o)
 .debug_aranges
                0x0000000000000050       0x14 /usr/msp430/lib/libc.a(memcpy.o)
 .debug_aranges
                0x0000000000000064       0x14 /usr/msp430/lib/libc.a(memset.o)
 .debug_aranges
                0x0000000000000078       0x14 /usr/msp430/lib/libc.a(printf.o)
 .debug_aranges
                0x000000000000008c       0x14 /usr/msp430/lib/libc.a(vuprintf.o)
 .debug_aranges
                0x00000000000000a0       0x14 /usr/msp430/lib/libc.a(puts.o)
 .debug_aranges
                0x00000000000000b4       0x14 /usr/lib/gcc/msp430/4.6.3/libgcc.a(_udivmod32.o)
 .debug_aranges
                0x00000000000000c8       0x14 /usr/lib/gcc/msp430/4.6.3/libgcc.a(_udivmod64.o)
 .debug_aranges
                0x00000000000000dc       0x14 /usr/lib/gcc/msp430/4.6.3/libcrt0.a(__watchdog_support.o)
 .debug_aranges
                0x00000000000000f0       0x14 /usr/lib/gcc/msp430/4.6.3/libcrt0.a(__init_stack.o)
 .debug_aranges
                0x0000000000000104       0x14 /usr/lib/gcc/msp430/4.6.3/libcrt0.a(_copy_data.o)
 .debug_aranges
                0x0000000000000118       0x14 /usr/lib/gcc/msp430/4.6.3/libcrt0.a(_clear_bss.o)
 .debug_aranges
                0x000000000000012c       0x14 /usr/lib/gcc/msp430/4.6.3/libcrt0.a(_endless_loop__.o)
 .debug_aranges
                0x0000000000000140       0x14 /usr/lib/gcc/msp430/4.6.3/libcrt0.a(_unexpected_.o)
 .debug_aranges
                0x0000000000000154       0x14 /usr/lib/gcc/msp430/4.6.3/libcrt0.a(_ctors430.o)

.debug_pubnames
 *(.debug_pubnames)

.debug_info     0x0000000000000000     0x140b
 *(.debug_info)
 .debug_info    0x0000000000000000       0xe4 /usr/lib/gcc/msp430/4.6.3/libgcc.a(_mulhi3.o)
 .debug_info    0x00000000000000e4       0xe4 /usr/lib/gcc/msp430/4.6.3/libgcc.a(_muldi3.o)
 .debug_info    0x00000000000001c8       0xe4 /usr/lib/gcc/msp430/4.6.3/libgcc.a(_divmod16.o)
 .debug_info    0x00000000000002ac       0xe4 /usr/lib/gcc/msp430/4.6.3/libgcc.a(_udivmod16.o)
 .debug_info    0x0000000000000390      0x113 /usr/msp430/lib/libc.a(memcpy.o)
 .debug_info    0x00000000000004a3       0xfe /usr/msp430/lib/libc.a(memset.o)
 .debug_info    0x00000000000005a1      0x105 /usr/msp430/lib/libc.a(printf.o)
 .debug_info    0x00000000000006a6      0x565 /usr/msp430/lib/libc.a(vuprintf.o)
 .debug_info    0x0000000000000c0b       0x96 /usr/msp430/lib/libc.a(puts.o)
 .debug_info    0x0000000000000ca1       0xe4 /usr/lib/gcc/msp430/4.6.3/libgcc.a(_udivmod32.o)
 .debug_info    0x0000000000000d85       0xe4 /usr/lib/gcc/msp430/4.6.3/libgcc.a(_udivmod64.o)
 .debug_info    0x0000000000000e69       0xce /usr/lib/gcc/msp430/4.6.3/libcrt0.a(__watchdog_support.o)
 .debug_info    0x0000000000000f37       0xce /usr/lib/gcc/msp430/4.6.3/libcrt0.a(__init_stack.o)
 .debug_info    0x0000000000001005       0xce /usr/lib/gcc/msp430/4.6.3/libcrt0.a(_copy_data.o)
 .debug_info    0x00000000000010d3       0xce /usr/lib/gcc/msp430/4.6.3/libcrt0.a(_clear_bss.o)
 .debug_info    0x00000000000011a1       0xce /usr/lib/gcc/msp430/4.6.3/libcrt0.a(_endless_loop__.o)
 .debug_info    0x000000000000126f       0xce /usr/lib/gcc/msp430/4.6.3/libcrt0.a(_unexpected_.o)
 .debug_info    0x000000000000133d       0xce /usr/lib/gcc/msp430/4.6.3/libcrt0.a(_ctors430.o)
 *(.gnu.linkonce.wi.*)

.debug_abbrev   0x0000000000000000      0x556
 *(.debug_abbrev)
 .debug_abbrev  0x0000000000000000       0x14 /usr/lib/gcc/msp430/4.6.3/libgcc.a(_mulhi3.o)
 .debug_abbrev  0x0000000000000014       0x14 /usr/lib/gcc/msp430/4.6.3/libgcc.a(_muldi3.o)
 .debug_abbrev  0x0000000000000028       0x14 /usr/lib/gcc/msp430/4.6.3/libgcc.a(_divmod16.o)
 .debug_abbrev  0x000000000000003c       0x14 /usr/lib/gcc/msp430/4.6.3/libgcc.a(_udivmod16.o)
 .debug_abbrev  0x0000000000000050       0x97 /usr/msp430/lib/libc.a(memcpy.o)
 .debug_abbrev  0x00000000000000e7       0x9c /usr/msp430/lib/libc.a(memset.o)
 .debug_abbrev  0x0000000000000183       0xd0 /usr/msp430/lib/libc.a(printf.o)
 .debug_abbrev  0x0000000000000253      0x1ef /usr/msp430/lib/libc.a(vuprintf.o)
 .debug_abbrev  0x0000000000000442       0x60 /usr/msp430/lib/libc.a(puts.o)
 .debug_abbrev  0x00000000000004a2       0x14 /usr/lib/gcc/msp430/4.6.3/libgcc.a(_udivmod32.o)
 .debug_abbrev  0x00000000000004b6       0x14 /usr/lib/gcc/msp430/4.6.3/libgcc.a(_udivmod64.o)
 .debug_abbrev  0x00000000000004ca       0x14 /usr/lib/gcc/msp430/4.6.3/libcrt0.a(__watchdog_support.o)
 .debug_abbrev  0x00000000000004de       0x14 /usr/lib/gcc/msp430/4.6.3/libcrt0.a(__init_stack.o)
 .debug_abbrev  0x00000000000004f2       0x14 /usr/lib/gcc/msp430/4.6.3/libcrt0.a(_copy_data.o)
 .debug_abbrev  0x0000000000000506       0x14 /usr/lib/gcc/msp430/4.6.3/libcrt0.a(_clear_bss.o)
 .debug_abbrev  0x000000000000051a       0x14 /usr/lib/gcc/msp430/4.6.3/libcrt0.a(_endless_loop__.o)
 .debug_abbrev  0x000000000000052e       0x14 /usr/lib/gcc/msp430/4.6.3/libcrt0.a(_unexpected_.o)
 .debug_abbrev  0x0000000000000542       0x14 /usr/lib/gcc/msp430/4.6.3/libcrt0.a(_ctors430.o)

.debug_line     0x0000000000000000      0xdae
 *(.debug_line)
 .debug_line    0x0000000000000000       0xa4 /usr/lib/gcc/msp430/4.6.3/libgcc.a(_mulhi3.o)
 .debug_line    0x00000000000000a4       0xce /usr/lib/gcc/msp430/4.6.3/libgcc.a(_muldi3.o)
 .debug_line    0x0000000000000172       0xb2 /usr/lib/gcc/msp430/4.6.3/libgcc.a(_divmod16.o)
 .debug_line    0x0000000000000224       0xa7 /usr/lib/gcc/msp430/4.6.3/libgcc.a(_udivmod16.o)
 .debug_line    0x00000000000002cb       0xe9 /usr/msp430/lib/libc.a(memcpy.o)
 .debug_line    0x00000000000003b4       0xc8 /usr/msp430/lib/libc.a(memset.o)
 .debug_line    0x000000000000047c       0x72 /usr/msp430/lib/libc.a(printf.o)
 .debug_line    0x00000000000004ee      0x2d2 /usr/msp430/lib/libc.a(vuprintf.o)
 .debug_line    0x00000000000007c0       0x4d /usr/msp430/lib/libc.a(puts.o)
 .debug_line    0x000000000000080d       0xb6 /usr/lib/gcc/msp430/4.6.3/libgcc.a(_udivmod32.o)
 .debug_line    0x00000000000008c3       0xfc /usr/lib/gcc/msp430/4.6.3/libgcc.a(_udivmod64.o)
 .debug_line    0x00000000000009bf       0x8f /usr/lib/gcc/msp430/4.6.3/libcrt0.a(__watchdog_support.o)
 .debug_line    0x0000000000000a4e       0x8d /usr/lib/gcc/msp430/4.6.3/libcrt0.a(__init_stack.o)
 .debug_line    0x0000000000000adb       0x93 /usr/lib/gcc/msp430/4.6.3/libcrt0.a(_copy_data.o)
 .debug_line    0x0000000000000b6e       0x93 /usr/lib/gcc/msp430/4.6.3/libcrt0.a(_clear_bss.o)
 .debug_line    0x0000000000000c01       0x8e /usr/lib/gcc/msp430/4.6.3/libcrt0.a(_endless_loop__.o)
 .debug_line    0x0000000000000c8f       0x8d /usr/lib/gcc/msp430/4.6.3/libcrt0.a(_unexpected_.o)
 .debug_line    0x0000000000000d1c       0x92 /usr/lib/gcc/msp430/4.6.3/libcrt0.a(_ctors430.o)

.debug_frame    0x0000000000000000      0x168
 *(.debug_frame)
 .debug_frame   0x0000000000000000       0x38 /usr/msp430/lib/libc.a(memcpy.o)
 .debug_frame   0x0000000000000038       0x32 /usr/msp430/lib/libc.a(memset.o)
 .debug_frame   0x000000000000006a       0x2a /usr/msp430/lib/libc.a(printf.o)
 .debug_frame   0x0000000000000094       0xb0 /usr/msp430/lib/libc.a(vuprintf.o)
 .debug_frame   0x0000000000000144       0x24 /usr/msp430/lib/libc.a(puts.o)

.debug_str      0x0000000000000000      0x385
 *(.debug_str)
 .debug_str     0x0000000000000000       0xe9 /usr/msp430/lib/libc.a(memcpy.o)
                                        0x122 (size before relaxing)
 .debug_str     0x00000000000000e9       0x26 /usr/msp430/lib/libc.a(memset.o)
                                        0x120 (size before relaxing)
 .debug_str     0x000000000000010f       0x40 /usr/msp430/lib/libc.a(printf.o)
                                        0x136 (size before relaxing)
 .debug_str     0x000000000000014f      0x221 /usr/msp430/lib/libc.a(vuprintf.o)
                                        0x381 (size before relaxing)
 .debug_str     0x0000000000000370       0x15 /usr/msp430/lib/libc.a(puts.o)
                                         0xfc (size before relaxing)

.debug_loc      0x0000000000000000      0xa2e
 *(.debug_loc)
 .debug_loc     0x0000000000000000      0x1f0 /usr/msp430/lib/libc.a(memcpy.o)
 .debug_loc     0x00000000000001f0       0xdb /usr/msp430/lib/libc.a(memset.o)
 .debug_loc     0x00000000000002cb       0x38 /usr/msp430/lib/libc.a(printf.o)
 .debug_loc     0x0000000000000303      0x705 /usr/msp430/lib/libc.a(vuprintf.o)
 .debug_loc     0x0000000000000a08       0x26 /usr/msp430/lib/libc.a(puts.o)

.debug_macinfo
 *(.debug_macinfo)

.debug_pubtypes
 *(.debug_pubtypes)

.debug_ranges   0x0000000000000000       0x18
 *(.debug_ranges)
 .debug_ranges  0x0000000000000000       0x18 /usr/msp430/lib/libc.a(vuprintf.o)
                0x0000000000004200                PROVIDE (__stack, (ORIGIN (ram) + 0x4000))
                0x0000000000009bc4                PROVIDE (__data_start_rom, _etext)
                0x0000000000009bfc                PROVIDE (__data_end_rom, (_etext + SIZEOF (.data)))
                0x0000000000000000                __sm_sancus_sm_timer_entry__secure_mintimer_now_idx = 0x0
                0x0000000000000001                __sm_sancus_sm_timer_entry__secure_mintimer_now64_idx = 0x1
                0x0000000000000002                __sm_sancus_sm_timer_entry_exitless_entry_idx = 0x2
                0x0000000000000003                __sm_sancus_sm_timer_entry_sched_run_idx = 0x3
                0x0000000000000004                __sm_sancus_sm_timer_entry_sched_set_own_status_idx = 0x4
                0x0000000000000005                __sm_sancus_sm_timer_entry_sched_shut_down_idx = 0x5
                0x0000000000000006                __sm_sancus_sm_timer_entry_sm_timer_read_idx = 0x6
                0x0000000000000007                __sm_sancus_sm_timer_entry_thread_change_to_periodical_idx = 0x7
                0x0000000000000008                __sm_sancus_sm_timer_entry_thread_create_protected_in_scheduler_idx = 0x8
                0x0000000000000009                __sm_sancus_sm_timer_entry_thread_create_unprotected_in_scheduler_idx = 0x9
                0x000000000000000a                __sm_sancus_sm_timer_entry_thread_getpid_idx = 0xa
                0x000000000000000b                __sm_sancus_sm_timer_entry_thread_getstatus_idx = 0xb
                0x000000000000000c                __sm_sancus_sm_timer_entry_thread_sleep_idx = 0xc
                0x000000000000000d                __sm_sancus_sm_timer_entry_thread_wakeup_idx = 0xd
                0x000000000000000e                __sm_sancus_sm_timer_nentries = 0xe
                0x0000000000000000                __sm_sancus_sm_timer_num_connections = 0x0
                0x0000000000000000                __sm_sancus_sm_timer_num_inputs = 0x0
                0x0000000000000000                __sm_foo_entry_foo_greet_idx = 0x0
                0x0000000000000001                __sm_foo_nentries = 0x1
                0x0000000000000000                __sm_foo_num_connections = 0x0
                0x0000000000000000                __sm_foo_num_inputs = 0x0
                0x0000000000000000                __sm_bar_entry_bar_greet_idx = 0x0
                0x0000000000000001                __sm_bar_nentries = 0x1
                0x0000000000000000                __sm_bar_num_connections = 0x0
                0x0000000000000000                __sm_bar_num_inputs = 0x0
OUTPUT(/home/fritz/git/github/sancus-riot/examples/secure_threads/bin/sancus-msp430/hello-world.elf elf32-msp430)

.note.GNU-stack
                0x0000000000000000        0x0
 .note.GNU-stack
                0x0000000000000000        0x0 /home/fritz/git/github/sancus-riot/examples/secure_threads/bin/sancus-msp430/cpu/startup.o
 .note.GNU-stack
                0x0000000000000000        0x0 /home/fritz/git/github/sancus-riot/examples/secure_threads/bin/sancus-msp430/cpu/startup.o
 .note.GNU-stack
                0x0000000000000000        0x0 /home/fritz/git/github/sancus-riot/examples/secure_threads/bin/sancus-msp430/cpu/startup.o
 .note.GNU-stack
                0x0000000000000000        0x0 /home/fritz/git/github/sancus-riot/examples/secure_threads/bin/sancus-msp430/application_hello-world/main.o
 .note.GNU-stack
                0x0000000000000000        0x0 /home/fritz/git/github/sancus-riot/examples/secure_threads/bin/sancus-msp430/auto_init/auto_init.o
 .note.GNU-stack
                0x0000000000000000        0x0 /home/fritz/git/github/sancus-riot/examples/secure_threads/bin/sancus-msp430/board/board_init.o
 .note.GNU-stack
                0x0000000000000000        0x0 /home/fritz/git/github/sancus-riot/examples/secure_threads/bin/sancus-msp430/board/uart.o
 .note.GNU-stack
                0x0000000000000000        0x0 /home/fritz/git/github/sancus-riot/examples/secure_threads/bin/sancus-msp430/core/panic.o
 .note.GNU-stack
                0x0000000000000000        0x0 /home/fritz/git/github/sancus-riot/examples/secure_threads/bin/sancus-msp430/core/bitarithm.o
 .note.GNU-stack
                0x0000000000000000        0x0 /home/fritz/git/github/sancus-riot/examples/secure_threads/bin/sancus-msp430/core/sched.o
 .note.GNU-stack
                0x0000000000000000        0x0 /home/fritz/git/github/sancus-riot/examples/secure_threads/bin/sancus-msp430/core/clist.o
 .note.GNU-stack
                0x0000000000000000        0x0 /home/fritz/git/github/sancus-riot/examples/secure_threads/bin/sancus-msp430/core/mutex.o
 .note.GNU-stack
                0x0000000000000000        0x0 /home/fritz/git/github/sancus-riot/examples/secure_threads/bin/sancus-msp430/core/lifo.o
 .note.GNU-stack
                0x0000000000000000        0x0 /home/fritz/git/github/sancus-riot/examples/secure_threads/bin/sancus-msp430/core/cond.o
 .note.GNU-stack
                0x0000000000000000        0x0 /home/fritz/git/github/sancus-riot/examples/secure_threads/bin/sancus-msp430/core/rmutex.o
 .note.GNU-stack
                0x0000000000000000        0x0 /home/fritz/git/github/sancus-riot/examples/secure_threads/bin/sancus-msp430/core/ringbuffer.o
 .note.GNU-stack
                0x0000000000000000        0x0 /home/fritz/git/github/sancus-riot/examples/secure_threads/bin/sancus-msp430/core/priority_queue.o
 .note.GNU-stack
                0x0000000000000000        0x0 /home/fritz/git/github/sancus-riot/examples/secure_threads/bin/sancus-msp430/core/kernel_init.o
 .note.GNU-stack
                0x0000000000000000        0x0 /home/fritz/git/github/sancus-riot/examples/secure_threads/bin/sancus-msp430/core/atomic_sync.o
 .note.GNU-stack
                0x0000000000000000        0x0 /home/fritz/git/github/sancus-riot/examples/secure_threads/bin/sancus-msp430/core/thread.o
 .note.GNU-stack
                0x0000000000000000        0x0 /home/fritz/git/github/sancus-riot/examples/secure_threads/bin/sancus-msp430/core/assert.o
 .note.GNU-stack
                0x0000000000000000        0x0 /home/fritz/git/github/sancus-riot/examples/secure_threads/bin/sancus-msp430/core/msg.o
 .note.GNU-stack
                0x0000000000000000        0x0 /home/fritz/git/github/sancus-riot/examples/secure_threads/bin/sancus-msp430/cpu/evaluation_helper.o
 .note.GNU-stack
                0x0000000000000000        0x0 /home/fritz/git/github/sancus-riot/examples/secure_threads/bin/sancus-msp430/cpu/msp430_stdio.o
 .note.GNU-stack
                0x0000000000000000        0x0 /home/fritz/git/github/sancus-riot/examples/secure_threads/bin/sancus-msp430/cpu/irq.o
 .note.GNU-stack
                0x0000000000000000        0x0 /home/fritz/git/github/sancus-riot/examples/secure_threads/bin/sancus-msp430/cpu/msp430-main.o
 .note.GNU-stack
                0x0000000000000000        0x0 /home/fritz/git/github/sancus-riot/examples/secure_threads/bin/sancus-msp430/cpu/sancus_helpers.o
 .note.GNU-stack
                0x0000000000000000        0x0 /home/fritz/git/github/sancus-riot/examples/secure_threads/bin/sancus-msp430/cpu/cpu.o
 .note.GNU-stack
                0x0000000000000000        0x0 /home/fritz/git/github/sancus-riot/examples/secure_threads/bin/sancus-msp430/cpu/mspgcc-supplement.o
 .note.GNU-stack
                0x0000000000000000        0x0 /home/fritz/git/github/sancus-riot/examples/secure_threads/bin/sancus-msp430/cpu/malloc.o
 .note.GNU-stack
                0x0000000000000000        0x0 /home/fritz/git/github/sancus-riot/examples/secure_threads/bin/sancus-msp430/cpu/sm_irq.o
 .note.GNU-stack
                0x0000000000000000        0x0 /home/fritz/git/github/sancus-riot/examples/secure_threads/bin/sancus-msp430/cpu/startup.o
 .note.GNU-stack
                0x0000000000000000        0x0 /home/fritz/git/github/sancus-riot/examples/secure_threads/bin/sancus-msp430/div/div.o
 .note.GNU-stack
                0x0000000000000000        0x0 /home/fritz/git/github/sancus-riot/examples/secure_threads/bin/sancus-msp430/oneway_malloc/oneway-malloc.o
 .note.GNU-stack
                0x0000000000000000        0x0 /home/fritz/git/github/sancus-riot/examples/secure_threads/bin/sancus-msp430/periph/timer.o
 .note.GNU-stack
                0x0000000000000000        0x0 /home/fritz/git/github/sancus-riot/examples/secure_threads/bin/sancus-msp430/secure_mintimer/secure_mintimer_core.o
 .note.GNU-stack
                0x0000000000000000        0x0 /home/fritz/git/github/sancus-riot/examples/secure_threads/bin/sancus-msp430/stdio_uart/stdio_uart.o
 .note.GNU-stack
                0x0000000000000000        0x0 /home/fritz/git/github/sancus-riot/examples/secure_threads/bin/sancus-msp430/periph_common/gpio_util.o
 .note.GNU-stack
                0x0000000000000000        0x0 /home/fritz/git/github/sancus-riot/examples/secure_threads/bin/sancus-msp430/periph_common/init.o
 .note.GNU-stack
                0x0000000000000000        0x0 /home/fritz/git/github/sancus-riot/examples/secure_threads/bin/sancus-msp430/periph_common/flashpage.o
 .note.GNU-stack
                0x0000000000000000        0x0 /home/fritz/git/github/sancus-riot/examples/secure_threads/bin/sancus-msp430/periph_common/pm.o
 .note.GNU-stack
                0x0000000000000000        0x0 /home/fritz/git/github/sancus-riot/examples/secure_threads/bin/sancus-msp430/periph_common/i2c.o
 .note.GNU-stack
                0x0000000000000000        0x0 /home/fritz/git/github/sancus-riot/examples/secure_threads/bin/sancus-msp430/periph_common/cpuid.o
 .note.GNU-stack
                0x0000000000000000        0x0 /home/fritz/git/github/sancus-riot/examples/secure_threads/bin/sancus-msp430/periph_common/spi.o
 .note.GNU-stack
                0x0000000000000000        0x0 /home/fritz/git/github/sancus-riot/examples/secure_threads/bin/sancus-msp430/periph_common/eeprom.o
 .note.GNU-stack
                0x0000000000000000        0x0 /home/fritz/git/github/sancus-riot/examples/secure_threads/bin/sancus-msp430/periph_common/rtc.o
 .note.GNU-stack
                0x0000000000000000        0x0 /home/fritz/git/github/sancus-riot/examples/secure_threads/bin/sancus-msp430/periph_common/timer.o
