Archive member included because of file (symbol)

/usr/local/share/sancus-support/lib/libsm-io.a(sm_io.c.o)
                              /home/fritz/git/github/sancus-riot/examples/evaluation/bin/sancus-msp430/cpu/startup.o (putchar)
/usr/local/share/sancus-compiler/lib/libsancus-sm-support.a(sm_support.c.o)
                              /home/fritz/git/github/sancus-riot/examples/evaluation/bin/sancus-msp430/cpu/sancus_helpers.o (sancus_enable)
/usr/local/share/sancus-compiler/lib/libsancus-host-support.a(unprotected_entry.s.o)
                              /home/fritz/git/github/sancus-riot/examples/evaluation/bin/sancus-msp430/application_hello-world/main.o (__unprotected_sp)
/usr/lib/gcc/msp430/4.6.3/libgcc.a(_mulhi3.o)
                              /home/fritz/git/github/sancus-riot/examples/evaluation/bin/sancus-msp430/application_hello-world/main.o (__mulhi3)
/usr/lib/gcc/msp430/4.6.3/libgcc.a(_mulsi3.o)
                              /home/fritz/git/github/sancus-riot/examples/evaluation/bin/sancus-msp430/application_hello-world/main.o (__mulsi3)
/usr/lib/gcc/msp430/4.6.3/libgcc.a(_muldi3.o)
                              /home/fritz/git/github/sancus-riot/examples/evaluation/bin/sancus-msp430/div/div.o (__muldi3)
/usr/lib/gcc/msp430/4.6.3/libgcc.a(_divmod16.o)
                              /home/fritz/git/github/sancus-riot/examples/evaluation/bin/sancus-msp430/periph_common/rtc.o (__modhi3)
/usr/lib/gcc/msp430/4.6.3/libgcc.a(_udivmod16.o)
                              /usr/lib/gcc/msp430/4.6.3/libgcc.a(_divmod16.o) (__ext_udivmod16)
/usr/msp430/lib/libc.a(memcpy.o)
                              /home/fritz/git/github/sancus-riot/examples/evaluation/bin/sancus-msp430/core/ringbuffer.o (memcpy)
/usr/msp430/lib/libc.a(memset.o)
                              /home/fritz/git/github/sancus-riot/examples/evaluation/bin/sancus-msp430/core/lifo.o (memset)
/usr/msp430/lib/libc.a(printf.o)
                              /home/fritz/git/github/sancus-riot/examples/evaluation/bin/sancus-msp430/cpu/startup.o (printf)
/usr/msp430/lib/libc.a(vuprintf.o)
                              /usr/msp430/lib/libc.a(printf.o) (vuprintf)
/usr/msp430/lib/libc.a(puts.o)
                              /home/fritz/git/github/sancus-riot/examples/evaluation/bin/sancus-msp430/board/board_init.o (puts)
/usr/msp430/lib/libc.a(div.o)
                              /home/fritz/git/github/sancus-riot/examples/evaluation/bin/sancus-msp430/periph_common/rtc.o (div)
/usr/msp430/lib/libc.a(exit.o)
                              /tmp/tmpdmivvy_x.o (exit)
/usr/lib/gcc/msp430/4.6.3/libgcc.a(_udivmod32.o)
                              /usr/msp430/lib/libc.a(vuprintf.o) (__udivsi3)
/usr/lib/gcc/msp430/4.6.3/libgcc.a(_udivmod64.o)
                              /usr/msp430/lib/libc.a(vuprintf.o) (__udivdi3)
/usr/lib/gcc/msp430/4.6.3/libcrt0.a(_reset_vector__.o)
                              /usr/lib/gcc/msp430/4.6.3/crt0ivtbl16.o (_reset_vector__)
/usr/lib/gcc/msp430/4.6.3/libcrt0.a(__watchdog_support.o)
                              /usr/lib/gcc/msp430/4.6.3/libcrt0.a(_reset_vector__.o) (__watchdog_support)
/usr/lib/gcc/msp430/4.6.3/libcrt0.a(__init_stack.o)
                              /usr/lib/gcc/msp430/4.6.3/libcrt0.a(_reset_vector__.o) (__init_stack)
/usr/lib/gcc/msp430/4.6.3/libcrt0.a(__low_level_init.o)
                              /usr/lib/gcc/msp430/4.6.3/libcrt0.a(_reset_vector__.o) (__low_level_init)
/usr/lib/gcc/msp430/4.6.3/libcrt0.a(_copy_data.o)
                              /usr/lib/gcc/msp430/4.6.3/libcrt0.a(_reset_vector__.o) (__do_copy_data)
/usr/lib/gcc/msp430/4.6.3/libcrt0.a(_clear_bss.o)
                              /usr/lib/gcc/msp430/4.6.3/libcrt0.a(_reset_vector__.o) (__do_clear_bss)
/usr/lib/gcc/msp430/4.6.3/libcrt0.a(__stop_progExec__.o)
                              /usr/lib/gcc/msp430/4.6.3/libcrt0.a(_reset_vector__.o) (__stop_progExec__)
/usr/lib/gcc/msp430/4.6.3/libcrt0.a(_endless_loop__.o)
                              /usr/lib/gcc/msp430/4.6.3/libcrt0.a(_reset_vector__.o) (_endless_loop__)
/usr/lib/gcc/msp430/4.6.3/libcrt0.a(_unexpected_.o)
                              /usr/lib/gcc/msp430/4.6.3/crt0ivtbl16.o (_unexpected_)
/usr/lib/gcc/msp430/4.6.3/libcrt0.a(_ctors430.o)
                              /home/fritz/git/github/sancus-riot/examples/evaluation/bin/sancus-msp430/cpu/startup.o (__do_global_ctors)

Discarded input sections

 .data          0x0000000000000000        0x0 /usr/lib/gcc/msp430/4.6.3/crt0ivtbl16.o
 .bss           0x0000000000000000        0x0 /usr/lib/gcc/msp430/4.6.3/crt0ivtbl16.o
 .text.crt0     0x0000000000000000        0x0 /usr/lib/gcc/msp430/4.6.3/crt0ivtbl16.o
 .data          0x0000000000000000        0x0 /home/fritz/git/github/sancus-riot/examples/evaluation/bin/sancus-msp430/cpu/startup.o
 .bss           0x0000000000000000        0x0 /home/fritz/git/github/sancus-riot/examples/evaluation/bin/sancus-msp430/cpu/startup.o
[...]
Memory Configuration

Name             Origin             Length             Attributes
sfr              0x0000000000000000 0x0000000000000010
peripheral_8bit  0x0000000000000010 0x00000000000000f0
peripheral_16bit 0x0000000000000100 0x0000000000000100
ram              0x0000000000000200 0x0000000000004000 xw
rom              0x0000000000005c00 0x000000000000a3e0 xr
vectors          0x000000000000ffe0 0x0000000000000020
bsl              0x0000000000000000 0x0000000000000000
infomem          0x0000000000000000 0x0000000000000000
infob            0x0000000000000000 0x0000000000000000
infoa            0x0000000000000000 0x0000000000000000
infoc            0x0000000000000000 0x0000000000000000
infod            0x0000000000000000 0x0000000000000000
ram2             0x0000000000000000 0x0000000000000000 xw
ram_mirror       0x0000000000000000 0x0000000000000000 xw
usbram           0x0000000000000000 0x0000000000000000 xw
far_rom          0x0000000000000000 0x0000000000000000
*default*        0x0000000000000000 0xffffffffffffffff

Linker script and memory map

LOAD /usr/lib/gcc/msp430/4.6.3/crt0ivtbl16.o
LOAD /home/fritz/git/github/sancus-riot/examples/evaluation/bin/sancus-msp430/cpu/startup.o
LOAD /home/fritz/git/github/sancus-riot/examples/evaluation/bin/sancus-msp430/cpu/startup.o
LOAD /home/fritz/git/github/sancus-riot/examples/evaluation/bin/sancus-msp430/cpu/startup.o
LOAD /home/fritz/git/github/sancus-riot/examples/evaluation/bin/sancus-msp430/application_hello-world/main.o
LOAD /home/fritz/git/github/sancus-riot/examples/evaluation/bin/sancus-msp430/auto_init/auto_init.o
LOAD /home/fritz/git/github/sancus-riot/examples/evaluation/bin/sancus-msp430/board/board_init.o
LOAD /home/fritz/git/github/sancus-riot/examples/evaluation/bin/sancus-msp430/board/uart.o
LOAD /home/fritz/git/github/sancus-riot/examples/evaluation/bin/sancus-msp430/core/panic.o
LOAD /home/fritz/git/github/sancus-riot/examples/evaluation/bin/sancus-msp430/core/bitarithm.o
LOAD /home/fritz/git/github/sancus-riot/examples/evaluation/bin/sancus-msp430/core/sched.o
LOAD /home/fritz/git/github/sancus-riot/examples/evaluation/bin/sancus-msp430/core/clist.o
LOAD /home/fritz/git/github/sancus-riot/examples/evaluation/bin/sancus-msp430/core/mutex.o
LOAD /home/fritz/git/github/sancus-riot/examples/evaluation/bin/sancus-msp430/core/lifo.o
LOAD /home/fritz/git/github/sancus-riot/examples/evaluation/bin/sancus-msp430/core/cond.o
LOAD /home/fritz/git/github/sancus-riot/examples/evaluation/bin/sancus-msp430/core/rmutex.o
LOAD /home/fritz/git/github/sancus-riot/examples/evaluation/bin/sancus-msp430/core/ringbuffer.o
LOAD /home/fritz/git/github/sancus-riot/examples/evaluation/bin/sancus-msp430/core/priority_queue.o
LOAD /home/fritz/git/github/sancus-riot/examples/evaluation/bin/sancus-msp430/core/kernel_init.o
LOAD /home/fritz/git/github/sancus-riot/examples/evaluation/bin/sancus-msp430/core/atomic_sync.o
LOAD /home/fritz/git/github/sancus-riot/examples/evaluation/bin/sancus-msp430/core/thread.o
LOAD /home/fritz/git/github/sancus-riot/examples/evaluation/bin/sancus-msp430/core/assert.o
LOAD /home/fritz/git/github/sancus-riot/examples/evaluation/bin/sancus-msp430/core/msg.o
LOAD /home/fritz/git/github/sancus-riot/examples/evaluation/bin/sancus-msp430/cpu/evaluation_helper.o
LOAD /home/fritz/git/github/sancus-riot/examples/evaluation/bin/sancus-msp430/cpu/msp430_stdio.o
LOAD /home/fritz/git/github/sancus-riot/examples/evaluation/bin/sancus-msp430/cpu/irq.o
LOAD /home/fritz/git/github/sancus-riot/examples/evaluation/bin/sancus-msp430/cpu/msp430-main.o
LOAD /home/fritz/git/github/sancus-riot/examples/evaluation/bin/sancus-msp430/cpu/sancus_helpers.o
LOAD /home/fritz/git/github/sancus-riot/examples/evaluation/bin/sancus-msp430/cpu/cpu.o
LOAD /home/fritz/git/github/sancus-riot/examples/evaluation/bin/sancus-msp430/cpu/mspgcc-supplement.o
LOAD /home/fritz/git/github/sancus-riot/examples/evaluation/bin/sancus-msp430/cpu/malloc.o
LOAD /home/fritz/git/github/sancus-riot/examples/evaluation/bin/sancus-msp430/cpu/sm_irq.o
LOAD /home/fritz/git/github/sancus-riot/examples/evaluation/bin/sancus-msp430/cpu/startup.o
LOAD /home/fritz/git/github/sancus-riot/examples/evaluation/bin/sancus-msp430/div/div.o
LOAD /home/fritz/git/github/sancus-riot/examples/evaluation/bin/sancus-msp430/oneway_malloc/oneway-malloc.o
LOAD /home/fritz/git/github/sancus-riot/examples/evaluation/bin/sancus-msp430/periph/timer.o
LOAD /home/fritz/git/github/sancus-riot/examples/evaluation/bin/sancus-msp430/secure_mintimer/secure_mintimer_core.o
LOAD /home/fritz/git/github/sancus-riot/examples/evaluation/bin/sancus-msp430/stdio_uart/stdio_uart.o
LOAD /home/fritz/git/github/sancus-riot/examples/evaluation/bin/sancus-msp430/periph_common/gpio_util.o
LOAD /home/fritz/git/github/sancus-riot/examples/evaluation/bin/sancus-msp430/periph_common/init.o
LOAD /home/fritz/git/github/sancus-riot/examples/evaluation/bin/sancus-msp430/periph_common/flashpage.o
LOAD /home/fritz/git/github/sancus-riot/examples/evaluation/bin/sancus-msp430/periph_common/pm.o
LOAD /home/fritz/git/github/sancus-riot/examples/evaluation/bin/sancus-msp430/periph_common/i2c.o
LOAD /home/fritz/git/github/sancus-riot/examples/evaluation/bin/sancus-msp430/periph_common/cpuid.o
LOAD /home/fritz/git/github/sancus-riot/examples/evaluation/bin/sancus-msp430/periph_common/spi.o
LOAD /home/fritz/git/github/sancus-riot/examples/evaluation/bin/sancus-msp430/periph_common/eeprom.o
LOAD /home/fritz/git/github/sancus-riot/examples/evaluation/bin/sancus-msp430/periph_common/rtc.o
LOAD /home/fritz/git/github/sancus-riot/examples/evaluation/bin/sancus-msp430/periph_common/timer.o
LOAD /tmp/tmpa1aaw90b.o
LOAD /tmp/tmpbxb6bokn.o
LOAD /tmp/tmpo7tbs0vr.o
LOAD /tmp/tmpbx_jf0dx.o
LOAD /tmp/tmpdmivvy_x.o
LOAD /tmp/tmpdtebrdhr.o
LOAD /tmp/tmpne6o43tq.o
LOAD /tmp/tmpe7s1p9_y.o
LOAD /tmp/tmpqey10hz6.o
LOAD /tmp/tmphsbaa9pc.o
LOAD /tmp/tmp4fqrhk74.o
LOAD /tmp/tmp2phyc1x0.o
LOAD /tmp/tmpjv6wkpig.o
LOAD /tmp/tmphh9redbr.o
LOAD /tmp/tmp066_zqku.o
LOAD /tmp/tmpb8v_9vmc.o
LOAD /tmp/tmpw4au3g2k.o
LOAD /tmp/tmpyewtobv6.o
LOAD /tmp/tmpl3lvhmhf.o
LOAD /tmp/tmpqlxd2j4v.o
START GROUP
LOAD /home/fritz/git/github/sancus-riot/examples/evaluation/bin/sancus-msp430/application_hello-world.a
LOAD /home/fritz/git/github/sancus-riot/examples/evaluation/bin/sancus-msp430/auto_init.a
LOAD /home/fritz/git/github/sancus-riot/examples/evaluation/bin/sancus-msp430/board.a
LOAD /home/fritz/git/github/sancus-riot/examples/evaluation/bin/sancus-msp430/core.a
LOAD /home/fritz/git/github/sancus-riot/examples/evaluation/bin/sancus-msp430/cpu.a
LOAD /home/fritz/git/github/sancus-riot/examples/evaluation/bin/sancus-msp430/div.a
LOAD /home/fritz/git/github/sancus-riot/examples/evaluation/bin/sancus-msp430/oneway_malloc.a
LOAD /home/fritz/git/github/sancus-riot/examples/evaluation/bin/sancus-msp430/periph.a
LOAD /home/fritz/git/github/sancus-riot/examples/evaluation/bin/sancus-msp430/secure_mintimer.a
LOAD /home/fritz/git/github/sancus-riot/examples/evaluation/bin/sancus-msp430/stdio_uart.a
LOAD /home/fritz/git/github/sancus-riot/examples/evaluation/bin/sancus-msp430/sys.a
LOAD /home/fritz/git/github/sancus-riot/examples/evaluation/bin/sancus-msp430/periph_common.a
LOAD /usr/msp430/lib/libm.a
END GROUP
LOAD /usr/local/share/sancus-support/lib/libsm-io.a
LOAD /usr/local/share/sancus-support/lib/libsm-io.a
LOAD /usr/local/share/sancus-support/lib/libsm-io.a
LOAD /usr/local/share/sancus-compiler/lib/libsancus-sm-support.a
LOAD /usr/local/share/sancus-compiler/lib/libsancus-host-support.a
LOAD /usr/lib/gcc/msp430/4.6.3/libgcc.a
LOAD /usr/msp430/lib/libc.a
LOAD /usr/lib/gcc/msp430/4.6.3/libgcc.a
LOAD /usr/lib/gcc/msp430/4.6.3/libcrt0.a
                0x0000000000000000                __IE1 = 0x0
                0x0000000000000002                __IFG1 = 0x2
                0x0000000000000004                __ME1 = 0x4
                0x0000000000000001                __IE2 = 0x1
                0x0000000000000003                __IFG2 = 0x3
                0x0000000000000005                __ME2 = 0x5
                0x0000000000000120                __WDTCTL = 0x120
                0x0000000000000130                __MPY = 0x130
                0x0000000000000132                __MPYS = 0x132
                0x0000000000000134                __MAC = 0x134
                0x0000000000000136                __MACS = 0x136
                0x0000000000000138                __OP2 = 0x138
                0x000000000000013a                __RESLO = 0x13a
                0x000000000000013c                __RESHI = 0x13c
                0x000000000000013e                __SUMEXT = 0x13e
                0x0000000000000020                __P1IN = 0x20
                0x0000000000000021                __P1OUT = 0x21
                0x0000000000000022                __P1DIR = 0x22
                0x0000000000000023                __P1IFG = 0x23
                0x0000000000000024                __P1IES = 0x24
                0x0000000000000025                __P1IE = 0x25
                0x0000000000000026                __P1SEL = 0x26
                0x0000000000000028                __P2IN = 0x28
                0x0000000000000029                __P2OUT = 0x29
                0x000000000000002a                __P2DIR = 0x2a
                0x000000000000002b                __P2IFG = 0x2b
                0x000000000000002c                __P2IES = 0x2c
                0x000000000000002d                __P2IE = 0x2d
                0x000000000000002e                __P2SEL = 0x2e
                0x0000000000000018                __P3IN = 0x18
                0x0000000000000019                __P3OUT = 0x19
                0x000000000000001a                __P3DIR = 0x1a
                0x000000000000001b                __P3SEL = 0x1b
                0x000000000000001c                __P4IN = 0x1c
                0x000000000000001d                __P4OUT = 0x1d
                0x000000000000001e                __P4DIR = 0x1e
                0x000000000000001f                __P4SEL = 0x1f
                0x0000000000000030                __P5IN = 0x30
                0x0000000000000031                __P5OUT = 0x31
                0x0000000000000032                __P5DIR = 0x32
                0x0000000000000033                __P5SEL = 0x33
                0x0000000000000034                __P6IN = 0x34
                0x0000000000000035                __P6OUT = 0x35
                0x0000000000000036                __P6DIR = 0x36
                0x0000000000000037                __P6SEL = 0x37
                0x0000000000000070                __U0CTL = 0x70
                0x0000000000000071                __U0TCTL = 0x71
                0x0000000000000072                __U0RCTL = 0x72
                0x0000000000000073                __U0MCTL = 0x73
                0x0000000000000074                __U0BR0 = 0x74
                0x0000000000000075                __U0BR1 = 0x75
                0x0000000000000076                __U0RXBUF = 0x76
                0x0000000000000077                __U0TXBUF = 0x77
                0x0000000000000078                __U1CTL = 0x78
                0x0000000000000079                __U1TCTL = 0x79
                0x000000000000007a                __U1RCTL = 0x7a
                0x000000000000007b                __U1MCTL = 0x7b
                0x000000000000007c                __U1BR0 = 0x7c
                0x000000000000007d                __U1BR1 = 0x7d
                0x000000000000007e                __U1RXBUF = 0x7e
                0x000000000000007f                __U1TXBUF = 0x7f
                0x000000000000012e                __TAIV = 0x12e
                0x0000000000000160                __TACTL = 0x160
                0x0000000000000162                __TACCTL0 = 0x162
                0x0000000000000164                __TACCTL1 = 0x164
                0x0000000000000166                __TACCTL2 = 0x166
                0x0000000000000170                __TAR = 0x170
                0x0000000000000172                __TACCR0 = 0x172
                0x0000000000000174                __TACCR1 = 0x174
                0x0000000000000176                __TACCR2 = 0x176
                0x000000000000011e                __TBIV = 0x11e
                0x0000000000000180                __TBCTL = 0x180
                0x0000000000000182                __TBCCTL0 = 0x182
                0x0000000000000184                __TBCCTL1 = 0x184
                0x0000000000000186                __TBCCTL2 = 0x186
                0x0000000000000188                __TBCCTL3 = 0x188
                0x000000000000018a                __TBCCTL4 = 0x18a
                0x000000000000018c                __TBCCTL5 = 0x18c
                0x000000000000018e                __TBCCTL6 = 0x18e
                0x0000000000000190                __TBR = 0x190
                0x0000000000000192                __TBCCR0 = 0x192
                0x0000000000000194                __TBCCR1 = 0x194
                0x0000000000000196                __TBCCR2 = 0x196
                0x0000000000000198                __TBCCR3 = 0x198
                0x000000000000019a                __TBCCR4 = 0x19a
                0x000000000000019c                __TBCCR5 = 0x19c
                0x000000000000019e                __TBCCR6 = 0x19e
                0x0000000000000056                __DCOCTL = 0x56
                0x0000000000000057                __BCSCTL1 = 0x57
                0x0000000000000058                __BCSCTL2 = 0x58
                0x0000000000000128                __FCTL1 = 0x128
                0x000000000000012a                __FCTL2 = 0x12a
                0x000000000000012c                __FCTL3 = 0x12c
                0x0000000000000059                __CACTL1 = 0x59
                0x000000000000005a                __CACTL2 = 0x5a
                0x000000000000005b                __CAPD = 0x5b
                0x00000000000001a0                __ADC12CTL0 = 0x1a0
                0x00000000000001a2                __ADC12CTL1 = 0x1a2
                0x00000000000001a4                __ADC12IFG = 0x1a4
                0x00000000000001a6                __ADC12IE = 0x1a6
                0x00000000000001a8                __ADC12IV = 0x1a8
                0x0000000000000140                __ADC12MEM0 = 0x140
                0x0000000000000142                __ADC12MEM1 = 0x142
                0x0000000000000144                __ADC12MEM2 = 0x144
                0x0000000000000146                __ADC12MEM3 = 0x146
                0x0000000000000148                __ADC12MEM4 = 0x148
                0x000000000000014a                __ADC12MEM5 = 0x14a
                0x000000000000014c                __ADC12MEM6 = 0x14c
                0x000000000000014e                __ADC12MEM7 = 0x14e
                0x0000000000000150                __ADC12MEM8 = 0x150
                0x0000000000000152                __ADC12MEM9 = 0x152
                0x0000000000000154                __ADC12MEM10 = 0x154
                0x0000000000000156                __ADC12MEM11 = 0x156
                0x0000000000000158                __ADC12MEM12 = 0x158
                0x000000000000015a                __ADC12MEM13 = 0x15a
                0x000000000000015c                __ADC12MEM14 = 0x15c
                0x000000000000015e                __ADC12MEM15 = 0x15e
                0x0000000000000080                __ADC12MCTL0 = 0x80
                0x0000000000000081                __ADC12MCTL1 = 0x81
                0x0000000000000082                __ADC12MCTL2 = 0x82
                0x0000000000000083                __ADC12MCTL3 = 0x83
                0x0000000000000084                __ADC12MCTL4 = 0x84
                0x0000000000000085                __ADC12MCTL5 = 0x85
                0x0000000000000086                __ADC12MCTL6 = 0x86
                0x0000000000000087                __ADC12MCTL7 = 0x87
                0x0000000000000088                __ADC12MCTL8 = 0x88
                0x0000000000000089                __ADC12MCTL9 = 0x89
                0x000000000000008a                __ADC12MCTL10 = 0x8a
                0x000000000000008b                __ADC12MCTL11 = 0x8b
                0x000000000000008c                __ADC12MCTL12 = 0x8c
                0x000000000000008d                __ADC12MCTL13 = 0x8d
                0x000000000000008e                __ADC12MCTL14 = 0x8e
                0x000000000000008f                __ADC12MCTL15 = 0x8f

.hash
 *(.hash)

.dynsym
 *(.dynsym)

.dynstr
 *(.dynstr)

.gnu.version
 *(.gnu.version)

.gnu.version_d
 *(.gnu.version_d)

.gnu.version_r
 *(.gnu.version_r)

.rel.init
 *(.rel.init)

.rela.init
 *(.rela.init)

.rel.fini
 *(.rel.fini)

.rela.fini
 *(.rela.fini)

.rel.text
 *(.rel.text .rel.text.* .rel.gnu.linkonce.t.*)

.rela.text
 *(.rela.text .rela.text.* .rela.gnu.linkonce.t.*)

.rel.rodata
 *(.rel.rodata .rel.rodata.* .rel.gnu.linkonce.r.*)

.rela.rodata
 *(.rela.rodata .rela.rodata.* .rela.gnu.linkonce.r.*)

.rel.data
 *(.rel.data .rel.data.* .rel.gnu.linkonce.d.*)

.rela.data
 *(.rela.data .rela.data.* .rela.gnu.linkonce.d.*)

.rel.bss
 *(.rel.bss .rel.bss.* .rel.gnu.linkonce.b.*)

.rela.bss
 *(.rela.bss .rela.bss.* .rela.gnu.linkonce.b.*)

.rel.ctors
 *(.rel.ctors)

.rela.ctors
 *(.rela.ctors)

.rel.dtors
 *(.rel.dtors)

.rela.dtors
 *(.rela.dtors)

.rel.got
 *(.rel.got)

.rela.got
 *(.rela.got)

.rel.plt
 *(.rel.plt)

.rela.plt
 *(.rela.plt)

.text           0x0000000000005c00     0x3910
                0x0000000000005c00                . = ALIGN (0x2)
 *(.init .init.*)
 *(.init0)
 .init0         0x0000000000005c00        0x0 /usr/lib/gcc/msp430/4.6.3/libcrt0.a(_reset_vector__.o)
                0x0000000000005c00                _reset_vector__
 *(.init1)
 .init1         0x0000000000005c00        0xc /usr/lib/gcc/msp430/4.6.3/libcrt0.a(__watchdog_support.o)
                0x0000000000005c00                __watchdog_support
 *(.init2)
 .init2         0x0000000000005c0c        0x4 /usr/lib/gcc/msp430/4.6.3/libcrt0.a(__init_stack.o)
                0x0000000000005c0c                __init_stack
 *(.init3)
 .init3         0x0000000000005c10        0x0 /usr/lib/gcc/msp430/4.6.3/libcrt0.a(__low_level_init.o)
                0x0000000000005c10                __low_level_init
 *(.init4)
 .init4         0x0000000000005c10       0x18 /usr/lib/gcc/msp430/4.6.3/libcrt0.a(_copy_data.o)
                0x0000000000005c10                __do_copy_data
 .init4         0x0000000000005c28       0x16 /usr/lib/gcc/msp430/4.6.3/libcrt0.a(_clear_bss.o)
                0x0000000000005c28                __do_clear_bss
 *(.init5)
 *(.init6)
 .init6         0x0000000000005c3e       0x14 /usr/lib/gcc/msp430/4.6.3/libcrt0.a(_ctors430.o)
                0x0000000000005c3e                __do_global_ctors
 *(.init7)
 *(.init8)
 *(.init9)
 .init9         0x0000000000005c52      0x960 /home/fritz/git/github/sancus-riot/examples/evaluation/bin/sancus-msp430/application_hello-world/main.o
                0x0000000000005c52                main
 *(.fini9)
 .fini9         0x00000000000065b2        0xa /home/fritz/git/github/sancus-riot/examples/evaluation/bin/sancus-msp430/cpu/cpu.o
                0x00000000000065b2                __main_epilogue
 .fini9         0x00000000000065bc        0x0 /usr/lib/gcc/msp430/4.6.3/libcrt0.a(__stop_progExec__.o)
                0x00000000000065bc                __stop_progExec__
 *(.fini8)
 *(.fini7)
 *(.fini6)
 *(.fini5)
 *(.fini4)
 *(.fini3)
 *(.fini2)
 *(.fini1)
 *(.fini0)
 .fini0         0x00000000000065bc        0x6 /usr/lib/gcc/msp430/4.6.3/libcrt0.a(_endless_loop__.o)
                0x00000000000065bc                _endless_loop__
 *(.fini .fini.*)
                0x00000000000065c2                . = ALIGN (0x2)
                0x00000000000065c2                __ctors_start = .
 *(.ctors)
 .ctors         0x00000000000065c2        0x2 /home/fritz/git/github/sancus-riot/examples/evaluation/bin/sancus-msp430/cpu/startup.o
 .ctors         0x00000000000065c4        0x2 /home/fritz/git/github/sancus-riot/examples/evaluation/bin/sancus-msp430/cpu/startup.o
 .ctors         0x00000000000065c6        0x2 /home/fritz/git/github/sancus-riot/examples/evaluation/bin/sancus-msp430/cpu/startup.o
 .ctors         0x00000000000065c8        0x2 /home/fritz/git/github/sancus-riot/examples/evaluation/bin/sancus-msp430/cpu/startup.o
                0x00000000000065ca                __ctors_end = .
                0x00000000000065ca                __dtors_start = .
 *(.dtors)
                0x00000000000065ca                __dtors_end = .
                0x00000000000065ca                . = ALIGN (0x2)
 *(.text .text.* .gnu.linkonce.t.*)
 .text          0x00000000000065ca        0x4 /usr/lib/gcc/msp430/4.6.3/crt0ivtbl16.o
                0x00000000000065ca                __isr_14
                0x00000000000065ca                __isr_4
                0x00000000000065ca                __isr_11
                0x00000000000065ca                __isr_5
                0x00000000000065ca                __isr_2
                0x00000000000065ca                __isr_10
                0x00000000000065ca                __isr_0
                0x00000000000065ca                __isr_3
                0x00000000000065ca                __isr_12
                0x00000000000065ca                __isr_6
                0x00000000000065ca                __isr_1
 .text          0x00000000000065ce       0x86 /home/fritz/git/github/sancus-riot/examples/evaluation/bin/sancus-msp430/cpu/startup.o
 .text          0x0000000000006654       0x86 /home/fritz/git/github/sancus-riot/examples/evaluation/bin/sancus-msp430/cpu/startup.o
 .text          0x00000000000066da       0x86 /home/fritz/git/github/sancus-riot/examples/evaluation/bin/sancus-msp430/cpu/startup.o
 .text          0x0000000000006760     0x1834 /home/fritz/git/github/sancus-riot/examples/evaluation/bin/sancus-msp430/application_hello-world/main.o
                0x0000000000006760                __unprotected_stub_foo_init
                0x0000000000006780                __unprotected_stub_bar_init
                0x00000000000067a0                __unprotected_stub_fooC_init
                0x00000000000067c0                __unprotected_stub_thread_change_to_periodical
                0x00000000000067e0                __unprotected_stub__secure_mintimer_now64
                0x0000000000006800                __unprotected_stub_sched_shut_down
                0x000000000000681e                print_eval_table
 .text          0x0000000000007f94        0x8 /home/fritz/git/github/sancus-riot/examples/evaluation/bin/sancus-msp430/auto_init/auto_init.o
                0x0000000000007f94                auto_init
 .text          0x0000000000007f9c       0x74 /home/fritz/git/github/sancus-riot/examples/evaluation/bin/sancus-msp430/board/board_init.o
                0x0000000000007f9c                board_init
 .text          0x0000000000008010      0x166 /home/fritz/git/github/sancus-riot/examples/evaluation/bin/sancus-msp430/board/uart.o
                0x0000000000008010                uart_init
                0x000000000000806a                uart_set_receive_cb
                0x0000000000008076                uart_available
                0x0000000000008090                uart_write_byte
                0x00000000000080a2                uart_write
                0x00000000000080c0                uart_read_byte
                0x00000000000080e0                uart_read
                0x000000000000810e                uart_flush
                0x000000000000811c                __isr_7
                0x0000000000008144                uart2_write_byte
                0x0000000000008156                uart_print_receive_buffer
 .text          0x0000000000008176       0x62 /home/fritz/git/github/sancus-riot/examples/evaluation/bin/sancus-msp430/core/sched.o
                0x0000000000008176                sched_switch
                0x00000000000081d0                sched_task_exit
 .text          0x00000000000081d8      0x272 /home/fritz/git/github/sancus-riot/examples/evaluation/bin/sancus-msp430/core/kernel_init.o
                0x00000000000081d8                print_timer_struct
                0x0000000000008280                kernel_init
 *fill*         0x000000000000844a        0x2 00
 .text          0x000000000000844c      0x10c /home/fritz/git/github/sancus-riot/examples/evaluation/bin/sancus-msp430/core/thread.o
                0x000000000000844c                __unprotected_stub_thread_create_unprotected_in_scheduler
                0x000000000000846c                __unprotected_stub_thread_create_protected_in_scheduler
                0x000000000000848a                thread_yield
                0x0000000000008496                thread_create
                0x0000000000008502                thread_create_protected
 .text          0x0000000000008558        0xc /home/fritz/git/github/sancus-riot/examples/evaluation/bin/sancus-msp430/cpu/evaluation_helper.o
                0x0000000000008558                init_eval_helper
 .text          0x0000000000008564       0x28 /home/fritz/git/github/sancus-riot/examples/evaluation/bin/sancus-msp430/cpu/irq.o
                0x0000000000008564                irq_disable
                0x000000000000856e                irq_enable
                0x0000000000008578                irq_restore
                0x0000000000008580                irq_is_in
 .text          0x000000000000858c       0x94 /home/fritz/git/github/sancus-riot/examples/evaluation/bin/sancus-msp430/cpu/msp430-main.o
                0x000000000000858c                msp430_cpu_init
                0x00000000000085b6                sbrk
                0x00000000000085e2                splhigh_
                0x00000000000085f2                splx_
                0x0000000000008600                strnlen
 .text          0x0000000000008620      0x1a0 /home/fritz/git/github/sancus-riot/examples/evaluation/bin/sancus-msp430/cpu/sancus_helpers.o
                0x0000000000008620                riot_enable_sm
                0x00000000000086c2                print_thread_struct
 .text          0x00000000000087c0       0xce /home/fritz/git/github/sancus-riot/examples/evaluation/bin/sancus-msp430/cpu/cpu.o
                0x00000000000087c0                thread_yield_higher
                0x0000000000008816                scheduler_kernel_init
                0x000000000000882a                cpu_switch_context_exit
                0x000000000000883e                thread_stack_init
                0x000000000000887c                thread_unprotected_stack_init
 .text          0x000000000000888e       0x86 /home/fritz/git/github/sancus-riot/examples/evaluation/bin/sancus-msp430/cpu/startup.o
 .text          0x0000000000008914       0x9e /home/fritz/git/github/sancus-riot/examples/evaluation/bin/sancus-msp430/secure_mintimer/secure_mintimer_core.o
                0x0000000000008914                _secure_mintimer_tsleep
 .text          0x00000000000089b2       0x46 /home/fritz/git/github/sancus-riot/examples/evaluation/bin/sancus-msp430/stdio_uart/stdio_uart.o
                0x00000000000089b2                stdio_init
                0x00000000000089d0                stdio_read
                0x00000000000089dc                stdio_write
 .text          0x00000000000089f8        0x8 /home/fritz/git/github/sancus-riot/examples/evaluation/bin/sancus-msp430/periph_common/init.o
                0x00000000000089f8                periph_init
 .text          0x0000000000008a00       0x12 /home/fritz/git/github/sancus-riot/examples/evaluation/bin/sancus-msp430/periph_common/pm.o
                0x0000000000008a00                pm_off
                0x0000000000008a0a                pm_set_lowest
 .text.putchar  0x0000000000008a12       0x30 /usr/local/share/sancus-support/lib/libsm-io.a(sm_io.c.o)
                0x0000000000008a12                putchar
 .text.printf1  0x0000000000008a42       0x24 /usr/local/share/sancus-support/lib/libsm-io.a(sm_io.c.o)
                0x0000000000008a42                printf1
 .text.stop_violation
                0x0000000000008a66       0x14 /usr/local/share/sancus-support/lib/libsm-io.a(sm_io.c.o)
                0x0000000000008a66                stop_violation
 .text.violation_isr
                0x0000000000008a7a        0x8 /usr/local/share/sancus-support/lib/libsm-io.a(sm_io.c.o)
                0x0000000000008a7a                violation_isr
 .text          0x0000000000008a82       0x62 /usr/local/share/sancus-compiler/lib/libsancus-sm-support.a(sm_support.c.o)
                0x0000000000008a82                sancus_enable_wrapped
                0x0000000000008ac6                sancus_enable
 .text          0x0000000000008ae4       0x10 /usr/local/share/sancus-compiler/lib/libsancus-host-support.a(unprotected_entry.s.o)
                0x0000000000008ae4                __unprotected_entry
 .text.libgcc   0x0000000000008af4       0x18 /usr/lib/gcc/msp430/4.6.3/libgcc.a(_mulhi3.o)
                0x0000000000008af4                __mulhi3
 .text.libgcc   0x0000000000008b0c       0x2c /usr/lib/gcc/msp430/4.6.3/libgcc.a(_mulsi3.o)
                0x0000000000008b0c                __mulsi3
 .text.libgcc   0x0000000000008b38       0x22 /usr/lib/gcc/msp430/4.6.3/libgcc.a(_udivmod16.o)
                0x0000000000008b38                __udivhi3
                0x0000000000008b38                __ext_udivmod16
                0x0000000000008b52                __umodhi3
 .text          0x0000000000008b5a       0x1e /usr/msp430/lib/libc.a(printf.o)
                0x0000000000008b5a                printf
                0x0000000000008b6a                vprintf
 .text          0x0000000000008b78      0x836 /usr/msp430/lib/libc.a(vuprintf.o)
                0x0000000000008d10                vuprintf
 .text          0x00000000000093ae       0x2c /usr/msp430/lib/libc.a(puts.o)
                0x00000000000093ae                puts
 .text          0x00000000000093da        0x4 /usr/msp430/lib/libc.a(exit.o)
                0x00000000000093da                exit
 .text.libgcc   0x00000000000093de       0x40 /usr/lib/gcc/msp430/4.6.3/libgcc.a(_udivmod32.o)
                0x00000000000093de                __udivsi3
                0x00000000000093de                __ext_udivmod32
                0x0000000000009414                __umodsi3
 .text.libgcc   0x000000000000941e       0xf0 /usr/lib/gcc/msp430/4.6.3/libgcc.a(_udivmod64.o)
                0x000000000000941e                __xabi_udivmod64
                0x000000000000947c                __udivdi3
                0x00000000000094a2                __umoddi3
                0x00000000000094d0                __udivmoddi4
 .text.crt0     0x000000000000950e        0x2 /usr/lib/gcc/msp430/4.6.3/libcrt0.a(_unexpected_.o)
                0x000000000000950e                _unexpected_
                0x0000000000009510                . = ALIGN (0x2)

.rodata         0x0000000000009510      0xea2
                0x0000000000009510                . = ALIGN (0x2)
 *(.rodata .rodata.* .gnu.linkonce.r.*)
 .rodata.str1.1
                0x0000000000009510       0x9a /home/fritz/git/github/sancus-riot/examples/evaluation/bin/sancus-msp430/cpu/startup.o
 .rodata.str1.1
                0x0000000000000000       0x9a /home/fritz/git/github/sancus-riot/examples/evaluation/bin/sancus-msp430/cpu/startup.o
 .rodata.str1.1
                0x0000000000000000       0x9a /home/fritz/git/github/sancus-riot/examples/evaluation/bin/sancus-msp430/cpu/startup.o
 .rodata        0x00000000000095aa       0x16 /home/fritz/git/github/sancus-riot/examples/evaluation/bin/sancus-msp430/application_hello-world/main.o
 .rodata.str1.1
                0x00000000000095c0      0x8eb /home/fritz/git/github/sancus-riot/examples/evaluation/bin/sancus-msp430/application_hello-world/main.o
                                        0x905 (size before relaxing)
 .rodata.str1.1
                0x0000000000009eab       0x3b /home/fritz/git/github/sancus-riot/examples/evaluation/bin/sancus-msp430/board/board_init.o
                                         0x48 (size before relaxing)
 .rodata.str1.1
                0x0000000000009ee6      0x175 /home/fritz/git/github/sancus-riot/examples/evaluation/bin/sancus-msp430/core/kernel_init.o
                                        0x19a (size before relaxing)
 *fill*         0x000000000000a05b        0x1 00
 .rodata        0x000000000000a05c        0xa /home/fritz/git/github/sancus-riot/examples/evaluation/bin/sancus-msp430/core/kernel_init.o
 .rodata.str1.1
                0x000000000000a066       0xe6 /home/fritz/git/github/sancus-riot/examples/evaluation/bin/sancus-msp430/cpu/sancus_helpers.o
                                        0x10b (size before relaxing)
 .rodata        0x000000000000a14c        0xa /home/fritz/git/github/sancus-riot/examples/evaluation/bin/sancus-msp430/cpu/sancus_helpers.o
 .rodata.str1.1
                0x0000000000000000       0x9a /home/fritz/git/github/sancus-riot/examples/evaluation/bin/sancus-msp430/cpu/startup.o
 .rodata.str1.1
                0x000000000000a156      0x16f /home/fritz/git/github/sancus-riot/examples/evaluation/bin/sancus-msp430/periph/timer.o
                                        0x17f (size before relaxing)
 .rodata.str1.1
                0x000000000000a2c5       0x2d /home/fritz/git/github/sancus-riot/examples/evaluation/bin/sancus-msp430/secure_mintimer/secure_mintimer_core.o
                                         0x3d (size before relaxing)
 .rodata        0x000000000000a2f2       0xb8 /usr/local/share/sancus-support/lib/libsm-io.a(sm_io.c.o)
 .rodata        0x000000000000a3aa        0x7 /usr/msp430/lib/libc.a(vuprintf.o)
                0x000000000000a3b2                . = ALIGN (0x2)
 *fill*         0x000000000000a3b1        0x1 00

.text.sm.foo    0x000000000000a3b4      0x428
                0x000000000000a3b4                . = ALIGN (0x2)
                0x000000000000a3b4                __sm_foo_public_start = .
 /tmp/tmpdtebrdhr.o()
 .sm.foo.text   0x000000000000a3b4       0xa0 /tmp/tmpdtebrdhr.o
                0x000000000000a3b4                __sm_foo_entry
 /tmp/tmpne6o43tq.o()
 /tmp/tmpe7s1p9_y.o()
 .sm.foo.text   0x000000000000a454       0x7c /tmp/tmpe7s1p9_y.o
                0x000000000000a454                __sm_foo_exit
                0x000000000000a48c                __sm_foo_reti_entry
                0x000000000000a4bc                __sm_foo_ret_entry
 *(.sm.foo.text)
 .sm.foo.text   0x000000000000a4d0      0x2c8 /home/fritz/git/github/sancus-riot/examples/evaluation/bin/sancus-msp430/application_hello-world/main.o
                0x000000000000a4d0                __sm_foo_stub_thread_getpid
                0x000000000000a4e4                __sm_foo_stub_printf1
                0x000000000000a4f8                __sm_foo_stub__secure_mintimer_now64
                0x000000000000a50c                foo_init
                0x000000000000a534                foo_greet
 .sm.foo.text   0x000000000000a798       0x18 /tmp/tmpa1aaw90b.o
                0x000000000000a798                __sm_foo_mulhi3
 .sm.foo.text   0x000000000000a7b0       0x20 /tmp/tmpdmivvy_x.o
                0x000000000000a7b0                __sm_foo_verify
                0x000000000000a7d0                . = ALIGN (0x2)
                0x000000000000a7d0                __sm_foo_table = .
 /home/fritz/git/github/sancus-riot/examples/evaluation/bin/sancus-msp430/application_hello-world/main.o(.sm.foo.foo_greet.table)
 .sm.foo.foo_greet.table
                0x000000000000a7d0        0x6 /home/fritz/git/github/sancus-riot/examples/evaluation/bin/sancus-msp430/application_hello-world/main.o
 /home/fritz/git/github/sancus-riot/examples/evaluation/bin/sancus-msp430/application_hello-world/main.o(.sm.foo.foo_init.table)
 .sm.foo.foo_init.table
                0x000000000000a7d6        0x6 /home/fritz/git/github/sancus-riot/examples/evaluation/bin/sancus-msp430/application_hello-world/main.o
                0x000000000000a7dc                . = ALIGN (0x2)
                0x000000000000a7dc                __sm_foo_public_end = .
 *(.sm.foo.*.table)

.text.sm.bar    0x000000000000a7dc      0x428
                0x000000000000a7dc                . = ALIGN (0x2)
                0x000000000000a7dc                __sm_bar_public_start = .
 /tmp/tmphsbaa9pc.o()
 .sm.bar.text   0x000000000000a7dc       0xa0 /tmp/tmphsbaa9pc.o
                0x000000000000a7dc                __sm_bar_entry
 /tmp/tmp4fqrhk74.o()
 /tmp/tmp2phyc1x0.o()
 .sm.bar.text   0x000000000000a87c       0x7c /tmp/tmp2phyc1x0.o
                0x000000000000a87c                __sm_bar_exit
                0x000000000000a8b4                __sm_bar_reti_entry
                0x000000000000a8e4                __sm_bar_ret_entry
 *(.sm.bar.text)
 .sm.bar.text   0x000000000000a8f8      0x2c8 /home/fritz/git/github/sancus-riot/examples/evaluation/bin/sancus-msp430/application_hello-world/main.o
                0x000000000000a8f8                __sm_bar_stub_thread_getpid
                0x000000000000a90c                __sm_bar_stub_printf1
                0x000000000000a920                __sm_bar_stub__secure_mintimer_now64
                0x000000000000a934                bar_init
                0x000000000000a95c                bar_greet
 .sm.bar.text   0x000000000000abc0       0x18 /tmp/tmpbxb6bokn.o
                0x000000000000abc0                __sm_bar_mulhi3
 .sm.bar.text   0x000000000000abd8       0x20 /tmp/tmpqey10hz6.o
                0x000000000000abd8                __sm_bar_verify
                0x000000000000abf8                . = ALIGN (0x2)
                0x000000000000abf8                __sm_bar_table = .
 /home/fritz/git/github/sancus-riot/examples/evaluation/bin/sancus-msp430/application_hello-world/main.o(.sm.bar.bar_greet.table)
 .sm.bar.bar_greet.table
                0x000000000000abf8        0x6 /home/fritz/git/github/sancus-riot/examples/evaluation/bin/sancus-msp430/application_hello-world/main.o
 /home/fritz/git/github/sancus-riot/examples/evaluation/bin/sancus-msp430/application_hello-world/main.o(.sm.bar.bar_init.table)
 .sm.bar.bar_init.table
                0x000000000000abfe        0x6 /home/fritz/git/github/sancus-riot/examples/evaluation/bin/sancus-msp430/application_hello-world/main.o
                0x000000000000ac04                . = ALIGN (0x2)
                0x000000000000ac04                __sm_bar_public_end = .
 *(.sm.bar.*.table)

.text.sm.fooC   0x000000000000ac04      0x540
                0x000000000000ac04                . = ALIGN (0x2)
                0x000000000000ac04                __sm_fooC_public_start = .
 /tmp/tmphh9redbr.o()
 .sm.fooC.text  0x000000000000ac04       0xc0 /tmp/tmphh9redbr.o
                0x000000000000ac04                __sm_fooC_entry
 /tmp/tmp066_zqku.o()
 .sm.fooC.text  0x000000000000acc4        0x8 /tmp/tmp066_zqku.o
                0x000000000000acc4                __sm_fooC_isr
 /tmp/tmpb8v_9vmc.o()
 .sm.fooC.text  0x000000000000accc       0x7c /tmp/tmpb8v_9vmc.o
                0x000000000000accc                __sm_fooC_exit
                0x000000000000ad04                __sm_fooC_reti_entry
                0x000000000000ad34                __sm_fooC_ret_entry
 *(.sm.fooC.text)
 .sm.fooC.text  0x000000000000ad48      0x3b8 /home/fritz/git/github/sancus-riot/examples/evaluation/bin/sancus-msp430/application_hello-world/main.o
                0x000000000000ad48                __sm_fooC_stub_thread_getpid
                0x000000000000ad5c                __sm_fooC_stub_printf1
                0x000000000000ad70                __sm_fooC_stub__secure_mintimer_now64
                0x000000000000ad84                fooC_init
                0x000000000000adac                fooC_greet
 .sm.fooC.text  0x000000000000b100       0x18 /tmp/tmpo7tbs0vr.o
                0x000000000000b100                __sm_fooC_mulhi3
 .sm.fooC.text  0x000000000000b118       0x20 /tmp/tmpjv6wkpig.o
                0x000000000000b118                __sm_fooC_verify
                0x000000000000b138                . = ALIGN (0x2)
                0x000000000000b138                __sm_fooC_table = .
 /home/fritz/git/github/sancus-riot/examples/evaluation/bin/sancus-msp430/application_hello-world/main.o(.sm.fooC.fooC_greet.table)
 .sm.fooC.fooC_greet.table
                0x000000000000b138        0x6 /home/fritz/git/github/sancus-riot/examples/evaluation/bin/sancus-msp430/application_hello-world/main.o
 /home/fritz/git/github/sancus-riot/examples/evaluation/bin/sancus-msp430/application_hello-world/main.o(.sm.fooC.fooC_init.table)
 .sm.fooC.fooC_init.table
                0x000000000000b13e        0x6 /home/fritz/git/github/sancus-riot/examples/evaluation/bin/sancus-msp430/application_hello-world/main.o
                0x000000000000b144                . = ALIGN (0x2)
                0x000000000000b144                __sm_fooC_public_end = .
 *(.sm.fooC.*.table)

.text.sm.sancus_sm_timer
                0x000000000000b144     0x18f4
                0x000000000000b144                . = ALIGN (0x2)
                0x000000000000b144                __sm_sancus_sm_timer_public_start = .
                0x000000000000b144                __isr_9 = .
                0x000000000000b144                __isr_8 = .
                0x000000000000b144                __isr_13 = .
 /tmp/tmpyewtobv6.o()
 .sm.sancus_sm_timer.text
                0x000000000000b144       0xa4 /tmp/tmpyewtobv6.o
                0x000000000000b144                __sm_sancus_sm_timer_entry
 /tmp/tmpl3lvhmhf.o()
 .sm.sancus_sm_timer.text
                0x000000000000b1e8        0xc /tmp/tmpl3lvhmhf.o
                0x000000000000b1e8                __sm_sancus_sm_timer_isr
 /tmp/tmpqlxd2j4v.o()
 .sm.sancus_sm_timer.text
                0x000000000000b1f4       0x4c /tmp/tmpqlxd2j4v.o
                0x000000000000b1f4                __sm_sancus_sm_timer_exit
                0x000000000000b22c                __sm_sancus_sm_timer_ret_entry
 *(.sm.sancus_sm_timer.text)
 .sm.sancus_sm_timer.text
                0x000000000000b240      0x4aa /home/fritz/git/github/sancus-riot/examples/evaluation/bin/sancus-msp430/core/sched.o
                0x000000000000b240                scheduler_init
                0x000000000000b264                periodic_thread_schedule_next_timer
                0x000000000000b324                sched_set_status
                0x000000000000b418                sched_run_internal
                0x000000000000b598                sched_run
                0x000000000000b5e8                sched_set_own_status
                0x000000000000b5fc                sched_switch_internal_allow_yield
                0x000000000000b636                sched_switch_internal
                0x000000000000b644                sched_yield
                0x000000000000b6ac                sched_task_exit_internal
                0x000000000000b6dc                sched_shut_down
                0x000000000000b6e8                max_threads
 .sm.sancus_sm_timer.text
                0x000000000000b6ea       0xf8 /home/fritz/git/github/sancus-riot/examples/evaluation/bin/sancus-msp430/core/mutex.o
                0x000000000000b6ea                __sm_sancus_sm_timer_stub_thread_yield_higher
                0x000000000000b6fe                _mutex_lock
                0x000000000000b754                mutex_unlock
                0x000000000000b79c                mutex_unlock_and_sleep
 *fill*         0x000000000000b7e2        0x2 00
 .sm.sancus_sm_timer.text
                0x000000000000b7e4      0x2a8 /home/fritz/git/github/sancus-riot/examples/evaluation/bin/sancus-msp430/core/thread.o
                0x000000000000b7e4                __sm_sancus_sm_timer_stub_irq_is_in
                0x000000000000b7f8                __sm_sancus_sm_timer_stub_irq_disable
                0x000000000000b80c                __sm_sancus_sm_timer_stub_irq_restore
                0x000000000000b834                thread_get
                0x000000000000b85a                thread_getstatus
                0x000000000000b894                thread_getpid
                0x000000000000b8a0                thread_sleep
                0x000000000000b8ca                thread_wakeup
                0x000000000000b92e                thread_add_to_list
                0x000000000000b954                _thread_create_scheduler_internal
                0x000000000000b9a6                thread_create_protected_in_scheduler
                0x000000000000b9e2                thread_create_unprotected_in_scheduler
                0x000000000000ba02                thread_change_to_periodical
 .sm.sancus_sm_timer.text
                0x000000000000ba8c      0x23a /home/fritz/git/github/sancus-riot/examples/evaluation/bin/sancus-msp430/cpu/cpu.o
                0x000000000000ba8c                thread_yield_higher_internal
                0x000000000000bb1e                exitless_entry
                0x000000000000bcc4                thread_sm_idx_offset
 .sm.sancus_sm_timer.text
                0x000000000000bcc6       0x28 /home/fritz/git/github/sancus-riot/examples/evaluation/bin/sancus-msp430/cpu/sm_irq.o
                0x000000000000bcc6                sm_irq_disable
                0x000000000000bcd0                sm_irq_enable
                0x000000000000bcda                sm_irq_restore
                0x000000000000bce2                sm_irq_is_in
 .sm.sancus_sm_timer.text
                0x000000000000bcee      0x268 /home/fritz/git/github/sancus-riot/examples/evaluation/bin/sancus-msp430/periph/timer.o
                0x000000000000bcee                sm_timer_init
                0x000000000000bd30                sm_timer_set_absolute
                0x000000000000bd4a                sm_timer_get_taiv
                0x000000000000bd56                mmio_timer_clear
                0x000000000000bd6a                sm_timer_clear
                0x000000000000bd7e                sm_timer_read_internal
                0x000000000000bd8a                sm_timer_read
                0x000000000000bd96                mmio_timer_start
                0x000000000000bda4                sm_timer_start
                0x000000000000bdb2                mmio_timer_stop
                0x000000000000bdc0                sm_timer_stop
                0x000000000000bdce                isr_error
                0x000000000000bdda                __sm_sancus_sm_timer_isr_func
 .sm.sancus_sm_timer.text
                0x000000000000bf56      0xa74 /home/fritz/git/github/sancus-riot/examples/evaluation/bin/sancus-msp430/secure_mintimer/secure_mintimer_core.o
                0x000000000000bf56                get_available_timer
                0x000000000000bfba                secure_mintimer_remove
                0x000000000000bff6                secure_mintimer_init
                0x000000000000c040                _secure_mintimer_now
                0x000000000000c090                _secure_mintimer_now_internal
                0x000000000000c0d2                _secure_mintimer_now64
                0x000000000000c0fe                _secure_mintimer_set
                0x000000000000c158                _secure_mintimer_set_absolute
                0x000000000000c212                _secure_mintimer_set_absolute_explicit
                0x000000000000c54c                secure_mintimer_timer_callback
                0x000000000000c6f6                _secure_mintimer_tsleep_specific_pid
                0x000000000000c752                _secure_mintimer_tsleep_internal
 *fill*         0x000000000000c9ca        0x2 00
 .sm.sancus_sm_timer.text
                0x000000000000c9cc       0x18 /tmp/tmpbx_jf0dx.o
                0x000000000000c9cc                __sm_sancus_sm_timer_mulhi3
                0x000000000000c9e4                . = ALIGN (0x2)
                0x000000000000c9e4                __sm_sancus_sm_timer_table = .
 /home/fritz/git/github/sancus-riot/examples/evaluation/bin/sancus-msp430/secure_mintimer/secure_mintimer_core.o(.sm.sancus_sm_timer._secure_mintimer_now.table)
 .sm.sancus_sm_timer._secure_mintimer_now.table
                0x000000000000c9e4        0x6 /home/fritz/git/github/sancus-riot/examples/evaluation/bin/sancus-msp430/secure_mintimer/secure_mintimer_core.o
 /home/fritz/git/github/sancus-riot/examples/evaluation/bin/sancus-msp430/secure_mintimer/secure_mintimer_core.o(.sm.sancus_sm_timer._secure_mintimer_now64.table)
 .sm.sancus_sm_timer._secure_mintimer_now64.table
                0x000000000000c9ea        0x6 /home/fritz/git/github/sancus-riot/examples/evaluation/bin/sancus-msp430/secure_mintimer/secure_mintimer_core.o
 /home/fritz/git/github/sancus-riot/examples/evaluation/bin/sancus-msp430/cpu/cpu.o(.sm.sancus_sm_timer.exitless_entry.table)
 .sm.sancus_sm_timer.exitless_entry.table
                0x000000000000c9f0        0x6 /home/fritz/git/github/sancus-riot/examples/evaluation/bin/sancus-msp430/cpu/cpu.o
 /home/fritz/git/github/sancus-riot/examples/evaluation/bin/sancus-msp430/core/sched.o(.sm.sancus_sm_timer.sched_run.table)
 .sm.sancus_sm_timer.sched_run.table
                0x000000000000c9f6        0x6 /home/fritz/git/github/sancus-riot/examples/evaluation/bin/sancus-msp430/core/sched.o
 /home/fritz/git/github/sancus-riot/examples/evaluation/bin/sancus-msp430/core/sched.o(.sm.sancus_sm_timer.sched_set_own_status.table)
 .sm.sancus_sm_timer.sched_set_own_status.table
                0x000000000000c9fc        0x6 /home/fritz/git/github/sancus-riot/examples/evaluation/bin/sancus-msp430/core/sched.o
 /home/fritz/git/github/sancus-riot/examples/evaluation/bin/sancus-msp430/core/sched.o(.sm.sancus_sm_timer.sched_shut_down.table)
 .sm.sancus_sm_timer.sched_shut_down.table
                0x000000000000ca02        0x6 /home/fritz/git/github/sancus-riot/examples/evaluation/bin/sancus-msp430/core/sched.o
 /home/fritz/git/github/sancus-riot/examples/evaluation/bin/sancus-msp430/periph/timer.o(.sm.sancus_sm_timer.sm_timer_read.table)
 .sm.sancus_sm_timer.sm_timer_read.table
                0x000000000000ca08        0x6 /home/fritz/git/github/sancus-riot/examples/evaluation/bin/sancus-msp430/periph/timer.o
 /home/fritz/git/github/sancus-riot/examples/evaluation/bin/sancus-msp430/core/thread.o(.sm.sancus_sm_timer.thread_change_to_periodical.table)
 .sm.sancus_sm_timer.thread_change_to_periodical.table
                0x000000000000ca0e        0x6 /home/fritz/git/github/sancus-riot/examples/evaluation/bin/sancus-msp430/core/thread.o
 /home/fritz/git/github/sancus-riot/examples/evaluation/bin/sancus-msp430/core/thread.o(.sm.sancus_sm_timer.thread_create_protected_in_scheduler.table)
 .sm.sancus_sm_timer.thread_create_protected_in_scheduler.table
                0x000000000000ca14        0x6 /home/fritz/git/github/sancus-riot/examples/evaluation/bin/sancus-msp430/core/thread.o
 /home/fritz/git/github/sancus-riot/examples/evaluation/bin/sancus-msp430/core/thread.o(.sm.sancus_sm_timer.thread_create_unprotected_in_scheduler.table)
 .sm.sancus_sm_timer.thread_create_unprotected_in_scheduler.table
                0x000000000000ca1a        0x6 /home/fritz/git/github/sancus-riot/examples/evaluation/bin/sancus-msp430/core/thread.o
 /home/fritz/git/github/sancus-riot/examples/evaluation/bin/sancus-msp430/core/thread.o(.sm.sancus_sm_timer.thread_getpid.table)
 .sm.sancus_sm_timer.thread_getpid.table
                0x000000000000ca20        0x6 /home/fritz/git/github/sancus-riot/examples/evaluation/bin/sancus-msp430/core/thread.o
 /home/fritz/git/github/sancus-riot/examples/evaluation/bin/sancus-msp430/core/thread.o(.sm.sancus_sm_timer.thread_getstatus.table)
 .sm.sancus_sm_timer.thread_getstatus.table
                0x000000000000ca26        0x6 /home/fritz/git/github/sancus-riot/examples/evaluation/bin/sancus-msp430/core/thread.o
 /home/fritz/git/github/sancus-riot/examples/evaluation/bin/sancus-msp430/core/thread.o(.sm.sancus_sm_timer.thread_sleep.table)
 .sm.sancus_sm_timer.thread_sleep.table
                0x000000000000ca2c        0x6 /home/fritz/git/github/sancus-riot/examples/evaluation/bin/sancus-msp430/core/thread.o
 /home/fritz/git/github/sancus-riot/examples/evaluation/bin/sancus-msp430/core/thread.o(.sm.sancus_sm_timer.thread_wakeup.table)
 .sm.sancus_sm_timer.thread_wakeup.table
                0x000000000000ca32        0x6 /home/fritz/git/github/sancus-riot/examples/evaluation/bin/sancus-msp430/core/thread.o
                0x000000000000ca38                . = ALIGN (0x2)
                0x000000000000ca38                __sm_sancus_sm_timer_public_end = .
 *(.sm.sancus_sm_timer.*.table)

.data.sm.foo.mac.sancus_sm_timer
                0x000000000000ca38        0x8
                0x000000000000ca38                . = ALIGN (0x2)
                0x000000000000ca38                __sm_foo_mac_sancus_sm_timer = .
                0x000000000000ca38        0x1 BYTE 0x0
                0x000000000000ca40                . = (. + 0x7)
 *fill*         0x000000000000ca39        0x7 00

.data.sm.bar.mac.sancus_sm_timer
                0x000000000000ca40        0x8
                0x000000000000ca40                . = ALIGN (0x2)
                0x000000000000ca40                __sm_bar_mac_sancus_sm_timer = .
                0x000000000000ca40        0x1 BYTE 0x0
                0x000000000000ca48                . = (. + 0x7)
 *fill*         0x000000000000ca41        0x7 00

.data.sm.fooC.mac.sancus_sm_timer
                0x000000000000ca48        0x8
                0x000000000000ca48                . = ALIGN (0x2)
                0x000000000000ca48                __sm_fooC_mac_sancus_sm_timer = .
                0x000000000000ca48        0x1 BYTE 0x0
                0x000000000000ca50                . = (. + 0x7)
 *fill*         0x000000000000ca49        0x7 00

.data.sm.sancus_sm_timer.mac.sancus_sm_timer
                0x000000000000ca50        0x8
                0x000000000000ca50                . = ALIGN (0x2)
                0x000000000000ca50                __sm_sancus_sm_timer_mac_sancus_sm_timer = .
                0x000000000000ca50        0x1 BYTE 0x0
                0x000000000000ca58                . = (. + 0x7)
 *fill*         0x000000000000ca51        0x7 00

.data.sm.foo.wrapinfo
                0x000000000000ca58        0xa
                0x000000000000ca58                . = ALIGN (0x2)
                0x000000000000ca58                __sm_foo_wrap_nonce = .
                0x000000000000ca58        0x2 SHORT 0x0
                0x000000000000ca5a                __sm_foo_wrap_tag = .
                0x000000000000ca5a        0x1 BYTE 0x0
                0x000000000000ca62                . = (. + 0x7)
 *fill*         0x000000000000ca5b        0x7 00

.data.sm.bar.wrapinfo
                0x000000000000ca62        0xa
                0x000000000000ca62                . = ALIGN (0x2)
                0x000000000000ca62                __sm_bar_wrap_nonce = .
                0x000000000000ca62        0x2 SHORT 0x0
                0x000000000000ca64                __sm_bar_wrap_tag = .
                0x000000000000ca64        0x1 BYTE 0x0
                0x000000000000ca6c                . = (. + 0x7)
 *fill*         0x000000000000ca65        0x7 00

.data.sm.fooC.wrapinfo
                0x000000000000ca6c        0xa
                0x000000000000ca6c                . = ALIGN (0x2)
                0x000000000000ca6c                __sm_fooC_wrap_nonce = .
                0x000000000000ca6c        0x2 SHORT 0x0
                0x000000000000ca6e                __sm_fooC_wrap_tag = .
                0x000000000000ca6e        0x1 BYTE 0x0
                0x000000000000ca76                . = (. + 0x7)
 *fill*         0x000000000000ca6f        0x7 00

.data.sm.sancus_sm_timer.wrapinfo
                0x000000000000ca76        0xa
                0x000000000000ca76                . = ALIGN (0x2)
                0x000000000000ca76                __sm_sancus_sm_timer_wrap_nonce = .
                0x000000000000ca76        0x2 SHORT 0x0
                0x000000000000ca78                __sm_sancus_sm_timer_wrap_tag = .
                0x000000000000ca78        0x1 BYTE 0x0
                0x000000000000ca80                . = (. + 0x7)
 *fill*         0x000000000000ca79        0x7 00
                0x000000000000ca80                _etext = .

.bss            0x0000000000000200     0x2924 load address 0x000000000000ca80
                0x0000000000000200                PROVIDE (__bss_start, .)
                0x0000000000000200                . = ALIGN (0x2)
                0x0000000000000200                __sm_foo_secret_start = .
 *(.sm.foo.data)
                0x0000000000000200                . = ALIGN (0x2)
                0x0000000000000200                __sm_foo_id_sancus_sm_timer = .
                0x0000000000000202                . = (. + 0x2)
 *fill*         0x0000000000000200        0x2 00
                0x0000000000000302                . = (. + 0x100)
 *fill*         0x0000000000000202      0x100 00
                0x0000000000000302                . = ALIGN (0x2)
                0x0000000000000302                __sm_foo_stack_init = .
                0x0000000000000304                . = (. + 0x2)
 *fill*         0x0000000000000302        0x2 00
                0x0000000000000304                __sm_foo_sp = .
                0x0000000000000306                . = (. + 0x2)
 *fill*         0x0000000000000304        0x2 00
                0x0000000000000306                __sm_foo_ssa_end = .
                0x0000000000000320                . = (. + 0x1a)
 *fill*         0x0000000000000306       0x1a 00
                0x0000000000000320                __sm_foo_ssa_sp = .
                0x0000000000000322                . = (. + 0x2)
 *fill*         0x0000000000000320        0x2 00
                0x0000000000000322                __sm_foo_ssa_base = .
                0x0000000000000322                __sm_foo_pc = .
                0x0000000000000324                . = (. + 0x2)
 *fill*         0x0000000000000322        0x2 00
                0x0000000000000324                __sm_foo_ssa_thread_id = .
                0x0000000000000326                . = (. + 0x2)
 *fill*         0x0000000000000324        0x2 00
                0x0000000000000326                __sm_foo_ssa_caller_id = .
                0x0000000000000328                . = (. + 0x2)
 *fill*         0x0000000000000326        0x2 00
                0x0000000000000328                __sm_foo_irq_sp = .
                0x000000000000032a                . = (. + 0x2)
 *fill*         0x0000000000000328        0x2 00
                0x000000000000032a                __sm_foo_tmp = .
                0x000000000000032c                . = (. + 0x2)
 *fill*         0x000000000000032a        0x2 00
                0x000000000000032c                . = ALIGN (0x2)
                0x000000000000032c                __sm_foo_ssa_base_addr = .
                0x000000000000032e                . = (. + 0x2)
 *fill*         0x000000000000032c        0x2 00
                0x000000000000032e                . = ALIGN (0x2)
                0x000000000000032e                __sm_foo_secret_end = .
                0x000000000000032e                . = ALIGN (0x2)
                0x000000000000032e                __sm_bar_secret_start = .
 *(.sm.bar.data)
                0x000000000000032e                . = ALIGN (0x2)
                0x000000000000032e                __sm_bar_id_sancus_sm_timer = .
                0x0000000000000330                . = (. + 0x2)
 *fill*         0x000000000000032e        0x2 00
                0x0000000000000430                . = (. + 0x100)
 *fill*         0x0000000000000330      0x100 00
                0x0000000000000430                . = ALIGN (0x2)
                0x0000000000000430                __sm_bar_stack_init = .
                0x0000000000000432                . = (. + 0x2)
 *fill*         0x0000000000000430        0x2 00
                0x0000000000000432                __sm_bar_sp = .
                0x0000000000000434                . = (. + 0x2)
 *fill*         0x0000000000000432        0x2 00
                0x0000000000000434                __sm_bar_ssa_end = .
                0x000000000000044e                . = (. + 0x1a)
 *fill*         0x0000000000000434       0x1a 00
                0x000000000000044e                __sm_bar_ssa_sp = .
                0x0000000000000450                . = (. + 0x2)
 *fill*         0x000000000000044e        0x2 00
                0x0000000000000450                __sm_bar_ssa_base = .
                0x0000000000000450                __sm_bar_pc = .
                0x0000000000000452                . = (. + 0x2)
 *fill*         0x0000000000000450        0x2 00
                0x0000000000000452                __sm_bar_ssa_thread_id = .
                0x0000000000000454                . = (. + 0x2)
 *fill*         0x0000000000000452        0x2 00
                0x0000000000000454                __sm_bar_ssa_caller_id = .
                0x0000000000000456                . = (. + 0x2)
 *fill*         0x0000000000000454        0x2 00
                0x0000000000000456                __sm_bar_irq_sp = .
                0x0000000000000458                . = (. + 0x2)
 *fill*         0x0000000000000456        0x2 00
                0x0000000000000458                __sm_bar_tmp = .
                0x000000000000045a                . = (. + 0x2)
 *fill*         0x0000000000000458        0x2 00
                0x000000000000045a                . = ALIGN (0x2)
                0x000000000000045a                __sm_bar_ssa_base_addr = .
                0x000000000000045c                . = (. + 0x2)
 *fill*         0x000000000000045a        0x2 00
                0x000000000000045c                . = ALIGN (0x2)
                0x000000000000045c                __sm_bar_secret_end = .
                0x000000000000045c                . = ALIGN (0x2)
                0x000000000000045c                __sm_fooC_secret_start = .
 *(.sm.fooC.data)
                0x000000000000045c                . = ALIGN (0x2)
                0x000000000000045c                __sm_fooC_id_sancus_sm_timer = .
                0x000000000000045e                . = (. + 0x2)
 *fill*         0x000000000000045c        0x2 00
                0x000000000000055e                . = (. + 0x100)
 *fill*         0x000000000000045e      0x100 00
                0x000000000000055e                . = ALIGN (0x2)
                0x000000000000055e                __sm_fooC_stack_init = .
                0x0000000000000560                . = (. + 0x2)
 *fill*         0x000000000000055e        0x2 00
                0x0000000000000560                __sm_fooC_sp = .
                0x0000000000000562                . = (. + 0x2)
 *fill*         0x0000000000000560        0x2 00
                0x0000000000000562                __sm_fooC_ssa_end = .
                0x000000000000057c                . = (. + 0x1a)
 *fill*         0x0000000000000562       0x1a 00
                0x000000000000057c                __sm_fooC_ssa_sp = .
                0x000000000000057e                . = (. + 0x2)
 *fill*         0x000000000000057c        0x2 00
                0x000000000000057e                __sm_fooC_ssa_base = .
                0x000000000000057e                __sm_fooC_pc = .
                0x0000000000000580                . = (. + 0x2)
 *fill*         0x000000000000057e        0x2 00
                0x0000000000000580                __sm_fooC_ssa_thread_id = .
                0x0000000000000582                . = (. + 0x2)
 *fill*         0x0000000000000580        0x2 00
                0x0000000000000582                __sm_fooC_ssa_caller_id = .
                0x0000000000000584                . = (. + 0x2)
 *fill*         0x0000000000000582        0x2 00
                0x0000000000000584                __sm_fooC_irq_sp = .
                0x0000000000000586                . = (. + 0x2)
 *fill*         0x0000000000000584        0x2 00
                0x0000000000000586                __sm_fooC_tmp = .
                0x0000000000000588                . = (. + 0x2)
 *fill*         0x0000000000000586        0x2 00
                0x0000000000000588                . = ALIGN (0x2)
                0x0000000000000588                __sm_fooC_ssa_base_addr = .
                0x000000000000058a                . = (. + 0x2)
 *fill*         0x0000000000000588        0x2 00
                0x000000000000058a                . = ALIGN (0x2)
                0x000000000000058a                __sm_fooC_secret_end = .
                0x000000000000058a                . = ALIGN (0x2)
                0x000000000000058a                __sm_sancus_sm_timer_secret_start = .
 *(.sm.sancus_sm_timer.data)
 *fill*         0x000000000000058a        0x2 00
 .sm.sancus_sm_timer.data
                0x000000000000058c      0x4e0 /home/fritz/git/github/sancus-riot/examples/evaluation/bin/sancus-msp430/core/sched.o
                0x000000000000058c                sched_num_threads
                0x000000000000058e                sched_active_thread
                0x0000000000000590                sched_active_pid
                0x0000000000000592                initialization_done
                0x0000000000000594                scheduler_entry
                0x0000000000000596                scheduler_timer
                0x00000000000005a2                sched_context_switch_request
                0x00000000000005a8                sched_runqueues
                0x00000000000005c8                sched_threads
 .sm.sancus_sm_timer.data
                0x0000000000000a6c      0x102 /home/fritz/git/github/sancus-riot/examples/evaluation/bin/sancus-msp430/cpu/sm_irq.o
                0x0000000000000a6c                __sm_irq_is_in
                0x0000000000000a6e                __isr_stack
 .sm.sancus_sm_timer.data
                0x0000000000000b6e      0x102 /home/fritz/git/github/sancus-riot/examples/evaluation/bin/sancus-msp430/periph/timer.o
                0x0000000000000b70                __timer_isr_stack
 .sm.sancus_sm_timer.data
                0x0000000000000c70        0x4 /home/fritz/git/github/sancus-riot/examples/evaluation/bin/sancus-msp430/secure_mintimer/secure_mintimer_core.o
                0x0000000000000c74                . = ALIGN (0x2)
                0x0000000000000c74                __sm_sancus_sm_timer_id_sancus_sm_timer = .
                0x0000000000000c76                . = (. + 0x2)
 *fill*         0x0000000000000c74        0x2 00
                0x0000000000000d76                . = (. + 0x100)
 *fill*         0x0000000000000c76      0x100 00
                0x0000000000000d76                . = ALIGN (0x2)
                0x0000000000000d76                __sm_sancus_sm_timer_stack_init = .
                0x0000000000000d78                . = (. + 0x2)
 *fill*         0x0000000000000d76        0x2 00
                0x0000000000000d78                __sm_sancus_sm_timer_sp = .
                0x0000000000000d7a                . = (. + 0x2)
 *fill*         0x0000000000000d78        0x2 00
                0x0000000000000d7a                __sm_sancus_sm_timer_ssa_end = .
                0x0000000000000d94                . = (. + 0x1a)
 *fill*         0x0000000000000d7a       0x1a 00
                0x0000000000000d94                __sm_sancus_sm_timer_ssa_sp = .
                0x0000000000000d96                . = (. + 0x2)
 *fill*         0x0000000000000d94        0x2 00
                0x0000000000000d96                __sm_sancus_sm_timer_ssa_base = .
                0x0000000000000d96                __sm_sancus_sm_timer_pc = .
                0x0000000000000d98                . = (. + 0x2)
 *fill*         0x0000000000000d96        0x2 00
                0x0000000000000d98                __sm_sancus_sm_timer_ssa_thread_id = .
                0x0000000000000d9a                . = (. + 0x2)
 *fill*         0x0000000000000d98        0x2 00
                0x0000000000000d9a                __sm_sancus_sm_timer_ssa_caller_id = .
                0x0000000000000d9c                . = (. + 0x2)
 *fill*         0x0000000000000d9a        0x2 00
                0x0000000000000d9c                __sm_sancus_sm_timer_irq_sp = .
                0x0000000000000d9e                . = (. + 0x2)
 *fill*         0x0000000000000d9c        0x2 00
                0x0000000000000d9e                __sm_sancus_sm_timer_tmp = .
                0x0000000000000da0                . = (. + 0x2)
 *fill*         0x0000000000000d9e        0x2 00
                0x0000000000000da0                . = ALIGN (0x2)
                0x0000000000000da0                __sm_sancus_sm_timer_ssa_base_addr = .
                0x0000000000000da2                . = (. + 0x2)
 *fill*         0x0000000000000da0        0x2 00
                0x0000000000000da2                . = ALIGN (0x2)
                0x0000000000000da2                __sm_sancus_sm_timer_secret_end = .
                0x0000000000000da2                __unprotected_sp = .
                0x0000000000000da4                . = (. + 0x2)
 *fill*         0x0000000000000da2        0x2 00
 *(.bss .bss.*)
 .bss           0x0000000000000da4     0x1001 /home/fritz/git/github/sancus-riot/examples/evaluation/bin/sancus-msp430/application_hello-world/main.o
                0x0000000000000da4                threads_done
 *fill*         0x0000000000001da5        0x1 00
 .bss           0x0000000000001da6       0x86 /home/fritz/git/github/sancus-riot/examples/evaluation/bin/sancus-msp430/board/uart.o
                0x0000000000001da6                receive_cb
 .bss           0x0000000000001e2c      0x460 /home/fritz/git/github/sancus-riot/examples/evaluation/bin/sancus-msp430/core/kernel_init.o
 .bss           0x000000000000228c      0x7d4 /home/fritz/git/github/sancus-riot/examples/evaluation/bin/sancus-msp430/cpu/evaluation_helper.o
                0x000000000000228c                timing_counter
                0x000000000000228e                timing_running
                0x000000000000228f                clock_divider
                0x0000000000002290                timings
 .bss           0x0000000000002a60        0x2 /home/fritz/git/github/sancus-riot/examples/evaluation/bin/sancus-msp430/cpu/irq.o
                0x0000000000002a60                __irq_is_in
 .bss           0x0000000000002a62        0x2 /home/fritz/git/github/sancus-riot/examples/evaluation/bin/sancus-msp430/cpu/msp430-main.o
                0x0000000000002a62                __heap_end
 .bss           0x0000000000002a64       0xc0 /home/fritz/git/github/sancus-riot/examples/evaluation/bin/sancus-msp430/secure_mintimer/secure_mintimer_core.o
                0x0000000000002a64                _long_cnt
                0x0000000000002a68                _secure_mintimer_high_cnt
                0x0000000000002a6c                timer_list_head
                0x0000000000002a6e                long_list_head
                0x0000000000002a70                secure_mintimer_timer_list
 *(COMMON)
                0x0000000000002b24                . = ALIGN (0x2)
                0x0000000000002b24                PROVIDE (__bss_end, .)
                0x0000000000002924                PROVIDE (__bss_size, SIZEOF (.bss))

.data           0x0000000000002b24       0x60 load address 0x000000000000f3a4
                0x0000000000002b24                . = ALIGN (0x2)
                0x0000000000002b24                PROVIDE (__data_start, .)
 *(.data .data.* .gnu.linkonce.d.*)
 .data          0x0000000000002b24       0x46 /home/fritz/git/github/sancus-riot/examples/evaluation/bin/sancus-msp430/application_hello-world/main.o
                0x0000000000002b24                foo_description
                0x0000000000002b26                foo
                0x0000000000002b34                bar_description
                0x0000000000002b36                bar
                0x0000000000002b44                fooC_description
                0x0000000000002b46                fooC
                0x0000000000002b54                fooD_description
                0x0000000000002b56                fooE_description
                0x0000000000002b58                fooF_description
                0x0000000000002b5a                fooG_description
                0x0000000000002b5c                fooH_description
                0x0000000000002b5e                fooI_description
                0x0000000000002b60                fooJ_description
                0x0000000000002b62                fooK_description
                0x0000000000002b64                fooL_description
                0x0000000000002b66                fooM_description
                0x0000000000002b68                eval_description
 .data          0x0000000000002b6a        0x4 /home/fritz/git/github/sancus-riot/examples/evaluation/bin/sancus-msp430/core/kernel_init.o
                0x0000000000002b6a                main_name
                0x0000000000002b6c                idle_name
 .data          0x0000000000002b6e        0x2 /home/fritz/git/github/sancus-riot/examples/evaluation/bin/sancus-msp430/cpu/msp430-main.o
                0x0000000000002b6e                cur_break
 .data          0x0000000000002b70        0xe /home/fritz/git/github/sancus-riot/examples/evaluation/bin/sancus-msp430/periph/timer.o
                0x0000000000002b70                sancus_sm_timer
 *fill*         0x0000000000002b7e        0x2 00
 .data          0x0000000000002b80        0x4 /usr/local/share/sancus-compiler/lib/libsancus-host-support.a(unprotected_entry.s.o)
                0x0000000000002b84                . = ALIGN (0x2)
                0x0000000000002b84                _edata = .
                0x000000000000f3a4                PROVIDE (__data_load_start, LOADADDR (.data))
                0x0000000000000060                PROVIDE (__data_size, (_edata - __data_start))

.noinit         0x0000000000002b84        0x2 load address 0x000000000000f404
                0x0000000000002b84                PROVIDE (__noinit_start, .)
 *(.noinit .noinit.*)
 .noinit.crt0   0x0000000000002b84        0x2 /usr/lib/gcc/msp430/4.6.3/libcrt0.a(__watchdog_support.o)
                0x0000000000002b84                __wdt_clear_value
                0x0000000000002b86                . = ALIGN (0x2)
                0x0000000000002b86                PROVIDE (__noinit_end, .)
                0x0000000000002b86                . = ALIGN (0x2)
                0x0000000000002b86                _end = .

.infomem        0x0000000000000000        0x0
 *(.infomem)
                0x0000000000000000                . = ALIGN (0x2)
 *(.infomem.*)

.infomemnobits  0x0000000000000000        0x0
 *(.infomemnobits)
                0x0000000000000000                . = ALIGN (0x2)
 *(.infomemnobits.*)

.infoa
 *(.infoa .infoa.*)

.infob
 *(.infob .infob.*)

.infoc
 *(.infoc .infoc.*)

.infod
 *(.infod .infod.*)

.vectors        0x000000000000ffe0       0x20
                0x000000000000ffe0                PROVIDE (__vectors_start, .)
 *(.vectors*)
 .vectors       0x000000000000ffe0       0x20 /usr/lib/gcc/msp430/4.6.3/crt0ivtbl16.o
                0x000000000000ffe0                __ivtbl_16
                0x0000000000010000                _vectors_end = .

.fartext        0x0000000000000000        0x0
                0x0000000000000000                . = ALIGN (0x2)
 *(.fartext)
                0x0000000000000000                . = ALIGN (0x2)
 *(.fartext.*)
                0x0000000000000000                _efartext = .

.profiler
 *(.profiler)

.stab
 *(.stab)

.stabstr
 *(.stabstr)

.stab.excl
 *(.stab.excl)

.stab.exclstr
 *(.stab.exclstr)

.stab.index
 *(.stab.index)

.stab.indexstr
 *(.stab.indexstr)

.comment        0x0000000000000000       0x15
 *(.comment)
 .comment       0x0000000000000000       0x15 /home/fritz/git/github/sancus-riot/examples/evaluation/bin/sancus-msp430/cpu/startup.o
                                         0x16 (size before relaxing)
 .comment       0x0000000000000000       0x16 /home/fritz/git/github/sancus-riot/examples/evaluation/bin/sancus-msp430/cpu/startup.o
 .comment       0x0000000000000000       0x16 /home/fritz/git/github/sancus-riot/examples/evaluation/bin/sancus-msp430/cpu/startup.o
 .comment       0x0000000000000000       0x16 /home/fritz/git/github/sancus-riot/examples/evaluation/bin/sancus-msp430/application_hello-world/main.o
 .comment       0x0000000000000000       0x16 /home/fritz/git/github/sancus-riot/examples/evaluation/bin/sancus-msp430/auto_init/auto_init.o
 .comment       0x0000000000000000       0x16 /home/fritz/git/github/sancus-riot/examples/evaluation/bin/sancus-msp430/board/board_init.o
 .comment       0x0000000000000000       0x16 /home/fritz/git/github/sancus-riot/examples/evaluation/bin/sancus-msp430/board/uart.o
 .comment       0x0000000000000000       0x16 /home/fritz/git/github/sancus-riot/examples/evaluation/bin/sancus-msp430/core/panic.o
 .comment       0x0000000000000000       0x16 /home/fritz/git/github/sancus-riot/examples/evaluation/bin/sancus-msp430/core/bitarithm.o
 .comment       0x0000000000000000       0x16 /home/fritz/git/github/sancus-riot/examples/evaluation/bin/sancus-msp430/core/sched.o
 .comment       0x0000000000000000       0x16 /home/fritz/git/github/sancus-riot/examples/evaluation/bin/sancus-msp430/core/clist.o
 .comment       0x0000000000000000       0x16 /home/fritz/git/github/sancus-riot/examples/evaluation/bin/sancus-msp430/core/mutex.o
 .comment       0x0000000000000000       0x16 /home/fritz/git/github/sancus-riot/examples/evaluation/bin/sancus-msp430/core/lifo.o
 .comment       0x0000000000000000       0x16 /home/fritz/git/github/sancus-riot/examples/evaluation/bin/sancus-msp430/core/cond.o
 .comment       0x0000000000000000       0x16 /home/fritz/git/github/sancus-riot/examples/evaluation/bin/sancus-msp430/core/rmutex.o
 .comment       0x0000000000000000       0x16 /home/fritz/git/github/sancus-riot/examples/evaluation/bin/sancus-msp430/core/ringbuffer.o
 .comment       0x0000000000000000       0x16 /home/fritz/git/github/sancus-riot/examples/evaluation/bin/sancus-msp430/core/priority_queue.o
 .comment       0x0000000000000000       0x16 /home/fritz/git/github/sancus-riot/examples/evaluation/bin/sancus-msp430/core/kernel_init.o
 .comment       0x0000000000000000       0x16 /home/fritz/git/github/sancus-riot/examples/evaluation/bin/sancus-msp430/core/atomic_sync.o
 .comment       0x0000000000000000       0x16 /home/fritz/git/github/sancus-riot/examples/evaluation/bin/sancus-msp430/core/thread.o
 .comment       0x0000000000000000       0x16 /home/fritz/git/github/sancus-riot/examples/evaluation/bin/sancus-msp430/core/assert.o
 .comment       0x0000000000000000       0x16 /home/fritz/git/github/sancus-riot/examples/evaluation/bin/sancus-msp430/core/msg.o
 .comment       0x0000000000000000       0x16 /home/fritz/git/github/sancus-riot/examples/evaluation/bin/sancus-msp430/cpu/evaluation_helper.o
 .comment       0x0000000000000000       0x16 /home/fritz/git/github/sancus-riot/examples/evaluation/bin/sancus-msp430/cpu/msp430_stdio.o
 .comment       0x0000000000000000       0x16 /home/fritz/git/github/sancus-riot/examples/evaluation/bin/sancus-msp430/cpu/irq.o
 .comment       0x0000000000000000       0x16 /home/fritz/git/github/sancus-riot/examples/evaluation/bin/sancus-msp430/cpu/msp430-main.o
 .comment       0x0000000000000000       0x16 /home/fritz/git/github/sancus-riot/examples/evaluation/bin/sancus-msp430/cpu/sancus_helpers.o
 .comment       0x0000000000000000       0x16 /home/fritz/git/github/sancus-riot/examples/evaluation/bin/sancus-msp430/cpu/cpu.o
 .comment       0x0000000000000000       0x16 /home/fritz/git/github/sancus-riot/examples/evaluation/bin/sancus-msp430/cpu/mspgcc-supplement.o
 .comment       0x0000000000000000       0x16 /home/fritz/git/github/sancus-riot/examples/evaluation/bin/sancus-msp430/cpu/malloc.o
 .comment       0x0000000000000000       0x16 /home/fritz/git/github/sancus-riot/examples/evaluation/bin/sancus-msp430/cpu/sm_irq.o
 .comment       0x0000000000000000       0x16 /home/fritz/git/github/sancus-riot/examples/evaluation/bin/sancus-msp430/cpu/startup.o
 .comment       0x0000000000000000       0x16 /home/fritz/git/github/sancus-riot/examples/evaluation/bin/sancus-msp430/div/div.o
 .comment       0x0000000000000000       0x16 /home/fritz/git/github/sancus-riot/examples/evaluation/bin/sancus-msp430/oneway_malloc/oneway-malloc.o
 .comment       0x0000000000000000       0x16 /home/fritz/git/github/sancus-riot/examples/evaluation/bin/sancus-msp430/periph/timer.o
 .comment       0x0000000000000000       0x16 /home/fritz/git/github/sancus-riot/examples/evaluation/bin/sancus-msp430/secure_mintimer/secure_mintimer_core.o
 .comment       0x0000000000000000       0x16 /home/fritz/git/github/sancus-riot/examples/evaluation/bin/sancus-msp430/stdio_uart/stdio_uart.o
 .comment       0x0000000000000000       0x16 /home/fritz/git/github/sancus-riot/examples/evaluation/bin/sancus-msp430/periph_common/gpio_util.o
 .comment       0x0000000000000000       0x16 /home/fritz/git/github/sancus-riot/examples/evaluation/bin/sancus-msp430/periph_common/init.o
 .comment       0x0000000000000000       0x16 /home/fritz/git/github/sancus-riot/examples/evaluation/bin/sancus-msp430/periph_common/flashpage.o
 .comment       0x0000000000000000       0x16 /home/fritz/git/github/sancus-riot/examples/evaluation/bin/sancus-msp430/periph_common/pm.o
 .comment       0x0000000000000000       0x16 /home/fritz/git/github/sancus-riot/examples/evaluation/bin/sancus-msp430/periph_common/i2c.o
 .comment       0x0000000000000000       0x16 /home/fritz/git/github/sancus-riot/examples/evaluation/bin/sancus-msp430/periph_common/cpuid.o
 .comment       0x0000000000000000       0x16 /home/fritz/git/github/sancus-riot/examples/evaluation/bin/sancus-msp430/periph_common/spi.o
 .comment       0x0000000000000000       0x16 /home/fritz/git/github/sancus-riot/examples/evaluation/bin/sancus-msp430/periph_common/eeprom.o
 .comment       0x0000000000000000       0x16 /home/fritz/git/github/sancus-riot/examples/evaluation/bin/sancus-msp430/periph_common/rtc.o
 .comment       0x0000000000000000       0x16 /home/fritz/git/github/sancus-riot/examples/evaluation/bin/sancus-msp430/periph_common/timer.o

.debug
 *(.debug)

.line
 *(.line)

.debug_srcinfo
 *(.debug_srcinfo)

.debug_sfnames
 *(.debug_sfnames)

.debug_aranges  0x0000000000000000      0x17c
 *(.debug_aranges)
 .debug_aranges
                0x0000000000000000       0x14 /usr/lib/gcc/msp430/4.6.3/libgcc.a(_mulhi3.o)
 .debug_aranges
                0x0000000000000014       0x14 /usr/lib/gcc/msp430/4.6.3/libgcc.a(_mulsi3.o)
 .debug_aranges
                0x0000000000000028       0x14 /usr/lib/gcc/msp430/4.6.3/libgcc.a(_muldi3.o)
 .debug_aranges
                0x000000000000003c       0x14 /usr/lib/gcc/msp430/4.6.3/libgcc.a(_divmod16.o)
 .debug_aranges
                0x0000000000000050       0x14 /usr/lib/gcc/msp430/4.6.3/libgcc.a(_udivmod16.o)
 .debug_aranges
                0x0000000000000064       0x14 /usr/msp430/lib/libc.a(memcpy.o)
 .debug_aranges
                0x0000000000000078       0x14 /usr/msp430/lib/libc.a(memset.o)
 .debug_aranges
                0x000000000000008c       0x14 /usr/msp430/lib/libc.a(printf.o)
 .debug_aranges
                0x00000000000000a0       0x14 /usr/msp430/lib/libc.a(vuprintf.o)
 .debug_aranges
                0x00000000000000b4       0x14 /usr/msp430/lib/libc.a(puts.o)
 .debug_aranges
                0x00000000000000c8       0x14 /usr/lib/gcc/msp430/4.6.3/libgcc.a(_udivmod32.o)
 .debug_aranges
                0x00000000000000dc       0x14 /usr/lib/gcc/msp430/4.6.3/libgcc.a(_udivmod64.o)
 .debug_aranges
                0x00000000000000f0       0x14 /usr/lib/gcc/msp430/4.6.3/libcrt0.a(__watchdog_support.o)
 .debug_aranges
                0x0000000000000104       0x14 /usr/lib/gcc/msp430/4.6.3/libcrt0.a(__init_stack.o)
 .debug_aranges
                0x0000000000000118       0x14 /usr/lib/gcc/msp430/4.6.3/libcrt0.a(_copy_data.o)
 .debug_aranges
                0x000000000000012c       0x14 /usr/lib/gcc/msp430/4.6.3/libcrt0.a(_clear_bss.o)
 .debug_aranges
                0x0000000000000140       0x14 /usr/lib/gcc/msp430/4.6.3/libcrt0.a(_endless_loop__.o)
 .debug_aranges
                0x0000000000000154       0x14 /usr/lib/gcc/msp430/4.6.3/libcrt0.a(_unexpected_.o)
 .debug_aranges
                0x0000000000000168       0x14 /usr/lib/gcc/msp430/4.6.3/libcrt0.a(_ctors430.o)

.debug_pubnames
 *(.debug_pubnames)

.debug_info     0x0000000000000000     0x14ef
 *(.debug_info)
 .debug_info    0x0000000000000000       0xe4 /usr/lib/gcc/msp430/4.6.3/libgcc.a(_mulhi3.o)
 .debug_info    0x00000000000000e4       0xe4 /usr/lib/gcc/msp430/4.6.3/libgcc.a(_mulsi3.o)
 .debug_info    0x00000000000001c8       0xe4 /usr/lib/gcc/msp430/4.6.3/libgcc.a(_muldi3.o)
 .debug_info    0x00000000000002ac       0xe4 /usr/lib/gcc/msp430/4.6.3/libgcc.a(_divmod16.o)
 .debug_info    0x0000000000000390       0xe4 /usr/lib/gcc/msp430/4.6.3/libgcc.a(_udivmod16.o)
 .debug_info    0x0000000000000474      0x113 /usr/msp430/lib/libc.a(memcpy.o)
 .debug_info    0x0000000000000587       0xfe /usr/msp430/lib/libc.a(memset.o)
 .debug_info    0x0000000000000685      0x105 /usr/msp430/lib/libc.a(printf.o)
 .debug_info    0x000000000000078a      0x565 /usr/msp430/lib/libc.a(vuprintf.o)
 .debug_info    0x0000000000000cef       0x96 /usr/msp430/lib/libc.a(puts.o)
 .debug_info    0x0000000000000d85       0xe4 /usr/lib/gcc/msp430/4.6.3/libgcc.a(_udivmod32.o)
 .debug_info    0x0000000000000e69       0xe4 /usr/lib/gcc/msp430/4.6.3/libgcc.a(_udivmod64.o)
 .debug_info    0x0000000000000f4d       0xce /usr/lib/gcc/msp430/4.6.3/libcrt0.a(__watchdog_support.o)
 .debug_info    0x000000000000101b       0xce /usr/lib/gcc/msp430/4.6.3/libcrt0.a(__init_stack.o)
 .debug_info    0x00000000000010e9       0xce /usr/lib/gcc/msp430/4.6.3/libcrt0.a(_copy_data.o)
 .debug_info    0x00000000000011b7       0xce /usr/lib/gcc/msp430/4.6.3/libcrt0.a(_clear_bss.o)
 .debug_info    0x0000000000001285       0xce /usr/lib/gcc/msp430/4.6.3/libcrt0.a(_endless_loop__.o)
 .debug_info    0x0000000000001353       0xce /usr/lib/gcc/msp430/4.6.3/libcrt0.a(_unexpected_.o)
 .debug_info    0x0000000000001421       0xce /usr/lib/gcc/msp430/4.6.3/libcrt0.a(_ctors430.o)
 *(.gnu.linkonce.wi.*)

.debug_abbrev   0x0000000000000000      0x56a
 *(.debug_abbrev)
 .debug_abbrev  0x0000000000000000       0x14 /usr/lib/gcc/msp430/4.6.3/libgcc.a(_mulhi3.o)
 .debug_abbrev  0x0000000000000014       0x14 /usr/lib/gcc/msp430/4.6.3/libgcc.a(_mulsi3.o)
 .debug_abbrev  0x0000000000000028       0x14 /usr/lib/gcc/msp430/4.6.3/libgcc.a(_muldi3.o)
 .debug_abbrev  0x000000000000003c       0x14 /usr/lib/gcc/msp430/4.6.3/libgcc.a(_divmod16.o)
 .debug_abbrev  0x0000000000000050       0x14 /usr/lib/gcc/msp430/4.6.3/libgcc.a(_udivmod16.o)
 .debug_abbrev  0x0000000000000064       0x97 /usr/msp430/lib/libc.a(memcpy.o)
 .debug_abbrev  0x00000000000000fb       0x9c /usr/msp430/lib/libc.a(memset.o)
 .debug_abbrev  0x0000000000000197       0xd0 /usr/msp430/lib/libc.a(printf.o)
 .debug_abbrev  0x0000000000000267      0x1ef /usr/msp430/lib/libc.a(vuprintf.o)
 .debug_abbrev  0x0000000000000456       0x60 /usr/msp430/lib/libc.a(puts.o)
 .debug_abbrev  0x00000000000004b6       0x14 /usr/lib/gcc/msp430/4.6.3/libgcc.a(_udivmod32.o)
 .debug_abbrev  0x00000000000004ca       0x14 /usr/lib/gcc/msp430/4.6.3/libgcc.a(_udivmod64.o)
 .debug_abbrev  0x00000000000004de       0x14 /usr/lib/gcc/msp430/4.6.3/libcrt0.a(__watchdog_support.o)
 .debug_abbrev  0x00000000000004f2       0x14 /usr/lib/gcc/msp430/4.6.3/libcrt0.a(__init_stack.o)
 .debug_abbrev  0x0000000000000506       0x14 /usr/lib/gcc/msp430/4.6.3/libcrt0.a(_copy_data.o)
 .debug_abbrev  0x000000000000051a       0x14 /usr/lib/gcc/msp430/4.6.3/libcrt0.a(_clear_bss.o)
 .debug_abbrev  0x000000000000052e       0x14 /usr/lib/gcc/msp430/4.6.3/libcrt0.a(_endless_loop__.o)
 .debug_abbrev  0x0000000000000542       0x14 /usr/lib/gcc/msp430/4.6.3/libcrt0.a(_unexpected_.o)
 .debug_abbrev  0x0000000000000556       0x14 /usr/lib/gcc/msp430/4.6.3/libcrt0.a(_ctors430.o)

.debug_line     0x0000000000000000      0xe5c
 *(.debug_line)
 .debug_line    0x0000000000000000       0xa4 /usr/lib/gcc/msp430/4.6.3/libgcc.a(_mulhi3.o)
 .debug_line    0x00000000000000a4       0xae /usr/lib/gcc/msp430/4.6.3/libgcc.a(_mulsi3.o)
 .debug_line    0x0000000000000152       0xce /usr/lib/gcc/msp430/4.6.3/libgcc.a(_muldi3.o)
 .debug_line    0x0000000000000220       0xb2 /usr/lib/gcc/msp430/4.6.3/libgcc.a(_divmod16.o)
 .debug_line    0x00000000000002d2       0xa7 /usr/lib/gcc/msp430/4.6.3/libgcc.a(_udivmod16.o)
 .debug_line    0x0000000000000379       0xe9 /usr/msp430/lib/libc.a(memcpy.o)
 .debug_line    0x0000000000000462       0xc8 /usr/msp430/lib/libc.a(memset.o)
 .debug_line    0x000000000000052a       0x72 /usr/msp430/lib/libc.a(printf.o)
 .debug_line    0x000000000000059c      0x2d2 /usr/msp430/lib/libc.a(vuprintf.o)
 .debug_line    0x000000000000086e       0x4d /usr/msp430/lib/libc.a(puts.o)
 .debug_line    0x00000000000008bb       0xb6 /usr/lib/gcc/msp430/4.6.3/libgcc.a(_udivmod32.o)
 .debug_line    0x0000000000000971       0xfc /usr/lib/gcc/msp430/4.6.3/libgcc.a(_udivmod64.o)
 .debug_line    0x0000000000000a6d       0x8f /usr/lib/gcc/msp430/4.6.3/libcrt0.a(__watchdog_support.o)
 .debug_line    0x0000000000000afc       0x8d /usr/lib/gcc/msp430/4.6.3/libcrt0.a(__init_stack.o)
 .debug_line    0x0000000000000b89       0x93 /usr/lib/gcc/msp430/4.6.3/libcrt0.a(_copy_data.o)
 .debug_line    0x0000000000000c1c       0x93 /usr/lib/gcc/msp430/4.6.3/libcrt0.a(_clear_bss.o)
 .debug_line    0x0000000000000caf       0x8e /usr/lib/gcc/msp430/4.6.3/libcrt0.a(_endless_loop__.o)
 .debug_line    0x0000000000000d3d       0x8d /usr/lib/gcc/msp430/4.6.3/libcrt0.a(_unexpected_.o)
 .debug_line    0x0000000000000dca       0x92 /usr/lib/gcc/msp430/4.6.3/libcrt0.a(_ctors430.o)

.debug_frame    0x0000000000000000      0x168
 *(.debug_frame)
 .debug_frame   0x0000000000000000       0x38 /usr/msp430/lib/libc.a(memcpy.o)
 .debug_frame   0x0000000000000038       0x32 /usr/msp430/lib/libc.a(memset.o)
 .debug_frame   0x000000000000006a       0x2a /usr/msp430/lib/libc.a(printf.o)
 .debug_frame   0x0000000000000094       0xb0 /usr/msp430/lib/libc.a(vuprintf.o)
 .debug_frame   0x0000000000000144       0x24 /usr/msp430/lib/libc.a(puts.o)

.debug_str      0x0000000000000000      0x385
 *(.debug_str)
 .debug_str     0x0000000000000000       0xe9 /usr/msp430/lib/libc.a(memcpy.o)
                                        0x122 (size before relaxing)
 .debug_str     0x00000000000000e9       0x26 /usr/msp430/lib/libc.a(memset.o)
                                        0x120 (size before relaxing)
 .debug_str     0x000000000000010f       0x40 /usr/msp430/lib/libc.a(printf.o)
                                        0x136 (size before relaxing)
 .debug_str     0x000000000000014f      0x221 /usr/msp430/lib/libc.a(vuprintf.o)
                                        0x381 (size before relaxing)
 .debug_str     0x0000000000000370       0x15 /usr/msp430/lib/libc.a(puts.o)
                                         0xfc (size before relaxing)

.debug_loc      0x0000000000000000      0xa2e
 *(.debug_loc)
 .debug_loc     0x0000000000000000      0x1f0 /usr/msp430/lib/libc.a(memcpy.o)
 .debug_loc     0x00000000000001f0       0xdb /usr/msp430/lib/libc.a(memset.o)
 .debug_loc     0x00000000000002cb       0x38 /usr/msp430/lib/libc.a(printf.o)
 .debug_loc     0x0000000000000303      0x705 /usr/msp430/lib/libc.a(vuprintf.o)
 .debug_loc     0x0000000000000a08       0x26 /usr/msp430/lib/libc.a(puts.o)

.debug_macinfo
 *(.debug_macinfo)

.debug_pubtypes
 *(.debug_pubtypes)

.debug_ranges   0x0000000000000000       0x18
 *(.debug_ranges)
 .debug_ranges  0x0000000000000000       0x18 /usr/msp430/lib/libc.a(vuprintf.o)
                0x0000000000004200                PROVIDE (__stack, (ORIGIN (ram) + 0x4000))
                0x000000000000ca80                PROVIDE (__data_start_rom, _etext)
                0x000000000000cae0                PROVIDE (__data_end_rom, (_etext + SIZEOF (.data)))
                0x0000000000000000                __sm_foo_entry_foo_greet_idx = 0x0
                0x0000000000000001                __sm_foo_entry_foo_init_idx = 0x1
                0x0000000000000002                __sm_foo_nentries = 0x2
                0x0000000000000000                __sm_foo_num_connections = 0x0
                0x0000000000000000                __sm_foo_num_inputs = 0x0
                0x0000000000000000                __sm_bar_entry_bar_greet_idx = 0x0
                0x0000000000000001                __sm_bar_entry_bar_init_idx = 0x1
                0x0000000000000002                __sm_bar_nentries = 0x2
                0x0000000000000000                __sm_bar_num_connections = 0x0
                0x0000000000000000                __sm_bar_num_inputs = 0x0
                0x0000000000000000                __sm_fooC_entry_fooC_greet_idx = 0x0
                0x0000000000000001                __sm_fooC_entry_fooC_init_idx = 0x1
                0x0000000000000002                __sm_fooC_nentries = 0x2
                0x0000000000000000                __sm_fooC_num_connections = 0x0
                0x0000000000000000                __sm_fooC_num_inputs = 0x0
                0x0000000000000000                __sm_sancus_sm_timer_entry__secure_mintimer_now_idx = 0x0
                0x0000000000000001                __sm_sancus_sm_timer_entry__secure_mintimer_now64_idx = 0x1
                0x0000000000000002                __sm_sancus_sm_timer_entry_exitless_entry_idx = 0x2
                0x0000000000000003                __sm_sancus_sm_timer_entry_sched_run_idx = 0x3
                0x0000000000000004                __sm_sancus_sm_timer_entry_sched_set_own_status_idx = 0x4
                0x0000000000000005                __sm_sancus_sm_timer_entry_sched_shut_down_idx = 0x5
                0x0000000000000006                __sm_sancus_sm_timer_entry_sm_timer_read_idx = 0x6
                0x0000000000000007                __sm_sancus_sm_timer_entry_thread_change_to_periodical_idx = 0x7
                0x0000000000000008                __sm_sancus_sm_timer_entry_thread_create_protected_in_scheduler_idx = 0x8